Archive member included because of file (symbol)

contiki-sky.a(rimeaddr.o)     sky-collect.co (rimeaddr_null)
contiki-sky.a(rime.o)         sky-collect.co (rime_mac)
contiki-sky.a(rimestats.o)    sky-collect.co (rimestats)
contiki-sky.a(announcement.o)
                              contiki-sky.a(rime.o) (announcement_init)
contiki-sky.a(broadcast-annou)
                              contiki-sky.a(rime.o) (broadcast_announcement_init)
contiki-sky.a(broadcast.o)    contiki-sky.a(broadcast-annou) (broadcast_open)
contiki-sky.a(abc.o)          contiki-sky.a(broadcast.o) (abc_open)
contiki-sky.a(collect.o)      sky-collect.co (collect_open)
contiki-sky.a(collect-neighbo)
                              contiki-sky.a(collect.o) (collect_neighbor_init)
contiki-sky.a(collect-link-es)
                              contiki-sky.a(collect-neighbo) (collect_link_estimate_new)
contiki-sky.a(chameleon.o)    contiki-sky.a(rime.o) (chameleon_init)
contiki-sky.a(channel.o)      contiki-sky.a(chameleon.o) (channel_init)
contiki-sky.a(chameleon-bitop)
                              contiki-sky.a(chameleon.o) (chameleon_bitopt)
contiki-sky.a(csma.o)         obj_sky/contiki-sky-main.o (csma_driver)
contiki-sky.a(contikimac.o)   obj_sky/contiki-sky-main.o (contikimac_driver)
contiki-sky.a(phase.o)        contiki-sky.a(contikimac.o) (phase_remove)
contiki-sky.a(process.o)      obj_sky/contiki-sky-main.o (process_start)
contiki-sky.a(autostart.o)    obj_sky/contiki-sky-main.o (autostart_start)
contiki-sky.a(compower.o)     contiki-sky.a(contikimac.o) (compower_idle_activity)
contiki-sky.a(serial-line.o)  obj_sky/contiki-sky-main.o (serial_line_input_byte)
contiki-sky.a(memb.o)         contiki-sky.a(collect-neighbo) (memb_init)
contiki-sky.a(timer.o)        obj_sky/contiki-sky-main.o (timer_set)
contiki-sky.a(list.o)         contiki-sky.a(announcement.o) (list_init)
contiki-sky.a(etimer.o)       obj_sky/contiki-sky-main.o (etimer_process)
contiki-sky.a(ctimer.o)       obj_sky/contiki-sky-main.o (ctimer_init)
contiki-sky.a(energest.o)     obj_sky/contiki-sky-main.o (energest_init)
contiki-sky.a(rtimer.o)       obj_sky/contiki-sky-main.o (rtimer_init)
contiki-sky.a(random.o)       obj_sky/contiki-sky-main.o (random_init)
contiki-sky.a(ringbuf.o)      contiki-sky.a(serial-line.o) (ringbuf_init)
contiki-sky.a(packetbuf.o)    sky-collect.co (packetbuf_clear)
contiki-sky.a(queuebuf.o)     contiki-sky.a(rime.o) (queuebuf_init)
contiki-sky.a(packetqueue.o)  contiki-sky.a(collect.o) (packetqueue_enqueue_packetbuf)
contiki-sky.a(contiki-sky-pla)
                              obj_sky/contiki-sky-main.o (init_platform)
contiki-sky.a(sht11-sensor.o)
                              sky-collect.co (sht11_sensor)
contiki-sky.a(light-sensor.o)
                              sky-collect.co (light_sensor)
contiki-sky.a(button-sensor.o)
                              sky-collect.co (button_sensor)
contiki-sky.a(ds2411.o)       obj_sky/contiki-sky-main.o (ds2411_init)
contiki-sky.a(xmem.o)         obj_sky/contiki-sky-main.o (xmem_init)
contiki-sky.a(node-id.o)      obj_sky/contiki-sky-main.o (node_id)
contiki-sky.a(sensors.o)      contiki-sky.a(contiki-sky-pla) (sensors_process)
contiki-sky.a(cc2420.o)       contiki-sky.a(contikimac.o) (cc2420_driver)
contiki-sky.a(cc2420-arch.o)  contiki-sky.a(cc2420.o) (cc2420_arch_init)
contiki-sky.a(sky-sensors.o)  contiki-sky.a(light-sensor.o) (sky_sensors_status)
contiki-sky.a(uart1.o)        obj_sky/contiki-sky-main.o (uart1_active)
contiki-sky.a(uart1-putchar.o)
                              sky-collect.co (putchar)
contiki-sky.a(msp430.o)       contiki-sky.a(broadcast-annou) (w_memcpy)
contiki-sky.a(clock.o)        contiki-sky.a(collect.o) (clock_time)
contiki-sky.a(leds.o)         obj_sky/contiki-sky-main.o (leds_init)
contiki-sky.a(leds-arch.o)    contiki-sky.a(leds.o) (leds_arch_init)
contiki-sky.a(watchdog.o)     contiki-sky.a(msp430.o) (watchdog_init)
contiki-sky.a(rtimer-arch.o)  sky-collect.co (rtimer_arch_now)
contiki-sky.a(unicast.o)      contiki-sky.a(collect.o) (unicast_open)
contiki-sky.a(mac.o)          contiki-sky.a(csma.o) (mac_call_sent_callback)
contiki-sky.a(framer-802154.o)
                              contiki-sky.a(contikimac.o) (framer_802154)
contiki-sky.a(sht11.o)        contiki-sky.a(sht11-sensor.o) (sht11_init)
contiki-sky.a(spi.o)          contiki-sky.a(xmem.o) (spi_init)
contiki-sky.a(frame802154.o)  contiki-sky.a(framer-802154.o) (frame802154_hdrlen)
/usr/lib/gcc-lib/msp430/3.2.3/msp2/libgcc.a(__stop_progExec__.o)
                              obj_sky/contiki-sky-main.o (__stop_progExec__)
/usr/lib/gcc-lib/msp430/3.2.3/msp2/libgcc.a(_mulsi3hw.o)
                              contiki-sky.a(collect.o) (__umulsi3hw)
/usr/lib/gcc-lib/msp430/3.2.3/msp2/libgcc.a(_udivmodhi4.o)
                              obj_sky/contiki-sky-main.o (__udivmodhi4)
/usr/lib/gcc-lib/msp430/3.2.3/msp2/libgcc.a(_divmodhi4.o)
                              sky-collect.co (__divmodhi4)
/usr/lib/gcc-lib/msp430/3.2.3/msp2/libgcc.a(_udivmodsi4.o)
                              contiki-sky.a(broadcast-annou) (__udivmodsi4)
/usr/lib/gcc-lib/msp430/3.2.3/msp2/libgcc.a(_reset_vector__.o)
                              /usr/lib/gcc-lib/msp430/3.2.3/../../../../msp430/lib/crt430x1611.o (_reset_vector__)
/usr/lib/gcc-lib/msp430/3.2.3/msp2/libgcc.a(__low_level_init.o)
                              /usr/lib/gcc-lib/msp430/3.2.3/msp2/libgcc.a(_reset_vector__.o) (__low_level_init)
/usr/lib/gcc-lib/msp430/3.2.3/msp2/libgcc.a(__init_stack.o)
                              /usr/lib/gcc-lib/msp430/3.2.3/msp2/libgcc.a(_reset_vector__.o) (__init_stack)
/usr/lib/gcc-lib/msp430/3.2.3/msp2/libgcc.a(_copy_data.o)
                              /usr/lib/gcc-lib/msp430/3.2.3/msp2/libgcc.a(_reset_vector__.o) (__do_copy_data)
/usr/lib/gcc-lib/msp430/3.2.3/msp2/libgcc.a(_clear_bss.o)
                              /usr/lib/gcc-lib/msp430/3.2.3/msp2/libgcc.a(_reset_vector__.o) (__do_clear_bss)
/usr/lib/gcc-lib/msp430/3.2.3/msp2/libgcc.a(__jump_to_main.o)
                              /usr/lib/gcc-lib/msp430/3.2.3/msp2/libgcc.a(_reset_vector__.o) (__jump_to_main)
/usr/lib/gcc-lib/msp430/3.2.3/../../../../msp430/lib/msp2/libc.a(printf.o)
                              sky-collect.co (printf)
/usr/lib/gcc-lib/msp430/3.2.3/../../../../msp430/lib/msp2/libc.a(vuprintf.o)
                              /usr/lib/gcc-lib/msp430/3.2.3/../../../../msp430/lib/msp2/libc.a(printf.o) (vuprintf)
/usr/lib/gcc-lib/msp430/3.2.3/../../../../msp430/lib/msp2/libc.a(puts.o)
                              obj_sky/contiki-sky-main.o (puts)
/usr/lib/gcc-lib/msp430/3.2.3/../../../../msp430/lib/msp2/libc.a(rand.o)
                              contiki-sky.a(random.o) (rand)
/usr/lib/gcc-lib/msp430/3.2.3/../../../../msp430/lib/msp2/libc.a(memchr.o)
                              /usr/lib/gcc-lib/msp430/3.2.3/../../../../msp430/lib/msp2/libc.a(vuprintf.o) (memchr)
/usr/lib/gcc-lib/msp430/3.2.3/../../../../msp430/lib/msp2/libc.a(strncmp.o)
                              contiki-sky.a(sensors.o) (strncmp)

Allocating common symbols
Common symbol       size              file

compower_idle_activity
                    0x8               contiki-sky.a(compower.o)
energest_total_time
                    0x30              contiki-sky.a(energest.o)
cc2420_last_rssi    0x1               contiki-sky.a(cc2420.o)
cc2420_packets_read
                    0x2               contiki-sky.a(cc2420.o)
cc2420_packets_seen
                    0x2               contiki-sky.a(cc2420.o)
energest_total_count
                    0x2               contiki-sky.a(energest.o)
cc2420_sfd_start_time
                    0x2               contiki-sky.a(cc2420.o)
cc2420_time_of_departure
                    0x2               contiki-sky.a(cc2420.o)
cc2420_time_of_arrival
                    0x2               contiki-sky.a(cc2420.o)
rimestats           0x48              contiki-sky.a(rimestats.o)
energest_current_mode
                    0xc               contiki-sky.a(energest.o)
packetbuf_addrs     0x8               contiki-sky.a(packetbuf.o)
rimeaddr_node_addr  0x2               contiki-sky.a(rimeaddr.o)
process_maxevents   0x1               contiki-sky.a(process.o)
cc2420_last_correlation
                    0x1               contiki-sky.a(cc2420.o)
cc2420_authority_level_of_sender
                    0x2               contiki-sky.a(cc2420.o)
packetbuf_attrs     0x30              contiki-sky.a(packetbuf.o)
msp430_dco_required
                    0x2               contiki-sky.a(msp430.o)
cc2420_sfd_counter  0x1               contiki-sky.a(cc2420.o)
rime_mac            0x2               contiki-sky.a(rime.o)
stats               0x38              contiki-sky.a(collect.o)
energest_current_time
                    0x18              contiki-sky.a(energest.o)
sensors_flags       0x2               contiki-sky.a(contiki-sky-pla)
serial_line_event_message
                    0x1               contiki-sky.a(serial-line.o)
cc2420_sfd_end_time
                    0x2               contiki-sky.a(cc2420.o)
sensors_event       0x1               contiki-sky.a(sensors.o)
ds2411_id           0x8               contiki-sky.a(ds2411.o)

Memory Configuration

Name             Origin             Length             Attributes
text             0x00004000         0x0000bfe0         xr
data             0x00001100         0x00002800         xrw
vectors          0x0000ffe0         0x00000020         rw
bootloader       0x00000c00         0x00000400         xr
infomem          0x00001000         0x00000100         xr
infomemnobits    0x00001000         0x00000100         xr
*default*        0x00000000         0xffffffff

Linker script and memory map

LOAD /usr/lib/gcc-lib/msp430/3.2.3/../../../../msp430/lib/crt430x1611.o
LOAD sky-collect.co
LOAD obj_sky/contiki-sky-main.o
LOAD contiki-sky.a
LOAD /usr/lib/gcc-lib/msp430/3.2.3/msp2/libgcc.a
LOAD /usr/lib/gcc-lib/msp430/3.2.3/../../../../msp430/lib/msp2/libc.a
LOAD /usr/lib/gcc-lib/msp430/3.2.3/msp2/libgcc.a

.hash
 *(.hash)

.dynsym
 *(.dynsym)

.dynstr
 *(.dynstr)

.gnu.version
 *(.gnu.version)

.gnu.version_d
 *(.gnu.version_d)

.gnu.version_r
 *(.gnu.version_r)

.rel.init
 *(.rel.init)

.rela.init
 *(.rela.init)

.rel.text
 *(.rel.text)
 *(.rel.text.*)
 *(.rel.gnu.linkonce.t*)

.rela.text
 *(.rela.text)
 *(.rela.text.*)
 *(.rela.gnu.linkonce.t*)

.rel.fini
 *(.rel.fini)

.rela.fini
 *(.rela.fini)

.rel.rodata
 *(.rel.rodata)
 *(.rel.rodata.*)
 *(.rel.gnu.linkonce.r*)

.rela.rodata
 *(.rela.rodata)
 *(.rela.rodata.*)
 *(.rela.gnu.linkonce.r*)

.rel.data
 *(.rel.data)
 *(.rel.data.*)
 *(.rel.gnu.linkonce.d*)

.rela.data
 *(.rela.data)
 *(.rela.data.*)
 *(.rela.gnu.linkonce.d*)

.rel.ctors
 *(.rel.ctors)

.rela.ctors
 *(.rela.ctors)

.rel.dtors
 *(.rel.dtors)

.rela.dtors
 *(.rela.dtors)

.rel.got
 *(.rel.got)

.rela.got
 *(.rela.got)

.rel.bss
 *(.rel.bss)

.rela.bss
 *(.rela.bss)

.rel.plt
 *(.rel.plt)

.rela.plt
 *(.rela.plt)

.text           0x00004000     0x747c
                0x00004000                . = ALIGN (0x2)
 *(.init)
 *(.init)
 *(.init0)
 .init0         0x00004000        0x0 /usr/lib/gcc-lib/msp430/3.2.3/msp2/libgcc.a(_reset_vector__.o)
                0x00004000                _reset_vector__
 *(.init0)
 *(.init1)
 *(.init1)
 *(.init2)
 .init2         0x00004000        0x4 /usr/lib/gcc-lib/msp430/3.2.3/msp2/libgcc.a(__init_stack.o)
                0x00004000                __init_stack
 *(.init2)
 *(.init3)
 .init3         0x00004004        0x6 /usr/lib/gcc-lib/msp430/3.2.3/msp2/libgcc.a(__low_level_init.o)
                0x00004004                __low_level_init
 *(.init3)
 *(.init4)
 .init4         0x0000400a       0x12 /usr/lib/gcc-lib/msp430/3.2.3/msp2/libgcc.a(_copy_data.o)
                0x0000400a                __do_copy_data
 .init4         0x0000401c       0x10 /usr/lib/gcc-lib/msp430/3.2.3/msp2/libgcc.a(_clear_bss.o)
                0x0000401c                __do_clear_bss
 *(.init4)
 *(.init5)
 *(.init5)
 *(.init6)
 *(.init6)
 *(.init7)
 *(.init7)
 *(.init8)
 *(.init8)
 *(.init9)
 .init9         0x0000402c        0x4 /usr/lib/gcc-lib/msp430/3.2.3/msp2/libgcc.a(__jump_to_main.o)
                0x0000402c                __jump_to_main
 *(.init9)
                0x00004030                __ctors_start = .
 *(.ctors)
 *(.ctors)
                0x00004030                __ctors_end = .
                0x00004030                __dtors_start = .
 *(.dtors)
 *(.dtors)
                0x00004030                __dtors_end = .
                0x00004030                . = ALIGN (0x2)
 *(.text)
 .text          0x00004030        0x6 /usr/lib/gcc-lib/msp430/3.2.3/../../../../msp430/lib/crt430x1611.o
                0x00004030                _unexpected_1_
                0x00004030                vector_ffe0
                0x00004030                vector_fff0
                0x00004030                vector_fffc
                0x00004030                vector_ffe4
                0x00004034                _unexpected_
                0x00004030                vector_fffa
                0x00004030                vector_ffee
                0x00004030                vector_fff8
                0x00004030                vector_fff2
                0x00004030                vector_fff6
 .text          0x00004036      0x55e sky-collect.co
                0x0000405c                autostart_processes
 .text          0x00004594      0x3f0 obj_sky/contiki-sky-main.o
                0x00004710                main
                0x00004594                uip_log
 .text          0x00004984       0x42 contiki-sky.a(rimeaddr.o)
                0x000049ba                rimeaddr_set_node_addr
                0x00004984                rimeaddr_null
                0x00004986                rimeaddr_copy
                0x00004994                rimeaddr_cmp
 .text          0x000049c6      0x11a contiki-sky.a(rime.o)
                0x00004ada                rime_driver
                0x000049c6                rime_sniffer_add
                0x000049d2                rime_sniffer_remove
                0x00004aa8                rime_output
 .text          0x00004ae0        0x0 contiki-sky.a(rimestats.o)
 .text          0x00004ae0      0x12a contiki-sky.a(announcement.o)
                0x00004b58                announcement_set_value
                0x00004aea                announcement_register
                0x00004b36                announcement_remove_value
                0x00004bc6                announcement_heard
                0x00004bb6                announcement_register_observer_callback
                0x00004bb0                announcement_register_listen_callback
                0x00004ba2                announcement_listen
                0x00004b80                announcement_bump
                0x00004ae0                announcement_init
                0x00004bbc                announcement_list
                0x00004b2a                announcement_remove
 .text          0x00004c0a      0x254 contiki-sky.a(broadcast-annou)
                0x00004e54                broadcast_announcement_beacon_interval
                0x00004e3a                broadcast_announcement_stop
                0x00004dda                broadcast_announcement_init
 .text          0x00004e5e       0x8a contiki-sky.a(broadcast.o)
                0x00004e9e                broadcast_open
                0x00004ec8                broadcast_close
                0x00004ece                broadcast_send
 .text          0x00004ee8       0x54 contiki-sky.a(abc.o)
                0x00004f16                abc_send
                0x00004f1c                abc_input
                0x00004eea                abc_open
                0x00004f24                abc_sent
                0x00004f10                abc_close
 .text          0x00004f3c      0xe2e contiki-sky.a(collect.o)
                0x00005d68                collect_print_stats
                0x000059b8                collect_open
                0x00005d34                collect_purge
                0x00005d28                collect_depth
                0x00005d2e                collect_parent
                0x00005b3a                collect_set_keepalive
                0x00005c08                collect_send
                0x00005b48                collect_close
                0x00005b7a                collect_set_sink
 .text          0x00005d6a      0x37e contiki-sky.a(collect-neighbo)
                0x000060aa                collect_neighbor_rtmetric_link_estimate
                0x00005f58                collect_neighbor_list_remove
                0x00005e0a                collect_neighbor_init
                0x00006034                collect_neighbor_tx_fail
                0x0000606c                collect_neighbor_rx
                0x00005f82                collect_neighbor_list_best
                0x00005fd4                collect_neighbor_list_get
                0x00006050                collect_neighbor_tx
                0x000060d4                collect_neighbor_is_congested
                0x000060c4                collect_neighbor_set_congested
                0x00006080                collect_neighbor_link_estimate
                0x00005fca                collect_neighbor_list_num
                0x00005f52                collect_neighbor_list
                0x00005ffe                collect_neighbor_list_purge
                0x00005e8c                collect_neighbor_list_add
                0x00006026                collect_neighbor_update_rtmetric
                0x00005e52                collect_neighbor_list_find
                0x00005e20                collect_neighbor_list_new
                0x000060be                collect_neighbor_rtmetric
 .text          0x000060e8       0xd2 contiki-sky.a(collect-link-es)
                0x000060e8                collect_link_estimate_new
                0x00006188                collect_link_estimate_update_tx_fail
                0x000061ac                collect_link_estimate_num_estimates
                0x0000619c                collect_link_estimate
                0x000060f6                collect_link_estimate_update_tx
                0x0000619a                collect_link_estimate_update_rx
 .text          0x000061ba       0x38 contiki-sky.a(chameleon.o)
                0x000061ec                chameleon_hdrsize
                0x000061ba                chameleon_init
                0x000061d0                chameleon_create
                0x000061c0                chameleon_parse
 .text          0x000061f2       0x6e contiki-sky.a(channel.o)
                0x0000623c                channel_lookup
                0x000061fc                channel_set_attributes
                0x000061f2                channel_init
                0x00006220                channel_open
                0x00006230                channel_close
 .text          0x00006260      0x44e contiki-sky.a(chameleon-bitop)
                0x00006646                get_bits_in_byte
                0x00006378                set_bits
                0x0000667e                set_bits_in_byte
                0x00006640                chameleon_bitopt
                0x0000626a                get_bits
 .text          0x000066ae      0x2b0 contiki-sky.a(csma.o)
                0x00006950                csma_driver
 .text          0x0000695e      0x764 contiki-sky.a(contikimac.o)
                0x000070be                contikimac_debug_print
                0x000070b0                contikimac_driver
 .text          0x000070c2      0x276 contiki-sky.a(phase.o)
                0x000070fe                phase_remove
                0x00007318                phase_init
                0x000070c2                find_neighbor
                0x00007128                phase_update
                0x00007214                phase_wait
 .text          0x00007338      0x2f0 contiki-sky.a(process.o)
                0x0000759a                process_post
                0x0000758c                process_nevents
                0x00007342                process_start
                0x000075ee                process_post_synch
                0x00007600                process_poll
                0x00007338                process_alloc_event
                0x0000746c                process_exit
                0x0000761a                process_is_running
                0x00007476                process_init
                0x00007570                process_run
 .text          0x00007628       0x5e contiki-sky.a(autostart.o)
                0x00007658                autostart_exit
                0x00007628                autostart_start
 .text          0x00007686       0x9a contiki-sky.a(compower.o)
                0x00007690                compower_accumulate
                0x00007702                compower_accumulate_attrs
                0x000076f6                compower_attrconv
                0x00007686                compower_init
                0x000076e4                compower_clear
 .text          0x00007720      0x130 contiki-sky.a(serial-line.o)
                0x0000772e                serial_line_input_byte
                0x00007834                serial_line_init
 .text          0x00007850       0xfc contiki-sky.a(memb.o)
                0x0000788c                memb_alloc
                0x000078ce                memb_free
                0x00007850                memb_init
                0x00007910                memb_inmemb
 .text          0x0000794c       0x90 contiki-sky.a(timer.o)
                0x0000798a                timer_expired
                0x000079b8                timer_remaining
                0x0000794c                timer_set
                0x00007976                timer_restart
                0x00007968                timer_reset
 .text          0x000079dc      0x10a contiki-sky.a(list.o)
                0x000079e6                list_copy
                0x00007a32                list_push
                0x00007a78                list_pop
                0x00007a08                list_add
                0x00007ab0                list_length
                0x000079ee                list_tail
                0x000079e2                list_head
                0x00007ac4                list_insert
                0x00007a4c                list_chop
                0x00007ada                list_item_next
                0x000079dc                list_init
                0x00007a86                list_remove
 .text          0x00007ae6      0x2be contiki-sky.a(etimer.o)
                0x00007d38                etimer_pending
                0x00007cd4                etimer_reset
                0x00007cb8                etimer_set
                0x00007cf8                etimer_adjust
                0x00007ce6                etimer_restart
                0x00007d32                etimer_start_time
                0x00007d44                etimer_next_expiration_time
                0x00007c74                etimer_request_poll
                0x00007d1e                etimer_expiration_time
                0x00007d5c                etimer_stop
                0x00007d10                etimer_expired
 .text          0x00007da4      0x220 contiki-sky.a(ctimer.o)
                0x00007e88                ctimer_set
                0x00007f2e                ctimer_restart
                0x00007ef4                ctimer_reset
                0x00007e70                ctimer_init
                0x00007f90                ctimer_expired
                0x00007f68                ctimer_stop
 .text          0x00007fc4       0xc8 contiki-sky.a(energest.o)
                0x00008036                energest_type_set
                0x00008030                energest_leveldevice_leveltime
                0x00008044                energest_flush
                0x00007fc4                energest_init
                0x00007fea                energest_type_time
 .text          0x0000808c       0x60 contiki-sky.a(rtimer.o)
                0x000080c4                rtimer_run_next
                0x00008092                rtimer_set
                0x0000808c                rtimer_init
 .text          0x000080ec        0xc contiki-sky.a(random.o)
                0x000080f2                random_rand
                0x000080ec                random_init
 .text          0x000080f8       0xa4 contiki-sky.a(ringbuf.o)
                0x000080f8                ringbuf_init
                0x00008188                ringbuf_elements
                0x0000810c                ringbuf_put
                0x0000814a                ringbuf_get
                0x00008180                ringbuf_size
 .text          0x0000819c      0x272 contiki-sky.a(packetbuf.o)
                0x0000827e                packetbuf_copyto
                0x0000835a                packetbuf_is_reference
                0x000083cc                packetbuf_attr_copyto
                0x000081c4                packetbuf_copyfrom
                0x00008302                packetbuf_hdr_remove
                0x00008322                packetbuf_set_datalen
                0x00008376                packetbuf_datalen
                0x000083ec                packetbuf_attr_copyfrom
                0x00008370                packetbuf_reference_ptr
                0x000081bc                packetbuf_clear_hdr
                0x00008254                packetbuf_copyto_hdr
                0x00008388                packetbuf_totlen
                0x00008340                packetbuf_reference
                0x000082dc                packetbuf_hdralloc
                0x0000837c                packetbuf_hdrlen
                0x00008336                packetbuf_hdrptr
                0x00008308                packetbuf_hdrreduce
                0x00008328                packetbuf_dataptr
                0x000081f2                packetbuf_compact
                0x0000819c                packetbuf_clear
                0x0000839c                packetbuf_attr_clear
 .text          0x0000840e      0x18c contiki-sky.a(queuebuf.o)
                0x00008576                queuebuf_addr
                0x00008540                queuebuf_dataptr
                0x00008572                queuebuf_datalen
                0x0000849c                queuebuf_free
                0x0000840e                queuebuf_init
                0x00008598                queuebuf_debug_print
                0x00008588                queuebuf_attr
                0x00008420                queuebuf_new_from_packetbuf
                0x00008488                queuebuf_update_attr_from_packetbuf
                0x000084d4                queuebuf_to_packetbuf
 .text          0x0000859a      0x138 contiki-sky.a(packetqueue.o)
                0x0000866c                packetqueue_dequeue
                0x000086ac                packetqueue_len
                0x000086b6                packetqueue_queuebuf
                0x00008662                packetqueue_first
                0x0000859a                packetqueue_init
                0x000085e8                packetqueue_enqueue_packetbuf
                0x000086c4                packetqueue_ptr
 .text          0x000086d2        0xc contiki-sky.a(contiki-sky-pla)
                0x000086d2                init_platform
 .text          0x000086de       0xa0 contiki-sky.a(sht11-sensor.o)
                0x00008776                sht11_sensor
 .text          0x0000877e       0x42 contiki-sky.a(light-sensor.o)
                0x000087b8                light_sensor
 .text          0x000087c0      0x116 contiki-sky.a(button-sensor.o)
                0x000087c0                irq_p2
                0x000087c0                vector_ffe2
                0x000088ce                button_sensor
 .text          0x000088d6      0x1b8 contiki-sky.a(ds2411.o)
                0x000089e4                ds2411_init
 .text          0x00008a8e      0x390 contiki-sky.a(xmem.o)
                0x00008bb2                xmem_pread
                0x00008d16                xmem_pwrite
                0x00008b76                xmem_init
                0x00008dbe                xmem_erase
 .text          0x00008e1e       0x6e contiki-sky.a(node-id.o)
                0x00008e56                node_id_burn
                0x00008e1e                node_id_restore
 .text          0x00008e8c      0x1a2 contiki-sky.a(sensors.o)
                0x00008ede                sensors_find
                0x00008eb8                sensors_first
                0x00008ebe                sensors_next
                0x00008eca                sensors_changed
 .text          0x0000902e      0xa70 contiki-sky.a(cc2420.o)
                0x000092f0                cc2420_init
                0x000096b6                cc2420_set_pan_addr
                0x0000903c                cc2420_driver
                0x000099d2                cc2420_cca_valid
                0x000097e4                cc2420_interrupt
                0x00009642                cc2420_set_channel
                0x00009946                cc2420_set_txpower
                0x00009954                cc2420_get_txpower
                0x00009a86                cc2420_set_cca_threshold
                0x0000963c                cc2420_get_channel
                0x0000961a                cc2420_on
                0x000095e8                cc2420_off
                0x00009972                cc2420_rssi
 .text          0x00009a9e       0x64 contiki-sky.a(cc2420-arch.o)
                0x00009a9e                cc24240_port1_interrupt
                0x00009a9e                vector_ffe8
                0x00009ae8                cc2420_arch_init
 .text          0x00009b02      0x144 contiki-sky.a(sky-sensors.o)
                0x00009b02                sky_sensors_status
                0x00009b4e                sky_sensors_configure
 .text          0x00009c46      0x174 contiki-sky.a(uart1.o)
                0x00009c78                uart1_init
                0x00009d38                uart1_rx_interrupt
                0x00009c60                uart1_writeb
                0x00009c5a                uart1_set_input
                0x00009c46                uart1_active
                0x00009d38                vector_ffe6
 .text          0x00009dba        0xe contiki-sky.a(uart1-putchar.o)
                0x00009dba                putchar
 .text          0x00009dc8      0x18a contiki-sky.a(msp430.o)
                0x00009dee                w_memset
                0x00009e98                msp430_remove_lpm_req
                0x00009ee8                splhigh_
                0x00009ef4                msp430_sync_dco
                0x00009dc8                w_memcpy
                0x00009ea4                msp430_cpu_init
                0x00009e8c                msp430_add_lpm_req
                0x00009ef0                splx_
                0x00009ec8                sbrk
                0x00009e10                msp430_init_dco
 .text          0x00009f52      0x194 contiki-sky.a(clock.o)
                0x0000a0e0                clock_counter
                0x0000a054                clock_fine_max
                0x0000a064                clock_init
                0x0000a090                clock_wait
                0x0000a0c6                clock_seconds
                0x00009f52                timera1
                0x0000a05a                clock_fine
                0x0000a08a                clock_delay
                0x0000a02e                clock_set
                0x0000a0c4                clock_set_seconds
                0x0000a014                clock_time
                0x00009f52                vector_ffea
 .text          0x0000a0e6      0x144 contiki-sky.a(leds.o)
                0x0000a21a                leds_toggle
                0x0000a1ee                leds_on
                0x0000a204                leds_off
                0x0000a1e6                leds_get
                0x0000a220                leds_invert
                0x0000a1c2                leds_blink
                0x0000a1b4                leds_init
 .text          0x0000a22a       0x70 contiki-sky.a(leds-arch.o)
                0x0000a22a                leds_arch_init
                0x0000a238                leds_arch_get
                0x0000a270                leds_arch_set
 .text          0x0000a29a       0x60 contiki-sky.a(watchdog.o)
                0x0000a2d0                watchdog_periodic
                0x0000a2c2                watchdog_start
                0x0000a29a                watchdog_interrupt
                0x0000a2e0                watchdog_stop
                0x0000a29a                vector_fff4
                0x0000a2f4                watchdog_reboot
                0x0000a2b0                watchdog_init
 .text          0x0000a2fa       0x78 contiki-sky.a(rtimer-arch.o)
                0x0000a35c                rtimer_arch_now
                0x0000a2fa                vector_ffec
                0x0000a350                rtimer_arch_init
                0x0000a36c                rtimer_arch_schedule
                0x0000a2fa                timera0
 .text          0x0000a372       0x90 contiki-sky.a(unicast.o)
                0x0000a3bc                unicast_open
                0x0000a3ec                unicast_send
                0x0000a3e6                unicast_close
 .text          0x0000a402       0x14 contiki-sky.a(mac.o)
                0x0000a402                mac_call_sent_callback
 .text          0x0000a416      0x1e0 contiki-sky.a(framer-802154.o)
                0x0000a5f2                framer_802154
 .text          0x0000a5f6      0x2b0 contiki-sky.a(sht11.o)
                0x0000a83a                sht11_temp
                0x0000a768                sht11_init
                0x0000a84e                sht11_sreg
                0x0000a77c                sht11_off
                0x0000a844                sht11_humidity
 .text          0x0000a8a6       0x36 contiki-sky.a(spi.o)
                0x0000a8a6                spi_init
 .text          0x0000a8dc      0x3d2 contiki-sky.a(frame802154.o)
                0x0000a996                frame802154_create
                0x0000ab08                frame802154_parse
                0x0000a96e                frame802154_hdrlen
 .text          0x0000acae        0x0 /usr/lib/gcc-lib/msp430/3.2.3/msp2/libgcc.a(__stop_progExec__.o)
 .text          0x0000acae        0x0 /usr/lib/gcc-lib/msp430/3.2.3/msp2/libgcc.a(_mulsi3hw.o)
 .text          0x0000acae        0x0 /usr/lib/gcc-lib/msp430/3.2.3/msp2/libgcc.a(_udivmodhi4.o)
 .text          0x0000acae        0x0 /usr/lib/gcc-lib/msp430/3.2.3/msp2/libgcc.a(_divmodhi4.o)
 .text          0x0000acae        0x0 /usr/lib/gcc-lib/msp430/3.2.3/msp2/libgcc.a(_udivmodsi4.o)
 .text          0x0000acae        0x0 /usr/lib/gcc-lib/msp430/3.2.3/msp2/libgcc.a(_reset_vector__.o)
 .text          0x0000acae        0x0 /usr/lib/gcc-lib/msp430/3.2.3/msp2/libgcc.a(__low_level_init.o)
 .text          0x0000acae        0x0 /usr/lib/gcc-lib/msp430/3.2.3/msp2/libgcc.a(__init_stack.o)
 .text          0x0000acae        0x0 /usr/lib/gcc-lib/msp430/3.2.3/msp2/libgcc.a(_copy_data.o)
 .text          0x0000acae        0x0 /usr/lib/gcc-lib/msp430/3.2.3/msp2/libgcc.a(_clear_bss.o)
 .text          0x0000acae        0x0 /usr/lib/gcc-lib/msp430/3.2.3/msp2/libgcc.a(__jump_to_main.o)
 .text          0x0000acae       0x12 /usr/lib/gcc-lib/msp430/3.2.3/../../../../msp430/lib/msp2/libc.a(printf.o)
                0x0000acae                printf
 .text          0x0000acc0      0x61a /usr/lib/gcc-lib/msp430/3.2.3/../../../../msp430/lib/msp2/libc.a(vuprintf.o)
                0x0000ad24                vuprintf
 .text          0x0000b2da       0x2e /usr/lib/gcc-lib/msp430/3.2.3/../../../../msp430/lib/msp2/libc.a(puts.o)
                0x0000b2da                puts
 .text          0x0000b308       0x7a /usr/lib/gcc-lib/msp430/3.2.3/../../../../msp430/lib/msp2/libc.a(rand.o)
                0x0000b350                rand_r
                0x0000b36e                rand
                0x0000b378                srand
 .text          0x0000b382       0x24 /usr/lib/gcc-lib/msp430/3.2.3/../../../../msp430/lib/msp2/libc.a(memchr.o)
                0x0000b382                memchr
 .text          0x0000b3a6       0x30 /usr/lib/gcc-lib/msp430/3.2.3/../../../../msp430/lib/msp2/libc.a(strncmp.o)
                0x0000b3a6                strncmp
                0x0000b3d6                . = ALIGN (0x2)
 *(.text.*)
 .text.libgcc   0x0000b3d6        0x0 /usr/lib/gcc-lib/msp430/3.2.3/msp2/libgcc.a(__stop_progExec__.o)
 .text.libgcc   0x0000b3d6       0x28 /usr/lib/gcc-lib/msp430/3.2.3/msp2/libgcc.a(_mulsi3hw.o)
                0x0000b3d6                __umulsi3hw
 .text.libgcc   0x0000b3fe       0x1c /usr/lib/gcc-lib/msp430/3.2.3/msp2/libgcc.a(_udivmodhi4.o)
                0x0000b3fe                __udivmodhi4
 .text.libgcc   0x0000b41a       0x36 /usr/lib/gcc-lib/msp430/3.2.3/msp2/libgcc.a(_divmodhi4.o)
                0x0000b41a                __divmodhi4
 .text.libgcc   0x0000b450       0x2a /usr/lib/gcc-lib/msp430/3.2.3/msp2/libgcc.a(_udivmodsi4.o)
                0x0000b450                __udivmodsi4
 .text.libgcc   0x0000b47a        0x0 /usr/lib/gcc-lib/msp430/3.2.3/msp2/libgcc.a(_reset_vector__.o)
 .text.libgcc   0x0000b47a        0x0 /usr/lib/gcc-lib/msp430/3.2.3/msp2/libgcc.a(__low_level_init.o)
 .text.libgcc   0x0000b47a        0x0 /usr/lib/gcc-lib/msp430/3.2.3/msp2/libgcc.a(__init_stack.o)
 .text.libgcc   0x0000b47a        0x0 /usr/lib/gcc-lib/msp430/3.2.3/msp2/libgcc.a(_copy_data.o)
 .text.libgcc   0x0000b47a        0x0 /usr/lib/gcc-lib/msp430/3.2.3/msp2/libgcc.a(_clear_bss.o)
 .text.libgcc   0x0000b47a        0x0 /usr/lib/gcc-lib/msp430/3.2.3/msp2/libgcc.a(__jump_to_main.o)
                0x0000b47a                . = ALIGN (0x2)
 *(.fini9)
 .fini9         0x0000b47a        0x0 /usr/lib/gcc-lib/msp430/3.2.3/msp2/libgcc.a(__stop_progExec__.o)
                0x0000b47a                __stop_progExec__
 *(.fini9)
 *(.fini8)
 *(.fini8)
 *(.fini7)
 *(.fini7)
 *(.fini6)
 *(.fini6)
 *(.fini5)
 *(.fini5)
 *(.fini4)
 *(.fini4)
 *(.fini3)
 *(.fini3)
 *(.fini2)
 *(.fini2)
 *(.fini1)
 *(.fini1)
 *(.fini0)
 .fini0         0x0000b47a        0x2 /usr/lib/gcc-lib/msp430/3.2.3/msp2/libgcc.a(__stop_progExec__.o)
 *(.fini0)
 *(.fini)
 *(.fini)
                0x0000b47c                _etext = .

.data           0x00001100       0xc8 load address 0x0000b47c
                0x00001100                PROVIDE (__data_start, .)
                0x00001100                . = ALIGN (0x2)
 *(.data)
 .data          0x00001100        0x0 /usr/lib/gcc-lib/msp430/3.2.3/../../../../msp430/lib/crt430x1611.o
 .data          0x00001100       0x14 sky-collect.co
                0x00001100                test_collect_process
                0x0000110a                depth_blink_process
 .data          0x00001114        0x4 obj_sky/contiki-sky-main.o
 .data          0x00001118        0x0 contiki-sky.a(rimeaddr.o)
 .data          0x00001118        0x4 contiki-sky.a(rime.o)
 .data          0x0000111c        0x0 contiki-sky.a(rimestats.o)
 .data          0x0000111c        0x4 contiki-sky.a(announcement.o)
 .data          0x00001120        0x0 contiki-sky.a(broadcast-annou)
 .data          0x00001120        0x0 contiki-sky.a(broadcast.o)
 .data          0x00001120        0x0 contiki-sky.a(abc.o)
 .data          0x00001120        0x8 contiki-sky.a(collect.o)
 .data          0x00001128        0xa contiki-sky.a(collect-neighbo)
 .data          0x00001132        0x0 contiki-sky.a(collect-link-es)
 .data          0x00001132        0x0 contiki-sky.a(chameleon.o)
 .data          0x00001132        0x4 contiki-sky.a(channel.o)
 .data          0x00001136        0x0 contiki-sky.a(chameleon-bitop)
 .data          0x00001136        0xc contiki-sky.a(csma.o)
 .data          0x00001142       0x14 contiki-sky.a(contikimac.o)
                0x00001152                phase_list
 .data          0x00001156        0x8 contiki-sky.a(phase.o)
 .data          0x0000115e        0x4 contiki-sky.a(process.o)
                0x0000115e                process_list
                0x00001160                process_current
 .data          0x00001162        0x0 contiki-sky.a(autostart.o)
 .data          0x00001162        0x0 contiki-sky.a(compower.o)
 .data          0x00001162        0xc contiki-sky.a(serial-line.o)
                0x00001162                serial_line_process
 .data          0x0000116e        0x0 contiki-sky.a(memb.o)
 .data          0x0000116e        0x0 contiki-sky.a(timer.o)
 .data          0x0000116e        0x0 contiki-sky.a(list.o)
 .data          0x0000116e        0xa contiki-sky.a(etimer.o)
                0x0000116e                etimer_process
 .data          0x00001178        0xe contiki-sky.a(ctimer.o)
                0x0000117c                ctimer_process
 .data          0x00001186        0x0 contiki-sky.a(energest.o)
 .data          0x00001186        0x0 contiki-sky.a(rtimer.o)
 .data          0x00001186        0x0 contiki-sky.a(random.o)
 .data          0x00001186        0x0 contiki-sky.a(ringbuf.o)
 .data          0x00001186        0x2 contiki-sky.a(packetbuf.o)
 .data          0x00001188       0x10 contiki-sky.a(queuebuf.o)
 .data          0x00001198        0x0 contiki-sky.a(packetqueue.o)
 .data          0x00001198        0x4 contiki-sky.a(contiki-sky-pla)
                0x00001198                sensors
 .data          0x0000119c        0x1 contiki-sky.a(sht11-sensor.o)
 .data          0x0000119d        0x0 contiki-sky.a(light-sensor.o)
 .data          0x0000119d        0x0 contiki-sky.a(button-sensor.o)
 .data          0x0000119d        0x0 contiki-sky.a(ds2411.o)
 .data          0x0000119d        0x0 contiki-sky.a(xmem.o)
 *fill*         0x0000119d        0x1 00
 .data          0x0000119e        0x2 contiki-sky.a(node-id.o)
                0x0000119e                node_id
 .data          0x000011a0        0xa contiki-sky.a(sensors.o)
                0x000011a0                sensors_process
 .data          0x000011aa        0xa contiki-sky.a(cc2420.o)
                0x000011aa                cc2420_process
 .data          0x000011b4        0x0 contiki-sky.a(cc2420-arch.o)
 .data          0x000011b4        0x0 contiki-sky.a(sky-sensors.o)
 .data          0x000011b4        0x0 contiki-sky.a(uart1.o)
 .data          0x000011b4        0x0 contiki-sky.a(uart1-putchar.o)
 .data          0x000011b4        0x2 contiki-sky.a(msp430.o)
 .data          0x000011b6        0x6 contiki-sky.a(clock.o)
 .data          0x000011bc        0x0 contiki-sky.a(leds.o)
 .data          0x000011bc        0x0 contiki-sky.a(leds-arch.o)
 .data          0x000011bc        0x2 contiki-sky.a(watchdog.o)
 .data          0x000011be        0x0 contiki-sky.a(rtimer-arch.o)
 .data          0x000011be        0x0 contiki-sky.a(unicast.o)
 .data          0x000011be        0x0 contiki-sky.a(mac.o)
 .data          0x000011be        0x1 contiki-sky.a(framer-802154.o)
 .data          0x000011bf        0x0 contiki-sky.a(sht11.o)
 .data          0x000011bf        0x2 contiki-sky.a(spi.o)
                0x000011bf                spi_busy
 .data          0x000011c1        0x0 contiki-sky.a(frame802154.o)
 .data          0x000011c1        0x0 /usr/lib/gcc-lib/msp430/3.2.3/msp2/libgcc.a(__stop_progExec__.o)
 .data          0x000011c1        0x0 /usr/lib/gcc-lib/msp430/3.2.3/msp2/libgcc.a(_mulsi3hw.o)
 .data          0x000011c1        0x0 /usr/lib/gcc-lib/msp430/3.2.3/msp2/libgcc.a(_udivmodhi4.o)
 .data          0x000011c1        0x0 /usr/lib/gcc-lib/msp430/3.2.3/msp2/libgcc.a(_divmodhi4.o)
 .data          0x000011c1        0x0 /usr/lib/gcc-lib/msp430/3.2.3/msp2/libgcc.a(_udivmodsi4.o)
 .data          0x000011c1        0x0 /usr/lib/gcc-lib/msp430/3.2.3/msp2/libgcc.a(_reset_vector__.o)
 .data          0x000011c1        0x0 /usr/lib/gcc-lib/msp430/3.2.3/msp2/libgcc.a(__low_level_init.o)
 .data          0x000011c1        0x0 /usr/lib/gcc-lib/msp430/3.2.3/msp2/libgcc.a(__init_stack.o)
 .data          0x000011c1        0x0 /usr/lib/gcc-lib/msp430/3.2.3/msp2/libgcc.a(_copy_data.o)
 .data          0x000011c1        0x0 /usr/lib/gcc-lib/msp430/3.2.3/msp2/libgcc.a(_clear_bss.o)
 .data          0x000011c1        0x0 /usr/lib/gcc-lib/msp430/3.2.3/msp2/libgcc.a(__jump_to_main.o)
 .data          0x000011c1        0x0 /usr/lib/gcc-lib/msp430/3.2.3/../../../../msp430/lib/msp2/libc.a(printf.o)
 *fill*         0x000011c1        0x1 00
 .data          0x000011c2        0x2 /usr/lib/gcc-lib/msp430/3.2.3/../../../../msp430/lib/msp2/libc.a(vuprintf.o)
 .data          0x000011c4        0x0 /usr/lib/gcc-lib/msp430/3.2.3/../../../../msp430/lib/msp2/libc.a(puts.o)
 .data          0x000011c4        0x4 /usr/lib/gcc-lib/msp430/3.2.3/../../../../msp430/lib/msp2/libc.a(rand.o)
 .data          0x000011c8        0x0 /usr/lib/gcc-lib/msp430/3.2.3/../../../../msp430/lib/msp2/libc.a(memchr.o)
 .data          0x000011c8        0x0 /usr/lib/gcc-lib/msp430/3.2.3/../../../../msp430/lib/msp2/libc.a(strncmp.o)
 *(SORT(.data.*))
                0x000011c8                . = ALIGN (0x2)
 *(.gnu.linkonce.d*)
                0x000011c8                . = ALIGN (0x2)
                0x000011c8                _edata = .
                0x0000b47c                PROVIDE (__data_load_start, LOADADDR (.data))
                0x000000c8                PROVIDE (__data_size, SIZEOF (.data))

.bootloader     0x00000c00        0x0
                0x00000c00                PROVIDE (__boot_start, .)
 *(.bootloader)
                0x00000c00                . = ALIGN (0x2)
 *(.bootloader.*)

.infomem        0x00001000        0x0
 *(.infomem)
                0x00001000                . = ALIGN (0x2)
 *(.infomem.*)

.infomemnobits  0x00001000        0x0
 *(.infomemnobits)
                0x00001000                . = ALIGN (0x2)
 *(.infomemnobits.*)

.bss            0x000011c8     0x19a8
                0x000011c8                PROVIDE (__bss_start, .)
 *(.bss)
 .bss           0x000011c8        0x0 /usr/lib/gcc-lib/msp430/3.2.3/../../../../msp430/lib/crt430x1611.o
 .bss           0x000011c8      0x13a sky-collect.co
 .bss           0x00001302        0x8 obj_sky/contiki-sky-main.o
 .bss           0x0000130a        0x0 contiki-sky.a(rimeaddr.o)
 .bss           0x0000130a        0x0 contiki-sky.a(rime.o)
 .bss           0x0000130a        0x0 contiki-sky.a(rimestats.o)
 .bss           0x0000130a        0x4 contiki-sky.a(announcement.o)
 .bss           0x0000130e       0x46 contiki-sky.a(broadcast-annou)
 .bss           0x00001354        0x0 contiki-sky.a(broadcast.o)
 .bss           0x00001354        0x0 contiki-sky.a(abc.o)
 .bss           0x00001354      0x1be contiki-sky.a(collect.o)
 .bss           0x00001512      0x320 contiki-sky.a(collect-neighbo)
 .bss           0x00001832        0x0 contiki-sky.a(collect-link-es)
 .bss           0x00001832        0x0 contiki-sky.a(chameleon.o)
 .bss           0x00001832        0x0 contiki-sky.a(channel.o)
 .bss           0x00001832        0x0 contiki-sky.a(chameleon-bitop)
 .bss           0x00001832       0x66 contiki-sky.a(csma.o)
 .bss           0x00001898      0x264 contiki-sky.a(contikimac.o)
 .bss           0x00001afc       0xd8 contiki-sky.a(phase.o)
 .bss           0x00001bd4       0x3e contiki-sky.a(process.o)
 .bss           0x00001c12        0x0 contiki-sky.a(autostart.o)
 .bss           0x00001c12        0x8 contiki-sky.a(compower.o)
 .bss           0x00001c1a      0x108 contiki-sky.a(serial-line.o)
 .bss           0x00001d22        0x0 contiki-sky.a(memb.o)
 .bss           0x00001d22        0x0 contiki-sky.a(timer.o)
 .bss           0x00001d22        0x0 contiki-sky.a(list.o)
 .bss           0x00001d22        0x6 contiki-sky.a(etimer.o)
 .bss           0x00001d28        0x1 contiki-sky.a(ctimer.o)
 .bss           0x00001d29        0x0 contiki-sky.a(energest.o)
 *fill*         0x00001d29        0x1 00
 .bss           0x00001d2a        0x2 contiki-sky.a(rtimer.o)
 .bss           0x00001d2c        0x0 contiki-sky.a(random.o)
 .bss           0x00001d2c        0x0 contiki-sky.a(ringbuf.o)
 .bss           0x00001d2c       0xba contiki-sky.a(packetbuf.o)
 .bss           0x00001de6      0xc1e contiki-sky.a(queuebuf.o)
 .bss           0x00002a04        0x0 contiki-sky.a(packetqueue.o)
 .bss           0x00002a04        0x0 contiki-sky.a(contiki-sky-pla)
 .bss           0x00002a04        0x0 contiki-sky.a(sht11-sensor.o)
 .bss           0x00002a04        0x0 contiki-sky.a(light-sensor.o)
 .bss           0x00002a04        0x8 contiki-sky.a(button-sensor.o)
 .bss           0x00002a0c        0x0 contiki-sky.a(ds2411.o)
 .bss           0x00002a0c        0x0 contiki-sky.a(xmem.o)
 .bss           0x00002a0c        0x0 contiki-sky.a(node-id.o)
 .bss           0x00002a0c        0x6 contiki-sky.a(sensors.o)
 .bss           0x00002a12        0xc contiki-sky.a(cc2420.o)
 .bss           0x00002a1e        0x0 contiki-sky.a(cc2420-arch.o)
 .bss           0x00002a1e        0x4 contiki-sky.a(sky-sensors.o)
 .bss           0x00002a22        0x4 contiki-sky.a(uart1.o)
 .bss           0x00002a26        0x0 contiki-sky.a(uart1-putchar.o)
 .bss           0x00002a26        0x0 contiki-sky.a(msp430.o)
 .bss           0x00002a26        0x4 contiki-sky.a(clock.o)
 .bss           0x00002a2a        0x2 contiki-sky.a(leds.o)
 .bss           0x00002a2c        0x0 contiki-sky.a(leds-arch.o)
 .bss           0x00002a2c        0x0 contiki-sky.a(watchdog.o)
 .bss           0x00002a2c        0x0 contiki-sky.a(rtimer-arch.o)
 .bss           0x00002a2c        0x0 contiki-sky.a(unicast.o)
 .bss           0x00002a2c        0x0 contiki-sky.a(mac.o)
 .bss           0x00002a2c        0x1 contiki-sky.a(framer-802154.o)
 .bss           0x00002a2d        0x0 contiki-sky.a(sht11.o)
 .bss           0x00002a2d        0x0 contiki-sky.a(spi.o)
 .bss           0x00002a2d        0x0 contiki-sky.a(frame802154.o)
 .bss           0x00002a2d        0x0 /usr/lib/gcc-lib/msp430/3.2.3/msp2/libgcc.a(__stop_progExec__.o)
 .bss           0x00002a2d        0x0 /usr/lib/gcc-lib/msp430/3.2.3/msp2/libgcc.a(_mulsi3hw.o)
 .bss           0x00002a2d        0x0 /usr/lib/gcc-lib/msp430/3.2.3/msp2/libgcc.a(_udivmodhi4.o)
 .bss           0x00002a2d        0x0 /usr/lib/gcc-lib/msp430/3.2.3/msp2/libgcc.a(_divmodhi4.o)
 .bss           0x00002a2d        0x0 /usr/lib/gcc-lib/msp430/3.2.3/msp2/libgcc.a(_udivmodsi4.o)
 .bss           0x00002a2d        0x0 /usr/lib/gcc-lib/msp430/3.2.3/msp2/libgcc.a(_reset_vector__.o)
 .bss           0x00002a2d        0x0 /usr/lib/gcc-lib/msp430/3.2.3/msp2/libgcc.a(__low_level_init.o)
 .bss           0x00002a2d        0x0 /usr/lib/gcc-lib/msp430/3.2.3/msp2/libgcc.a(__init_stack.o)
 .bss           0x00002a2d        0x0 /usr/lib/gcc-lib/msp430/3.2.3/msp2/libgcc.a(_copy_data.o)
 .bss           0x00002a2d        0x0 /usr/lib/gcc-lib/msp430/3.2.3/msp2/libgcc.a(_clear_bss.o)
 .bss           0x00002a2d        0x0 /usr/lib/gcc-lib/msp430/3.2.3/msp2/libgcc.a(__jump_to_main.o)
 .bss           0x00002a2d        0x0 /usr/lib/gcc-lib/msp430/3.2.3/../../../../msp430/lib/msp2/libc.a(printf.o)
 *fill*         0x00002a2d        0x1 00
 .bss           0x00002a2e        0x2 /usr/lib/gcc-lib/msp430/3.2.3/../../../../msp430/lib/msp2/libc.a(vuprintf.o)
 .bss           0x00002a30        0x0 /usr/lib/gcc-lib/msp430/3.2.3/../../../../msp430/lib/msp2/libc.a(puts.o)
 .bss           0x00002a30        0x0 /usr/lib/gcc-lib/msp430/3.2.3/../../../../msp430/lib/msp2/libc.a(rand.o)
 .bss           0x00002a30        0x0 /usr/lib/gcc-lib/msp430/3.2.3/../../../../msp430/lib/msp2/libc.a(memchr.o)
 .bss           0x00002a30        0x0 /usr/lib/gcc-lib/msp430/3.2.3/../../../../msp430/lib/msp2/libc.a(strncmp.o)
 *(SORT(.bss.*))
 *(COMMON)
 COMMON         0x00002a30        0x2 contiki-sky.a(rimeaddr.o)
                0x00002a30                rimeaddr_node_addr
 COMMON         0x00002a32        0x2 contiki-sky.a(rime.o)
                0x00002a32                rime_mac
 COMMON         0x00002a34       0x48 contiki-sky.a(rimestats.o)
                0x00002a34                rimestats
 COMMON         0x00002a7c       0x38 contiki-sky.a(collect.o)
                0x00002a7c                stats
 COMMON         0x00002ab4        0x1 contiki-sky.a(process.o)
                0x00002ab4                process_maxevents
 *fill*         0x00002ab5        0x1 00
 COMMON         0x00002ab6        0x8 contiki-sky.a(compower.o)
                0x00002ab6                compower_idle_activity
 COMMON         0x00002abe        0x1 contiki-sky.a(serial-line.o)
                0x00002abe                serial_line_event_message
 *fill*         0x00002abf        0x1 00
 COMMON         0x00002ac0       0x56 contiki-sky.a(energest.o)
                0x00002ac0                energest_total_time
                0x00002af0                energest_total_count
                0x00002af2                energest_current_mode
                0x00002afe                energest_current_time
 COMMON         0x00002b16       0x38 contiki-sky.a(packetbuf.o)
                0x00002b16                packetbuf_addrs
                0x00002b1e                packetbuf_attrs
 COMMON         0x00002b4e        0x2 contiki-sky.a(contiki-sky-pla)
                0x00002b4e                sensors_flags
 COMMON         0x00002b50        0x8 contiki-sky.a(ds2411.o)
                0x00002b50                ds2411_id
 COMMON         0x00002b58        0x1 contiki-sky.a(sensors.o)
                0x00002b58                sensors_event
 *fill*         0x00002b59        0x1 00
 COMMON         0x00002b5a       0x14 contiki-sky.a(cc2420.o)
                0x00002b5a                cc2420_last_rssi
                0x00002b5c                cc2420_packets_read
                0x00002b5e                cc2420_packets_seen
                0x00002b60                cc2420_sfd_start_time
                0x00002b62                cc2420_time_of_departure
                0x00002b64                cc2420_time_of_arrival
                0x00002b66                cc2420_last_correlation
                0x00002b68                cc2420_authority_level_of_sender
                0x00002b6a                cc2420_sfd_counter
                0x00002b6c                cc2420_sfd_end_time
 COMMON         0x00002b6e        0x2 contiki-sky.a(msp430.o)
                0x00002b6e                msp430_dco_required
                0x00002b70                PROVIDE (__bss_end, .)
                0x00002b70                _end = .
                0x000019a8                PROVIDE (__bss_size, SIZEOF (.bss))

.noinit         0x00002b70        0x0
                0x00002b70                PROVIDE (__noinit_start, .)
 *(.noinit)
 *(.noinit.*)
 *(COMMON)
                0x00002b70                PROVIDE (__noinit_end, .)
                0x00002b70                _end = .

.vectors        0x0000ffe0       0x20
                0x0000ffe0                PROVIDE (__vectors_start, .)
 *(.vectors*)
 .vectors       0x0000ffe0       0x20 /usr/lib/gcc-lib/msp430/3.2.3/../../../../msp430/lib/crt430x1611.o
                0x0000ffe0                InterruptVectors
 *(.vectors*)
                0x00010000                _vectors_end = .

.profiler
 *(.profiler)

.stab           0x00000000    0x2c0d0
 *(.stab)
 .stab          0x00000000       0xf0 /usr/lib/gcc-lib/msp430/3.2.3/../../../../msp430/lib/crt430x1611.o
 .stab          0x000000f0     0x1af4 sky-collect.co
                               0x1b0c (size before relaxing)
 .stab          0x00001be4     0x1ea8 obj_sky/contiki-sky-main.o
                               0x23c4 (size before relaxing)
 .stab          0x00003a8c      0x318 contiki-sky.a(rimeaddr.o)
                                0x6e4 (size before relaxing)
 .stab          0x00003da4      0x738 contiki-sky.a(rime.o)
                               0x10ec (size before relaxing)
 .stab          0x000044dc      0x144 contiki-sky.a(rimestats.o)
                                0x168 (size before relaxing)
 .stab          0x00004620      0x660 contiki-sky.a(announcement.o)
                                0xa74 (size before relaxing)
 .stab          0x00004c80      0x984 contiki-sky.a(broadcast-annou)
                               0x13a4 (size before relaxing)
 .stab          0x00005604      0xa38 contiki-sky.a(broadcast.o)
                               0x14a0 (size before relaxing)
 .stab          0x0000603c      0x6cc contiki-sky.a(abc.o)
                               0x13f8 (size before relaxing)
 .stab          0x00006708     0x2364 contiki-sky.a(collect.o)
                               0x2d9c (size before relaxing)
 .stab          0x00008a6c      0xe88 contiki-sky.a(collect-neighbo)
                               0x1680 (size before relaxing)
 .stab          0x000098f4      0x540 contiki-sky.a(collect-link-es)
                                0xc48 (size before relaxing)
 .stab          0x00009e34      0x630 contiki-sky.a(chameleon.o)
                                0xf78 (size before relaxing)
 .stab          0x0000a464      0x5f4 contiki-sky.a(channel.o)
                                0xf60 (size before relaxing)
 .stab          0x0000aa58      0xf30 contiki-sky.a(chameleon-bitop)
                               0x189c (size before relaxing)
 .stab          0x0000b988      0xa98 contiki-sky.a(csma.o)
                               0x10a4 (size before relaxing)
 .stab          0x0000c420     0x1884 contiki-sky.a(contikimac.o)
                               0x2148 (size before relaxing)
 .stab          0x0000dca4      0x8e8 contiki-sky.a(phase.o)
                                0xf18 (size before relaxing)
 .stab          0x0000e58c      0xb34 contiki-sky.a(process.o)
                                0xfa8 (size before relaxing)
 .stab          0x0000f0c0      0x2e8 contiki-sky.a(autostart.o)
                                0x72c (size before relaxing)
 .stab          0x0000f3a8      0x4ec contiki-sky.a(compower.o)
                                0x990 (size before relaxing)
 .stab          0x0000f894      0x588 contiki-sky.a(serial-line.o)
                                0xad4 (size before relaxing)
 .stab          0x0000fe1c      0x4e0 contiki-sky.a(memb.o)
                                0xa38 (size before relaxing)
 .stab          0x000102fc      0x360 contiki-sky.a(timer.o)
                                0x738 (size before relaxing)
 .stab          0x0001065c      0x7c8 contiki-sky.a(list.o)
                                0x7ec (size before relaxing)
 .stab          0x00010e24      0x984 contiki-sky.a(etimer.o)
                                0xdf8 (size before relaxing)
 .stab          0x000117a8      0x828 contiki-sky.a(ctimer.o)
                                0xd80 (size before relaxing)
 .stab          0x00011fd0      0x450 contiki-sky.a(energest.o)
                                0x87c (size before relaxing)
 .stab          0x00012420      0x42c contiki-sky.a(rtimer.o)
                                0x96c (size before relaxing)
 .stab          0x0001284c      0x270 contiki-sky.a(random.o)
                                0x648 (size before relaxing)
 .stab          0x00012abc      0x3d8 contiki-sky.a(ringbuf.o)
                                0x7a4 (size before relaxing)
 .stab          0x00012e94      0xf18 contiki-sky.a(packetbuf.o)
                               0x1a28 (size before relaxing)
 .stab          0x00013dac      0x984 contiki-sky.a(queuebuf.o)
                               0x16b0 (size before relaxing)
 .stab          0x00014730      0x678 contiki-sky.a(packetqueue.o)
                                0xba0 (size before relaxing)
 .stab          0x00014da8      0x2f4 contiki-sky.a(contiki-sky-pla)
                                0x840 (size before relaxing)
 .stab          0x0001509c      0xf9c contiki-sky.a(sht11-sensor.o)
                               0x16b0 (size before relaxing)
 .stab          0x00016038      0xeac contiki-sky.a(light-sensor.o)
                               0x1584 (size before relaxing)
 .stab          0x00016ee4      0xfc0 contiki-sky.a(button-sensor.o)
                               0x16a4 (size before relaxing)
 .stab          0x00017ea4     0x1284 contiki-sky.a(ds2411.o)
                               0x1944 (size before relaxing)
 .stab          0x00019128     0x15b4 contiki-sky.a(xmem.o)
                               0x1cd4 (size before relaxing)
 .stab          0x0001a6dc      0x2e8 contiki-sky.a(node-id.o)
                                0x6b4 (size before relaxing)
 .stab          0x0001a9c4      0x624 contiki-sky.a(sensors.o)
                                0xb7c (size before relaxing)
 .stab          0x0001afe8     0x2718 contiki-sky.a(cc2420.o)
                               0x2f7c (size before relaxing)
 .stab          0x0001d700     0x1374 contiki-sky.a(cc2420-arch.o)
                               0x2004 (size before relaxing)
 .stab          0x0001ea74     0x1098 contiki-sky.a(sky-sensors.o)
                               0x1764 (size before relaxing)
 .stab          0x0001fb0c     0x1134 contiki-sky.a(uart1.o)
                               0x1878 (size before relaxing)
 .stab          0x00020c40      0x2e8 contiki-sky.a(uart1-putchar.o)
                                0x870 (size before relaxing)
 .stab          0x00020f28     0x16c8 contiki-sky.a(msp430.o)
                               0x1ddc (size before relaxing)
 .stab          0x000225f0     0x1224 contiki-sky.a(clock.o)
                               0x18f0 (size before relaxing)
 .stab          0x00023814      0x57c contiki-sky.a(leds.o)
                                0x9c0 (size before relaxing)
 .stab          0x00023d90      0xe28 contiki-sky.a(leds-arch.o)
                               0x14e8 (size before relaxing)
 .stab          0x00024bb8      0xf30 contiki-sky.a(watchdog.o)
                               0x15fc (size before relaxing)
 .stab          0x00025ae8      0xf0c contiki-sky.a(rtimer-arch.o)
                               0x15d8 (size before relaxing)
 .stab          0x000269f4      0x630 contiki-sky.a(unicast.o)
                                0xf9c (size before relaxing)
 .stab          0x00027024      0x228 contiki-sky.a(mac.o)
                                0x630 (size before relaxing)
 .stab          0x0002724c      0x7e0 contiki-sky.a(framer-802154.o)
                                0xc00 (size before relaxing)
 .stab          0x00027a2c     0x16ec contiki-sky.a(sht11.o)
                               0x1df4 (size before relaxing)
 .stab          0x00029118      0xd50 contiki-sky.a(spi.o)
                               0x1278 (size before relaxing)
 .stab          0x00029e68      0x7c8 contiki-sky.a(frame802154.o)
                                0xbdc (size before relaxing)
 .stab          0x0002a630      0x474 /usr/lib/gcc-lib/msp430/3.2.3/../../../../msp430/lib/msp2/libc.a(printf.o)
                                0x480 (size before relaxing)
 .stab          0x0002aaa4      0xc78 /usr/lib/gcc-lib/msp430/3.2.3/../../../../msp430/lib/msp2/libc.a(vuprintf.o)
                                0xedc (size before relaxing)
 .stab          0x0002b71c      0x228 /usr/lib/gcc-lib/msp430/3.2.3/../../../../msp430/lib/msp2/libc.a(puts.o)
                                0x498 (size before relaxing)
 .stab          0x0002b944      0x300 /usr/lib/gcc-lib/msp430/3.2.3/../../../../msp430/lib/msp2/libc.a(rand.o)
                                0x540 (size before relaxing)
 .stab          0x0002bc44      0x264 /usr/lib/gcc-lib/msp430/3.2.3/../../../../msp430/lib/msp2/libc.a(memchr.o)
                                0x4b0 (size before relaxing)
 .stab          0x0002bea8      0x228 /usr/lib/gcc-lib/msp430/3.2.3/../../../../msp430/lib/msp2/libc.a(strncmp.o)
                                0x474 (size before relaxing)

.stabstr        0x00000000    0x1a1eb
 *(.stabstr)
 .stabstr       0x00000000    0x1a1eb /usr/lib/gcc-lib/msp430/3.2.3/../../../../msp430/lib/crt430x1611.o

.stab.excl
 *(.stab.excl)

.stab.exclstr
 *(.stab.exclstr)

.stab.index
 *(.stab.index)

.stab.indexstr
 *(.stab.indexstr)

.comment
 *(.comment)

.debug
 *(.debug)

.line
 *(.line)

.debug_srcinfo
 *(.debug_srcinfo)

.debug_sfnames
 *(.debug_sfnames)

.debug_aranges
 *(.debug_aranges)

.debug_pubnames
 *(.debug_pubnames)

.debug_info
 *(.debug_info)
 *(.gnu.linkonce.wi.*)

.debug_abbrev
 *(.debug_abbrev)

.debug_line
 *(.debug_line)

.debug_frame
 *(.debug_frame)

.debug_str
 *(.debug_str)

.debug_loc
 *(.debug_loc)

.debug_macinfo
 *(.debug_macinfo)

.debug_pubtypes
 *(.debug_pubtypes)

.debug_ranges
 *(.debug_ranges)
                0x00003900                PROVIDE (__stack, 0x3900)
                0x0000b47c                PROVIDE (__data_start_rom, _etext)
                0x0000b544                PROVIDE (__data_end_rom, (_etext + SIZEOF (.data)))
                0x0000b544                PROVIDE (__noinit_start_rom, (_etext + SIZEOF (.data)))
                0x0000b544                PROVIDE (__noinit_end_rom, ((_etext + SIZEOF (.data)) + SIZEOF (.noinit)))
                0x00000000                PROVIDE (__subdevice_has_heap, 0x0)
OUTPUT(sky-collect.sky elf32-msp430)
