Archive member included because of file (symbol)

contiki-jcreate.a(rimeaddr.o)
                              announce-blink.co (rimeaddr_copy)
contiki-jcreate.a(rime.o)     obj_jcreate/contiki-sky-main.o (rime_driver)
contiki-jcreate.a(rimestats.o)
                              contiki-jcreate.a(rime.o) (rimestats)
contiki-jcreate.a(announcement.o)
                              contiki-jcreate.a(rime.o) (announcement_init)
contiki-jcreate.a(broadcast-annou)
                              contiki-jcreate.a(rime.o) (broadcast_announcement_init)
contiki-jcreate.a(broadcast.o)
                              contiki-jcreate.a(broadcast-annou) (broadcast_open)
contiki-jcreate.a(abc.o)      contiki-jcreate.a(broadcast.o) (abc_open)
contiki-jcreate.a(chameleon.o)
                              contiki-jcreate.a(rime.o) (chameleon_init)
contiki-jcreate.a(channel.o)  contiki-jcreate.a(chameleon.o) (channel_init)
contiki-jcreate.a(chameleon-bitop)
                              contiki-jcreate.a(chameleon.o) (chameleon_bitopt)
contiki-jcreate.a(xmac.o)     announce-blink.co (xmac_set_announcement_radio_txpower)
contiki-jcreate.a(mac.o)      contiki-jcreate.a(xmac.o) (mac_call_sent_callback)
contiki-jcreate.a(framer-802154.o)
                              contiki-jcreate.a(xmac.o) (framer_802154)
contiki-jcreate.a(csma.o)     obj_jcreate/contiki-sky-main.o (csma_driver)
contiki-jcreate.a(contikimac.o)
                              obj_jcreate/contiki-sky-main.o (contikimac_driver)
contiki-jcreate.a(phase.o)    contiki-jcreate.a(contikimac.o) (phase_remove)
contiki-jcreate.a(process.o)  obj_jcreate/contiki-sky-main.o (process_start)
contiki-jcreate.a(autostart.o)
                              obj_jcreate/contiki-sky-main.o (autostart_start)
contiki-jcreate.a(compower.o)
                              contiki-jcreate.a(xmac.o) (compower_idle_activity)
contiki-jcreate.a(serial-line.o)
                              obj_jcreate/contiki-sky-main.o (serial_line_input_byte)
contiki-jcreate.a(memb.o)     announce-blink.co (memb_init)
contiki-jcreate.a(timer.o)    obj_jcreate/contiki-sky-main.o (timer_set)
contiki-jcreate.a(list.o)     announce-blink.co (list_init)
contiki-jcreate.a(etimer.o)   obj_jcreate/contiki-sky-main.o (etimer_process)
contiki-jcreate.a(ctimer.o)   obj_jcreate/contiki-sky-main.o (ctimer_init)
contiki-jcreate.a(energest.o)
                              obj_jcreate/contiki-sky-main.o (energest_init)
contiki-jcreate.a(rtimer.o)   obj_jcreate/contiki-sky-main.o (rtimer_init)
contiki-jcreate.a(random.o)   obj_jcreate/contiki-sky-main.o (random_init)
contiki-jcreate.a(ringbuf.o)  contiki-jcreate.a(serial-line.o) (ringbuf_init)
contiki-jcreate.a(packetbuf.o)
                              contiki-jcreate.a(rime.o) (packetbuf_clear)
contiki-jcreate.a(queuebuf.o)
                              contiki-jcreate.a(rime.o) (queuebuf_init)
contiki-jcreate.a(contiki-jcreate)
                              obj_jcreate/contiki-sky-main.o (init_platform)
contiki-jcreate.a(battery-sensor.)
                              contiki-jcreate.a(contiki-jcreate) (battery_sensor)
contiki-jcreate.a(acc-sensor.o)
                              announce-blink.co (acc_sensor)
contiki-jcreate.a(ds2411.o)   obj_jcreate/contiki-sky-main.o (ds2411_init)
contiki-jcreate.a(xmem.o)     obj_jcreate/contiki-sky-main.o (xmem_init)
contiki-jcreate.a(node-id.o)  obj_jcreate/contiki-sky-main.o (node_id)
contiki-jcreate.a(sensors.o)  contiki-jcreate.a(contiki-jcreate) (sensors_process)
contiki-jcreate.a(cc2420.o)   contiki-jcreate.a(xmac.o) (cc2420_driver)
contiki-jcreate.a(sky-sensors.o)
                              contiki-jcreate.a(battery-sensor.) (sky_sensors_status)
contiki-jcreate.a(uart1.o)    obj_jcreate/contiki-sky-main.o (uart1_active)
contiki-jcreate.a(uart1-putchar.o)
                              obj_jcreate/contiki-sky-main.o (putchar)
contiki-jcreate.a(msp430.o)   contiki-jcreate.a(broadcast-annou) (w_memcpy)
contiki-jcreate.a(clock.o)    contiki-jcreate.a(timer.o) (clock_time)
contiki-jcreate.a(leds.o)     obj_jcreate/contiki-sky-main.o (leds_init)
contiki-jcreate.a(leds-arch.o)
                              contiki-jcreate.a(leds.o) (leds_arch_init)
contiki-jcreate.a(watchdog.o)
                              contiki-jcreate.a(msp430.o) (watchdog_init)
contiki-jcreate.a(rtimer-arch.o)
                              obj_jcreate/contiki-sky-main.o (rtimer_arch_now)
contiki-jcreate.a(frame802154.o)
                              contiki-jcreate.a(framer-802154.o) (frame802154_hdrlen)
contiki-jcreate.a(spi.o)      contiki-jcreate.a(xmem.o) (spi_init)
/usr/lib/gcc-lib/msp430/3.2.3/msp2/libgcc.a(__stop_progExec__.o)
                              obj_jcreate/contiki-sky-main.o (__stop_progExec__)
/usr/lib/gcc-lib/msp430/3.2.3/msp2/libgcc.a(_mulsi3hw.o)
                              contiki-jcreate.a(csma.o) (__umulsi3hw)
/usr/lib/gcc-lib/msp430/3.2.3/msp2/libgcc.a(_udivmodhi4.o)
                              obj_jcreate/contiki-sky-main.o (__udivmodhi4)
/usr/lib/gcc-lib/msp430/3.2.3/msp2/libgcc.a(_udivmodsi4.o)
                              contiki-jcreate.a(broadcast-annou) (__udivmodsi4)
/usr/lib/gcc-lib/msp430/3.2.3/msp2/libgcc.a(_reset_vector__.o)
                              /usr/lib/gcc-lib/msp430/3.2.3/../../../../msp430/lib/crt430x1611.o (_reset_vector__)
/usr/lib/gcc-lib/msp430/3.2.3/msp2/libgcc.a(__low_level_init.o)
                              /usr/lib/gcc-lib/msp430/3.2.3/msp2/libgcc.a(_reset_vector__.o) (__low_level_init)
/usr/lib/gcc-lib/msp430/3.2.3/msp2/libgcc.a(__init_stack.o)
                              /usr/lib/gcc-lib/msp430/3.2.3/msp2/libgcc.a(_reset_vector__.o) (__init_stack)
/usr/lib/gcc-lib/msp430/3.2.3/msp2/libgcc.a(_copy_data.o)
                              /usr/lib/gcc-lib/msp430/3.2.3/msp2/libgcc.a(_reset_vector__.o) (__do_copy_data)
/usr/lib/gcc-lib/msp430/3.2.3/msp2/libgcc.a(_clear_bss.o)
                              /usr/lib/gcc-lib/msp430/3.2.3/msp2/libgcc.a(_reset_vector__.o) (__do_clear_bss)
/usr/lib/gcc-lib/msp430/3.2.3/msp2/libgcc.a(__jump_to_main.o)
                              /usr/lib/gcc-lib/msp430/3.2.3/msp2/libgcc.a(_reset_vector__.o) (__jump_to_main)
/usr/lib/gcc-lib/msp430/3.2.3/../../../../msp430/lib/msp2/libc.a(printf.o)
                              announce-blink.co (printf)
/usr/lib/gcc-lib/msp430/3.2.3/../../../../msp430/lib/msp2/libc.a(vuprintf.o)
                              /usr/lib/gcc-lib/msp430/3.2.3/../../../../msp430/lib/msp2/libc.a(printf.o) (vuprintf)
/usr/lib/gcc-lib/msp430/3.2.3/../../../../msp430/lib/msp2/libc.a(puts.o)
                              obj_jcreate/contiki-sky-main.o (puts)
/usr/lib/gcc-lib/msp430/3.2.3/../../../../msp430/lib/msp2/libc.a(rand.o)
                              contiki-jcreate.a(random.o) (rand)
/usr/lib/gcc-lib/msp430/3.2.3/../../../../msp430/lib/msp2/libc.a(memchr.o)
                              /usr/lib/gcc-lib/msp430/3.2.3/../../../../msp430/lib/msp2/libc.a(vuprintf.o) (memchr)
/usr/lib/gcc-lib/msp430/3.2.3/../../../../msp430/lib/msp2/libc.a(strncmp.o)
                              contiki-jcreate.a(sensors.o) (strncmp)

Allocating common symbols
Common symbol       size              file

compower_idle_activity
                    0x8               contiki-jcreate.a(compower.o)
energest_total_time
                    0x30              contiki-jcreate.a(energest.o)
cc2420_last_rssi    0x1               contiki-jcreate.a(cc2420.o)
cc2420_packets_read
                    0x2               contiki-jcreate.a(cc2420.o)
cc2420_packets_seen
                    0x2               contiki-jcreate.a(cc2420.o)
energest_total_count
                    0x2               contiki-jcreate.a(energest.o)
cc2420_sfd_start_time
                    0x2               contiki-jcreate.a(cc2420.o)
cc2420_time_of_departure
                    0x2               contiki-jcreate.a(cc2420.o)
cc2420_time_of_arrival
                    0x2               contiki-jcreate.a(cc2420.o)
rimestats           0x48              contiki-jcreate.a(rimestats.o)
energest_current_mode
                    0xc               contiki-jcreate.a(energest.o)
packetbuf_addrs     0x8               contiki-jcreate.a(packetbuf.o)
rimeaddr_node_addr  0x2               contiki-jcreate.a(rimeaddr.o)
process_maxevents   0x1               contiki-jcreate.a(process.o)
cc2420_last_correlation
                    0x1               contiki-jcreate.a(cc2420.o)
cc2420_authority_level_of_sender
                    0x2               contiki-jcreate.a(cc2420.o)
packetbuf_attrs     0x30              contiki-jcreate.a(packetbuf.o)
msp430_dco_required
                    0x2               contiki-jcreate.a(msp430.o)
cc2420_sfd_counter  0x1               contiki-jcreate.a(cc2420.o)
rime_mac            0x2               contiki-jcreate.a(rime.o)
energest_current_time
                    0x18              contiki-jcreate.a(energest.o)
sensors_flags       0x2               contiki-jcreate.a(contiki-jcreate)
serial_line_event_message
                    0x1               contiki-jcreate.a(serial-line.o)
cc2420_sfd_end_time
                    0x2               contiki-jcreate.a(cc2420.o)
sensors_event       0x1               contiki-jcreate.a(sensors.o)
ds2411_id           0x8               contiki-jcreate.a(ds2411.o)

Memory Configuration

Name             Origin             Length             Attributes
text             0x00004000         0x0000bfe0         xr
data             0x00001100         0x00002800         xrw
vectors          0x0000ffe0         0x00000020         rw
bootloader       0x00000c00         0x00000400         xr
infomem          0x00001000         0x00000100         xr
infomemnobits    0x00001000         0x00000100         xr
*default*        0x00000000         0xffffffff

Linker script and memory map

LOAD /usr/lib/gcc-lib/msp430/3.2.3/../../../../msp430/lib/crt430x1611.o
LOAD announce-blink.co
LOAD obj_jcreate/contiki-sky-main.o
LOAD contiki-jcreate.a
LOAD /usr/lib/gcc-lib/msp430/3.2.3/msp2/libgcc.a
LOAD /usr/lib/gcc-lib/msp430/3.2.3/../../../../msp430/lib/msp2/libc.a
LOAD /usr/lib/gcc-lib/msp430/3.2.3/msp2/libgcc.a

.hash
 *(.hash)

.dynsym
 *(.dynsym)

.dynstr
 *(.dynstr)

.gnu.version
 *(.gnu.version)

.gnu.version_d
 *(.gnu.version_d)

.gnu.version_r
 *(.gnu.version_r)

.rel.init
 *(.rel.init)

.rela.init
 *(.rela.init)

.rel.text
 *(.rel.text)
 *(.rel.text.*)
 *(.rel.gnu.linkonce.t*)

.rela.text
 *(.rela.text)
 *(.rela.text.*)
 *(.rela.gnu.linkonce.t*)

.rel.fini
 *(.rel.fini)

.rela.fini
 *(.rela.fini)

.rel.rodata
 *(.rel.rodata)
 *(.rel.rodata.*)
 *(.rel.gnu.linkonce.r*)

.rela.rodata
 *(.rela.rodata)
 *(.rela.rodata.*)
 *(.rela.gnu.linkonce.r*)

.rel.data
 *(.rel.data)
 *(.rel.data.*)
 *(.rel.gnu.linkonce.d*)

.rela.data
 *(.rela.data)
 *(.rela.data.*)
 *(.rela.gnu.linkonce.d*)

.rel.ctors
 *(.rel.ctors)

.rela.ctors
 *(.rela.ctors)

.rel.dtors
 *(.rel.dtors)

.rela.dtors
 *(.rela.dtors)

.rel.got
 *(.rel.got)

.rela.got
 *(.rela.got)

.rel.bss
 *(.rel.bss)

.rela.bss
 *(.rela.bss)

.rel.plt
 *(.rel.plt)

.rela.plt
 *(.rela.plt)

.text           0x00004000     0x5940
                0x00004000                . = ALIGN (0x2)
 *(.init)
 *(.init)
 *(.init0)
 .init0         0x00004000        0x0 /usr/lib/gcc-lib/msp430/3.2.3/msp2/libgcc.a(_reset_vector__.o)
                0x00004000                _reset_vector__
 *(.init0)
 *(.init1)
 *(.init1)
 *(.init2)
 .init2         0x00004000        0x4 /usr/lib/gcc-lib/msp430/3.2.3/msp2/libgcc.a(__init_stack.o)
                0x00004000                __init_stack
 *(.init2)
 *(.init3)
 .init3         0x00004004        0x6 /usr/lib/gcc-lib/msp430/3.2.3/msp2/libgcc.a(__low_level_init.o)
                0x00004004                __low_level_init
 *(.init3)
 *(.init4)
 .init4         0x0000400a       0x12 /usr/lib/gcc-lib/msp430/3.2.3/msp2/libgcc.a(_copy_data.o)
                0x0000400a                __do_copy_data
 .init4         0x0000401c       0x10 /usr/lib/gcc-lib/msp430/3.2.3/msp2/libgcc.a(_clear_bss.o)
                0x0000401c                __do_clear_bss
 *(.init4)
 *(.init5)
 *(.init5)
 *(.init6)
 *(.init6)
 *(.init7)
 *(.init7)
 *(.init8)
 *(.init8)
 *(.init9)
 .init9         0x0000402c        0x4 /usr/lib/gcc-lib/msp430/3.2.3/msp2/libgcc.a(__jump_to_main.o)
                0x0000402c                __jump_to_main
 *(.init9)
                0x00004030                __ctors_start = .
 *(.ctors)
 *(.ctors)
                0x00004030                __ctors_end = .
                0x00004030                __dtors_start = .
 *(.dtors)
 *(.dtors)
                0x00004030                __dtors_end = .
                0x00004030                . = ALIGN (0x2)
 *(.text)
 .text          0x00004030        0x6 /usr/lib/gcc-lib/msp430/3.2.3/../../../../msp430/lib/crt430x1611.o
                0x00004030                _unexpected_1_
                0x00004030                vector_ffe0
                0x00004030                vector_fff0
                0x00004030                vector_fffc
                0x00004030                vector_ffe4
                0x00004030                vector_ffe2
                0x00004030                vector_ffe8
                0x00004034                _unexpected_
                0x00004030                vector_fffa
                0x00004030                vector_ffee
                0x00004030                vector_fff8
                0x00004030                vector_fff2
                0x00004030                vector_fff6
 .text          0x00004036      0x262 announce-blink.co
                0x00004044                autostart_processes
 .text          0x00004298      0x3f0 obj_jcreate/contiki-sky-main.o
                0x00004414                main
                0x00004298                uip_log
 .text          0x00004688       0x42 contiki-jcreate.a(rimeaddr.o)
                0x000046be                rimeaddr_set_node_addr
                0x00004688                rimeaddr_null
                0x0000468a                rimeaddr_copy
                0x00004698                rimeaddr_cmp
 .text          0x000046ca      0x11a contiki-jcreate.a(rime.o)
                0x000047de                rime_driver
                0x000046ca                rime_sniffer_add
                0x000046d6                rime_sniffer_remove
                0x000047ac                rime_output
 .text          0x000047e4        0x0 contiki-jcreate.a(rimestats.o)
 .text          0x000047e4      0x12a contiki-jcreate.a(announcement.o)
                0x0000485c                announcement_set_value
                0x000047ee                announcement_register
                0x0000483a                announcement_remove_value
                0x000048ca                announcement_heard
                0x000048ba                announcement_register_observer_callback
                0x000048b4                announcement_register_listen_callback
                0x000048a6                announcement_listen
                0x00004884                announcement_bump
                0x000047e4                announcement_init
                0x000048c0                announcement_list
                0x0000482e                announcement_remove
 .text          0x0000490e      0x254 contiki-jcreate.a(broadcast-annou)
                0x00004b58                broadcast_announcement_beacon_interval
                0x00004b3e                broadcast_announcement_stop
                0x00004ade                broadcast_announcement_init
 .text          0x00004b62       0x8a contiki-jcreate.a(broadcast.o)
                0x00004ba2                broadcast_open
                0x00004bcc                broadcast_close
                0x00004bd2                broadcast_send
 .text          0x00004bec       0x54 contiki-jcreate.a(abc.o)
                0x00004c1a                abc_send
                0x00004c20                abc_input
                0x00004bee                abc_open
                0x00004c28                abc_sent
                0x00004c14                abc_close
 .text          0x00004c40       0x38 contiki-jcreate.a(chameleon.o)
                0x00004c72                chameleon_hdrsize
                0x00004c40                chameleon_init
                0x00004c56                chameleon_create
                0x00004c46                chameleon_parse
 .text          0x00004c78       0x6e contiki-jcreate.a(channel.o)
                0x00004cc2                channel_lookup
                0x00004c82                channel_set_attributes
                0x00004c78                channel_init
                0x00004ca6                channel_open
                0x00004cb6                channel_close
 .text          0x00004ce6      0x44e contiki-jcreate.a(chameleon-bitop)
                0x000050cc                get_bits_in_byte
                0x00004dfe                set_bits
                0x00005104                set_bits_in_byte
                0x000050c6                chameleon_bitopt
                0x00004cf0                get_bits
 .text          0x00005134      0x682 contiki-jcreate.a(xmac.o)
                0x00005724                xmac_set_announcement_radio_txpower
                0x000057a8                xmac_driver
 .text          0x000057b6       0x14 contiki-jcreate.a(mac.o)
                0x000057b6                mac_call_sent_callback
 .text          0x000057ca      0x1e0 contiki-jcreate.a(framer-802154.o)
                0x000059a6                framer_802154
 .text          0x000059aa      0x2b0 contiki-jcreate.a(csma.o)
                0x00005c4c                csma_driver
 .text          0x00005c5a      0x764 contiki-jcreate.a(contikimac.o)
                0x000063ba                contikimac_debug_print
                0x000063ac                contikimac_driver
 .text          0x000063be      0x276 contiki-jcreate.a(phase.o)
                0x000063fa                phase_remove
                0x00006614                phase_init
                0x000063be                find_neighbor
                0x00006424                phase_update
                0x00006510                phase_wait
 .text          0x00006634      0x2f0 contiki-jcreate.a(process.o)
                0x00006896                process_post
                0x00006888                process_nevents
                0x0000663e                process_start
                0x000068ea                process_post_synch
                0x000068fc                process_poll
                0x00006634                process_alloc_event
                0x00006768                process_exit
                0x00006916                process_is_running
                0x00006772                process_init
                0x0000686c                process_run
 .text          0x00006924       0x5e contiki-jcreate.a(autostart.o)
                0x00006954                autostart_exit
                0x00006924                autostart_start
 .text          0x00006982       0x9a contiki-jcreate.a(compower.o)
                0x0000698c                compower_accumulate
                0x000069fe                compower_accumulate_attrs
                0x000069f2                compower_attrconv
                0x00006982                compower_init
                0x000069e0                compower_clear
 .text          0x00006a1c      0x130 contiki-jcreate.a(serial-line.o)
                0x00006a2a                serial_line_input_byte
                0x00006b30                serial_line_init
 .text          0x00006b4c       0xfc contiki-jcreate.a(memb.o)
                0x00006b88                memb_alloc
                0x00006bca                memb_free
                0x00006b4c                memb_init
                0x00006c0c                memb_inmemb
 .text          0x00006c48       0x90 contiki-jcreate.a(timer.o)
                0x00006c86                timer_expired
                0x00006cb4                timer_remaining
                0x00006c48                timer_set
                0x00006c72                timer_restart
                0x00006c64                timer_reset
 .text          0x00006cd8      0x10a contiki-jcreate.a(list.o)
                0x00006ce2                list_copy
                0x00006d2e                list_push
                0x00006d74                list_pop
                0x00006d04                list_add
                0x00006dac                list_length
                0x00006cea                list_tail
                0x00006cde                list_head
                0x00006dc0                list_insert
                0x00006d48                list_chop
                0x00006dd6                list_item_next
                0x00006cd8                list_init
                0x00006d82                list_remove
 .text          0x00006de2      0x2be contiki-jcreate.a(etimer.o)
                0x00007034                etimer_pending
                0x00006fd0                etimer_reset
                0x00006fb4                etimer_set
                0x00006ff4                etimer_adjust
                0x00006fe2                etimer_restart
                0x0000702e                etimer_start_time
                0x00007040                etimer_next_expiration_time
                0x00006f70                etimer_request_poll
                0x0000701a                etimer_expiration_time
                0x00007058                etimer_stop
                0x0000700c                etimer_expired
 .text          0x000070a0      0x220 contiki-jcreate.a(ctimer.o)
                0x00007184                ctimer_set
                0x0000722a                ctimer_restart
                0x000071f0                ctimer_reset
                0x0000716c                ctimer_init
                0x0000728c                ctimer_expired
                0x00007264                ctimer_stop
 .text          0x000072c0       0xc8 contiki-jcreate.a(energest.o)
                0x00007332                energest_type_set
                0x0000732c                energest_leveldevice_leveltime
                0x00007340                energest_flush
                0x000072c0                energest_init
                0x000072e6                energest_type_time
 .text          0x00007388       0x60 contiki-jcreate.a(rtimer.o)
                0x000073c0                rtimer_run_next
                0x0000738e                rtimer_set
                0x00007388                rtimer_init
 .text          0x000073e8        0xc contiki-jcreate.a(random.o)
                0x000073ee                random_rand
                0x000073e8                random_init
 .text          0x000073f4       0xa4 contiki-jcreate.a(ringbuf.o)
                0x000073f4                ringbuf_init
                0x00007484                ringbuf_elements
                0x00007408                ringbuf_put
                0x00007446                ringbuf_get
                0x0000747c                ringbuf_size
 .text          0x00007498      0x272 contiki-jcreate.a(packetbuf.o)
                0x0000757a                packetbuf_copyto
                0x00007656                packetbuf_is_reference
                0x000076c8                packetbuf_attr_copyto
                0x000074c0                packetbuf_copyfrom
                0x000075fe                packetbuf_hdr_remove
                0x0000761e                packetbuf_set_datalen
                0x00007672                packetbuf_datalen
                0x000076e8                packetbuf_attr_copyfrom
                0x0000766c                packetbuf_reference_ptr
                0x000074b8                packetbuf_clear_hdr
                0x00007550                packetbuf_copyto_hdr
                0x00007684                packetbuf_totlen
                0x0000763c                packetbuf_reference
                0x000075d8                packetbuf_hdralloc
                0x00007678                packetbuf_hdrlen
                0x00007632                packetbuf_hdrptr
                0x00007604                packetbuf_hdrreduce
                0x00007624                packetbuf_dataptr
                0x000074ee                packetbuf_compact
                0x00007498                packetbuf_clear
                0x00007698                packetbuf_attr_clear
 .text          0x0000770a      0x18c contiki-jcreate.a(queuebuf.o)
                0x00007872                queuebuf_addr
                0x0000783c                queuebuf_dataptr
                0x0000786e                queuebuf_datalen
                0x00007798                queuebuf_free
                0x0000770a                queuebuf_init
                0x00007894                queuebuf_debug_print
                0x00007884                queuebuf_attr
                0x0000771c                queuebuf_new_from_packetbuf
                0x00007784                queuebuf_update_attr_from_packetbuf
                0x000077d0                queuebuf_to_packetbuf
 .text          0x00007896        0xc contiki-jcreate.a(contiki-jcreate)
                0x00007896                init_platform
 .text          0x000078a2       0x34 contiki-jcreate.a(battery-sensor.)
                0x000078ce                battery_sensor
 .text          0x000078d6       0x9a contiki-jcreate.a(acc-sensor.o)
                0x00007968                acc_sensor
 .text          0x00007970      0x1b8 contiki-jcreate.a(ds2411.o)
                0x00007a7e                ds2411_init
 .text          0x00007b28      0x390 contiki-jcreate.a(xmem.o)
                0x00007c4c                xmem_pread
                0x00007db0                xmem_pwrite
                0x00007c10                xmem_init
                0x00007e58                xmem_erase
 .text          0x00007eb8       0x6e contiki-jcreate.a(node-id.o)
                0x00007ef0                node_id_burn
                0x00007eb8                node_id_restore
 .text          0x00007f26      0x1a2 contiki-jcreate.a(sensors.o)
                0x00007f78                sensors_find
                0x00007f52                sensors_first
                0x00007f58                sensors_next
                0x00007f64                sensors_changed
 .text          0x000080c8      0x53c contiki-jcreate.a(cc2420.o)
                0x00008134                cc2420_init
                0x00008340                cc2420_set_pan_addr
                0x000080d6                cc2420_driver
                0x00008552                cc2420_cca_valid
                0x0000837c                cc2420_interrupt
                0x00008322                cc2420_set_channel
                0x000084e0                cc2420_set_txpower
                0x000084ee                cc2420_get_txpower
                0x000085ec                cc2420_set_cca_threshold
                0x0000831c                cc2420_get_channel
                0x000082fa                cc2420_on
                0x000082c8                cc2420_off
                0x0000850c                cc2420_rssi
 .text          0x00008604      0x144 contiki-jcreate.a(sky-sensors.o)
                0x00008604                sky_sensors_status
                0x00008650                sky_sensors_configure
 .text          0x00008748      0x174 contiki-jcreate.a(uart1.o)
                0x0000877a                uart1_init
                0x0000883a                uart1_rx_interrupt
                0x00008762                uart1_writeb
                0x0000875c                uart1_set_input
                0x00008748                uart1_active
                0x0000883a                vector_ffe6
 .text          0x000088bc        0xe contiki-jcreate.a(uart1-putchar.o)
                0x000088bc                putchar
 .text          0x000088ca      0x18a contiki-jcreate.a(msp430.o)
                0x000088f0                w_memset
                0x0000899a                msp430_remove_lpm_req
                0x000089ea                splhigh_
                0x000089f6                msp430_sync_dco
                0x000088ca                w_memcpy
                0x000089a6                msp430_cpu_init
                0x0000898e                msp430_add_lpm_req
                0x000089f2                splx_
                0x000089ca                sbrk
                0x00008912                msp430_init_dco
 .text          0x00008a54      0x194 contiki-jcreate.a(clock.o)
                0x00008be2                clock_counter
                0x00008b56                clock_fine_max
                0x00008b66                clock_init
                0x00008b92                clock_wait
                0x00008bc8                clock_seconds
                0x00008a54                timera1
                0x00008b5c                clock_fine
                0x00008b8c                clock_delay
                0x00008b30                clock_set
                0x00008bc6                clock_set_seconds
                0x00008b16                clock_time
                0x00008a54                vector_ffea
 .text          0x00008be8       0xc8 contiki-jcreate.a(leds.o)
                0x00008c50                leds_toggle
                0x00008c9c                leds_orange
                0x00008c30                leds_on
                0x00008c3e                leds_off
                0x00008c88                leds_red
                0x00008c28                leds_get
                0x00008c60                leds_green
                0x00008c56                leds_invert
                0x00008c04                leds_blink
                0x00008c74                leds_yellow
                0x00008bf6                leds_init
 .text          0x00008cb0       0x1c contiki-jcreate.a(leds-arch.o)
                0x00008cb0                leds_arch_init
                0x00008cba                leds_arch_get
                0x00008cc4                leds_arch_set
 .text          0x00008ccc       0x60 contiki-jcreate.a(watchdog.o)
                0x00008d02                watchdog_periodic
                0x00008cf4                watchdog_start
                0x00008ccc                watchdog_interrupt
                0x00008d12                watchdog_stop
                0x00008ccc                vector_fff4
                0x00008d26                watchdog_reboot
                0x00008ce2                watchdog_init
 .text          0x00008d2c       0xa8 contiki-jcreate.a(rtimer-arch.o)
                0x00008d8e                rtimer_arch_now
                0x00008d2c                vector_ffec
                0x00008d82                rtimer_arch_init
                0x00008dbc                rtimer_arch_schedule
                0x00008d2c                timera0
 .text          0x00008dd4      0x3d2 contiki-jcreate.a(frame802154.o)
                0x00008e8e                frame802154_create
                0x00009000                frame802154_parse
                0x00008e66                frame802154_hdrlen
 .text          0x000091a6        0x2 contiki-jcreate.a(spi.o)
                0x000091a6                spi_init
 .text          0x000091a8        0x0 /usr/lib/gcc-lib/msp430/3.2.3/msp2/libgcc.a(__stop_progExec__.o)
 .text          0x000091a8        0x0 /usr/lib/gcc-lib/msp430/3.2.3/msp2/libgcc.a(_mulsi3hw.o)
 .text          0x000091a8        0x0 /usr/lib/gcc-lib/msp430/3.2.3/msp2/libgcc.a(_udivmodhi4.o)
 .text          0x000091a8        0x0 /usr/lib/gcc-lib/msp430/3.2.3/msp2/libgcc.a(_udivmodsi4.o)
 .text          0x000091a8        0x0 /usr/lib/gcc-lib/msp430/3.2.3/msp2/libgcc.a(_reset_vector__.o)
 .text          0x000091a8        0x0 /usr/lib/gcc-lib/msp430/3.2.3/msp2/libgcc.a(__low_level_init.o)
 .text          0x000091a8        0x0 /usr/lib/gcc-lib/msp430/3.2.3/msp2/libgcc.a(__init_stack.o)
 .text          0x000091a8        0x0 /usr/lib/gcc-lib/msp430/3.2.3/msp2/libgcc.a(_copy_data.o)
 .text          0x000091a8        0x0 /usr/lib/gcc-lib/msp430/3.2.3/msp2/libgcc.a(_clear_bss.o)
 .text          0x000091a8        0x0 /usr/lib/gcc-lib/msp430/3.2.3/msp2/libgcc.a(__jump_to_main.o)
 .text          0x000091a8       0x12 /usr/lib/gcc-lib/msp430/3.2.3/../../../../msp430/lib/msp2/libc.a(printf.o)
                0x000091a8                printf
 .text          0x000091ba      0x61a /usr/lib/gcc-lib/msp430/3.2.3/../../../../msp430/lib/msp2/libc.a(vuprintf.o)
                0x0000921e                vuprintf
 .text          0x000097d4       0x2e /usr/lib/gcc-lib/msp430/3.2.3/../../../../msp430/lib/msp2/libc.a(puts.o)
                0x000097d4                puts
 .text          0x00009802       0x7a /usr/lib/gcc-lib/msp430/3.2.3/../../../../msp430/lib/msp2/libc.a(rand.o)
                0x0000984a                rand_r
                0x00009868                rand
                0x00009872                srand
 .text          0x0000987c       0x24 /usr/lib/gcc-lib/msp430/3.2.3/../../../../msp430/lib/msp2/libc.a(memchr.o)
                0x0000987c                memchr
 .text          0x000098a0       0x30 /usr/lib/gcc-lib/msp430/3.2.3/../../../../msp430/lib/msp2/libc.a(strncmp.o)
                0x000098a0                strncmp
                0x000098d0                . = ALIGN (0x2)
 *(.text.*)
 .text.libgcc   0x000098d0        0x0 /usr/lib/gcc-lib/msp430/3.2.3/msp2/libgcc.a(__stop_progExec__.o)
 .text.libgcc   0x000098d0       0x28 /usr/lib/gcc-lib/msp430/3.2.3/msp2/libgcc.a(_mulsi3hw.o)
                0x000098d0                __umulsi3hw
 .text.libgcc   0x000098f8       0x1c /usr/lib/gcc-lib/msp430/3.2.3/msp2/libgcc.a(_udivmodhi4.o)
                0x000098f8                __udivmodhi4
 .text.libgcc   0x00009914       0x2a /usr/lib/gcc-lib/msp430/3.2.3/msp2/libgcc.a(_udivmodsi4.o)
                0x00009914                __udivmodsi4
 .text.libgcc   0x0000993e        0x0 /usr/lib/gcc-lib/msp430/3.2.3/msp2/libgcc.a(_reset_vector__.o)
 .text.libgcc   0x0000993e        0x0 /usr/lib/gcc-lib/msp430/3.2.3/msp2/libgcc.a(__low_level_init.o)
 .text.libgcc   0x0000993e        0x0 /usr/lib/gcc-lib/msp430/3.2.3/msp2/libgcc.a(__init_stack.o)
 .text.libgcc   0x0000993e        0x0 /usr/lib/gcc-lib/msp430/3.2.3/msp2/libgcc.a(_copy_data.o)
 .text.libgcc   0x0000993e        0x0 /usr/lib/gcc-lib/msp430/3.2.3/msp2/libgcc.a(_clear_bss.o)
 .text.libgcc   0x0000993e        0x0 /usr/lib/gcc-lib/msp430/3.2.3/msp2/libgcc.a(__jump_to_main.o)
                0x0000993e                . = ALIGN (0x2)
 *(.fini9)
 .fini9         0x0000993e        0x0 /usr/lib/gcc-lib/msp430/3.2.3/msp2/libgcc.a(__stop_progExec__.o)
                0x0000993e                __stop_progExec__
 *(.fini9)
 *(.fini8)
 *(.fini8)
 *(.fini7)
 *(.fini7)
 *(.fini6)
 *(.fini6)
 *(.fini5)
 *(.fini5)
 *(.fini4)
 *(.fini4)
 *(.fini3)
 *(.fini3)
 *(.fini2)
 *(.fini2)
 *(.fini1)
 *(.fini1)
 *(.fini0)
 .fini0         0x0000993e        0x2 /usr/lib/gcc-lib/msp430/3.2.3/msp2/libgcc.a(__stop_progExec__.o)
 *(.fini0)
 *(.fini)
 *(.fini)
                0x00009940                _etext = .

.data           0x00001100       0xd0 load address 0x00009940
                0x00001100                PROVIDE (__data_start, .)
                0x00001100                . = ALIGN (0x2)
 *(.data)
 .data          0x00001100        0x0 /usr/lib/gcc-lib/msp430/3.2.3/../../../../msp430/lib/crt430x1611.o
 .data          0x00001100       0x16 announce-blink.co
                0x0000110c                announce_blink_process
 .data          0x00001116        0x4 obj_jcreate/contiki-sky-main.o
 .data          0x0000111a        0x0 contiki-jcreate.a(rimeaddr.o)
 .data          0x0000111a        0x4 contiki-jcreate.a(rime.o)
 .data          0x0000111e        0x0 contiki-jcreate.a(rimestats.o)
 .data          0x0000111e        0x4 contiki-jcreate.a(announcement.o)
 .data          0x00001122        0x0 contiki-jcreate.a(broadcast-annou)
 .data          0x00001122        0x0 contiki-jcreate.a(broadcast.o)
 .data          0x00001122        0x0 contiki-jcreate.a(abc.o)
 .data          0x00001122        0x0 contiki-jcreate.a(chameleon.o)
 .data          0x00001122        0x4 contiki-jcreate.a(channel.o)
 .data          0x00001126        0x0 contiki-jcreate.a(chameleon-bitop)
 .data          0x00001126       0x1a contiki-jcreate.a(xmac.o)
                0x00001126                xmac_config
 .data          0x00001140        0x0 contiki-jcreate.a(mac.o)
 .data          0x00001140        0x1 contiki-jcreate.a(framer-802154.o)
 *fill*         0x00001141        0x1 00
 .data          0x00001142        0xc contiki-jcreate.a(csma.o)
 .data          0x0000114e       0x14 contiki-jcreate.a(contikimac.o)
                0x0000115e                phase_list
 .data          0x00001162        0x8 contiki-jcreate.a(phase.o)
 .data          0x0000116a        0x4 contiki-jcreate.a(process.o)
                0x0000116a                process_list
                0x0000116c                process_current
 .data          0x0000116e        0x0 contiki-jcreate.a(autostart.o)
 .data          0x0000116e        0x0 contiki-jcreate.a(compower.o)
 .data          0x0000116e        0xc contiki-jcreate.a(serial-line.o)
                0x0000116e                serial_line_process
 .data          0x0000117a        0x0 contiki-jcreate.a(memb.o)
 .data          0x0000117a        0x0 contiki-jcreate.a(timer.o)
 .data          0x0000117a        0x0 contiki-jcreate.a(list.o)
 .data          0x0000117a        0xa contiki-jcreate.a(etimer.o)
                0x0000117a                etimer_process
 .data          0x00001184        0xe contiki-jcreate.a(ctimer.o)
                0x00001188                ctimer_process
 .data          0x00001192        0x0 contiki-jcreate.a(energest.o)
 .data          0x00001192        0x0 contiki-jcreate.a(rtimer.o)
 .data          0x00001192        0x0 contiki-jcreate.a(random.o)
 .data          0x00001192        0x0 contiki-jcreate.a(ringbuf.o)
 .data          0x00001192        0x2 contiki-jcreate.a(packetbuf.o)
 .data          0x00001194       0x10 contiki-jcreate.a(queuebuf.o)
 .data          0x000011a4        0x4 contiki-jcreate.a(contiki-jcreate)
                0x000011a4                sensors
 .data          0x000011a8        0x0 contiki-jcreate.a(battery-sensor.)
 .data          0x000011a8        0x0 contiki-jcreate.a(acc-sensor.o)
 .data          0x000011a8        0x0 contiki-jcreate.a(ds2411.o)
 .data          0x000011a8        0x0 contiki-jcreate.a(xmem.o)
 .data          0x000011a8        0x2 contiki-jcreate.a(node-id.o)
                0x000011a8                node_id
 .data          0x000011aa        0xa contiki-jcreate.a(sensors.o)
                0x000011aa                sensors_process
 .data          0x000011b4        0xa contiki-jcreate.a(cc2420.o)
                0x000011b4                cc2420_process
 .data          0x000011be        0x0 contiki-jcreate.a(sky-sensors.o)
 .data          0x000011be        0x0 contiki-jcreate.a(uart1.o)
 .data          0x000011be        0x0 contiki-jcreate.a(uart1-putchar.o)
 .data          0x000011be        0x2 contiki-jcreate.a(msp430.o)
 .data          0x000011c0        0x6 contiki-jcreate.a(clock.o)
 .data          0x000011c6        0x0 contiki-jcreate.a(leds.o)
 .data          0x000011c6        0x0 contiki-jcreate.a(leds-arch.o)
 .data          0x000011c6        0x2 contiki-jcreate.a(watchdog.o)
 .data          0x000011c8        0x0 contiki-jcreate.a(rtimer-arch.o)
 .data          0x000011c8        0x0 contiki-jcreate.a(frame802154.o)
 .data          0x000011c8        0x2 contiki-jcreate.a(spi.o)
                0x000011c8                spi_busy
 .data          0x000011ca        0x0 /usr/lib/gcc-lib/msp430/3.2.3/msp2/libgcc.a(__stop_progExec__.o)
 .data          0x000011ca        0x0 /usr/lib/gcc-lib/msp430/3.2.3/msp2/libgcc.a(_mulsi3hw.o)
 .data          0x000011ca        0x0 /usr/lib/gcc-lib/msp430/3.2.3/msp2/libgcc.a(_udivmodhi4.o)
 .data          0x000011ca        0x0 /usr/lib/gcc-lib/msp430/3.2.3/msp2/libgcc.a(_udivmodsi4.o)
 .data          0x000011ca        0x0 /usr/lib/gcc-lib/msp430/3.2.3/msp2/libgcc.a(_reset_vector__.o)
 .data          0x000011ca        0x0 /usr/lib/gcc-lib/msp430/3.2.3/msp2/libgcc.a(__low_level_init.o)
 .data          0x000011ca        0x0 /usr/lib/gcc-lib/msp430/3.2.3/msp2/libgcc.a(__init_stack.o)
 .data          0x000011ca        0x0 /usr/lib/gcc-lib/msp430/3.2.3/msp2/libgcc.a(_copy_data.o)
 .data          0x000011ca        0x0 /usr/lib/gcc-lib/msp430/3.2.3/msp2/libgcc.a(_clear_bss.o)
 .data          0x000011ca        0x0 /usr/lib/gcc-lib/msp430/3.2.3/msp2/libgcc.a(__jump_to_main.o)
 .data          0x000011ca        0x0 /usr/lib/gcc-lib/msp430/3.2.3/../../../../msp430/lib/msp2/libc.a(printf.o)
 .data          0x000011ca        0x2 /usr/lib/gcc-lib/msp430/3.2.3/../../../../msp430/lib/msp2/libc.a(vuprintf.o)
 .data          0x000011cc        0x0 /usr/lib/gcc-lib/msp430/3.2.3/../../../../msp430/lib/msp2/libc.a(puts.o)
 .data          0x000011cc        0x4 /usr/lib/gcc-lib/msp430/3.2.3/../../../../msp430/lib/msp2/libc.a(rand.o)
 .data          0x000011d0        0x0 /usr/lib/gcc-lib/msp430/3.2.3/../../../../msp430/lib/msp2/libc.a(memchr.o)
 .data          0x000011d0        0x0 /usr/lib/gcc-lib/msp430/3.2.3/../../../../msp430/lib/msp2/libc.a(strncmp.o)
 *(SORT(.data.*))
                0x000011d0                . = ALIGN (0x2)
 *(.gnu.linkonce.d*)
                0x000011d0                . = ALIGN (0x2)
                0x000011d0                _edata = .
                0x00009940                PROVIDE (__data_load_start, LOADADDR (.data))
                0x000000d0                PROVIDE (__data_size, SIZEOF (.data))

.bootloader     0x00000c00        0x0
                0x00000c00                PROVIDE (__boot_start, .)
 *(.bootloader)
                0x00000c00                . = ALIGN (0x2)
 *(.bootloader.*)

.infomem        0x00001000        0x0
 *(.infomem)
                0x00001000                . = ALIGN (0x2)
 *(.infomem.*)

.infomemnobits  0x00001000        0x0
 *(.infomemnobits)
                0x00001000                . = ALIGN (0x2)
 *(.infomemnobits.*)

.bss            0x000011d0     0x1486
                0x000011d0                PROVIDE (__bss_start, .)
 *(.bss)
 .bss           0x000011d0        0x0 /usr/lib/gcc-lib/msp430/3.2.3/../../../../msp430/lib/crt430x1611.o
 .bss           0x000011d0       0xe0 announce-blink.co
 .bss           0x000012b0        0x8 obj_jcreate/contiki-sky-main.o
 .bss           0x000012b8        0x0 contiki-jcreate.a(rimeaddr.o)
 .bss           0x000012b8        0x0 contiki-jcreate.a(rime.o)
 .bss           0x000012b8        0x0 contiki-jcreate.a(rimestats.o)
 .bss           0x000012b8        0x4 contiki-jcreate.a(announcement.o)
 .bss           0x000012bc       0x46 contiki-jcreate.a(broadcast-annou)
 .bss           0x00001302        0x0 contiki-jcreate.a(broadcast.o)
 .bss           0x00001302        0x0 contiki-jcreate.a(abc.o)
 .bss           0x00001302        0x0 contiki-jcreate.a(chameleon.o)
 .bss           0x00001302        0x0 contiki-jcreate.a(channel.o)
 .bss           0x00001302        0x0 contiki-jcreate.a(chameleon-bitop)
 .bss           0x00001302       0x56 contiki-jcreate.a(xmac.o)
 .bss           0x00001358        0x0 contiki-jcreate.a(mac.o)
 .bss           0x00001358        0x1 contiki-jcreate.a(framer-802154.o)
 *fill*         0x00001359        0x1 00
 .bss           0x0000135a       0x66 contiki-jcreate.a(csma.o)
 .bss           0x000013c0      0x264 contiki-jcreate.a(contikimac.o)
 .bss           0x00001624       0xd8 contiki-jcreate.a(phase.o)
 .bss           0x000016fc       0x3e contiki-jcreate.a(process.o)
 .bss           0x0000173a        0x0 contiki-jcreate.a(autostart.o)
 .bss           0x0000173a        0x8 contiki-jcreate.a(compower.o)
 .bss           0x00001742      0x108 contiki-jcreate.a(serial-line.o)
 .bss           0x0000184a        0x0 contiki-jcreate.a(memb.o)
 .bss           0x0000184a        0x0 contiki-jcreate.a(timer.o)
 .bss           0x0000184a        0x0 contiki-jcreate.a(list.o)
 .bss           0x0000184a        0x6 contiki-jcreate.a(etimer.o)
 .bss           0x00001850        0x1 contiki-jcreate.a(ctimer.o)
 .bss           0x00001851        0x0 contiki-jcreate.a(energest.o)
 *fill*         0x00001851        0x1 00
 .bss           0x00001852        0x2 contiki-jcreate.a(rtimer.o)
 .bss           0x00001854        0x0 contiki-jcreate.a(random.o)
 .bss           0x00001854        0x0 contiki-jcreate.a(ringbuf.o)
 .bss           0x00001854       0xba contiki-jcreate.a(packetbuf.o)
 .bss           0x0000190e      0xc1e contiki-jcreate.a(queuebuf.o)
 .bss           0x0000252c        0x0 contiki-jcreate.a(contiki-jcreate)
 .bss           0x0000252c        0x0 contiki-jcreate.a(battery-sensor.)
 .bss           0x0000252c        0x0 contiki-jcreate.a(acc-sensor.o)
 .bss           0x0000252c        0x0 contiki-jcreate.a(ds2411.o)
 .bss           0x0000252c        0x0 contiki-jcreate.a(xmem.o)
 .bss           0x0000252c        0x0 contiki-jcreate.a(node-id.o)
 .bss           0x0000252c        0x6 contiki-jcreate.a(sensors.o)
 .bss           0x00002532        0xc contiki-jcreate.a(cc2420.o)
 .bss           0x0000253e        0x4 contiki-jcreate.a(sky-sensors.o)
 .bss           0x00002542        0x4 contiki-jcreate.a(uart1.o)
 .bss           0x00002546        0x0 contiki-jcreate.a(uart1-putchar.o)
 .bss           0x00002546        0x0 contiki-jcreate.a(msp430.o)
 .bss           0x00002546        0x4 contiki-jcreate.a(clock.o)
 .bss           0x0000254a        0x2 contiki-jcreate.a(leds.o)
 .bss           0x0000254c        0x0 contiki-jcreate.a(leds-arch.o)
 .bss           0x0000254c        0x0 contiki-jcreate.a(watchdog.o)
 .bss           0x0000254c        0x0 contiki-jcreate.a(rtimer-arch.o)
 .bss           0x0000254c        0x0 contiki-jcreate.a(frame802154.o)
 .bss           0x0000254c        0x0 contiki-jcreate.a(spi.o)
 .bss           0x0000254c        0x0 /usr/lib/gcc-lib/msp430/3.2.3/msp2/libgcc.a(__stop_progExec__.o)
 .bss           0x0000254c        0x0 /usr/lib/gcc-lib/msp430/3.2.3/msp2/libgcc.a(_mulsi3hw.o)
 .bss           0x0000254c        0x0 /usr/lib/gcc-lib/msp430/3.2.3/msp2/libgcc.a(_udivmodhi4.o)
 .bss           0x0000254c        0x0 /usr/lib/gcc-lib/msp430/3.2.3/msp2/libgcc.a(_udivmodsi4.o)
 .bss           0x0000254c        0x0 /usr/lib/gcc-lib/msp430/3.2.3/msp2/libgcc.a(_reset_vector__.o)
 .bss           0x0000254c        0x0 /usr/lib/gcc-lib/msp430/3.2.3/msp2/libgcc.a(__low_level_init.o)
 .bss           0x0000254c        0x0 /usr/lib/gcc-lib/msp430/3.2.3/msp2/libgcc.a(__init_stack.o)
 .bss           0x0000254c        0x0 /usr/lib/gcc-lib/msp430/3.2.3/msp2/libgcc.a(_copy_data.o)
 .bss           0x0000254c        0x0 /usr/lib/gcc-lib/msp430/3.2.3/msp2/libgcc.a(_clear_bss.o)
 .bss           0x0000254c        0x0 /usr/lib/gcc-lib/msp430/3.2.3/msp2/libgcc.a(__jump_to_main.o)
 .bss           0x0000254c        0x0 /usr/lib/gcc-lib/msp430/3.2.3/../../../../msp430/lib/msp2/libc.a(printf.o)
 .bss           0x0000254c        0x2 /usr/lib/gcc-lib/msp430/3.2.3/../../../../msp430/lib/msp2/libc.a(vuprintf.o)
 .bss           0x0000254e        0x0 /usr/lib/gcc-lib/msp430/3.2.3/../../../../msp430/lib/msp2/libc.a(puts.o)
 .bss           0x0000254e        0x0 /usr/lib/gcc-lib/msp430/3.2.3/../../../../msp430/lib/msp2/libc.a(rand.o)
 .bss           0x0000254e        0x0 /usr/lib/gcc-lib/msp430/3.2.3/../../../../msp430/lib/msp2/libc.a(memchr.o)
 .bss           0x0000254e        0x0 /usr/lib/gcc-lib/msp430/3.2.3/../../../../msp430/lib/msp2/libc.a(strncmp.o)
 *(SORT(.bss.*))
 *(COMMON)
 COMMON         0x0000254e        0x2 contiki-jcreate.a(rimeaddr.o)
                0x0000254e                rimeaddr_node_addr
 COMMON         0x00002550        0x2 contiki-jcreate.a(rime.o)
                0x00002550                rime_mac
 COMMON         0x00002552       0x48 contiki-jcreate.a(rimestats.o)
                0x00002552                rimestats
 COMMON         0x0000259a        0x1 contiki-jcreate.a(process.o)
                0x0000259a                process_maxevents
 *fill*         0x0000259b        0x1 00
 COMMON         0x0000259c        0x8 contiki-jcreate.a(compower.o)
                0x0000259c                compower_idle_activity
 COMMON         0x000025a4        0x1 contiki-jcreate.a(serial-line.o)
                0x000025a4                serial_line_event_message
 *fill*         0x000025a5        0x1 00
 COMMON         0x000025a6       0x56 contiki-jcreate.a(energest.o)
                0x000025a6                energest_total_time
                0x000025d6                energest_total_count
                0x000025d8                energest_current_mode
                0x000025e4                energest_current_time
 COMMON         0x000025fc       0x38 contiki-jcreate.a(packetbuf.o)
                0x000025fc                packetbuf_addrs
                0x00002604                packetbuf_attrs
 COMMON         0x00002634        0x2 contiki-jcreate.a(contiki-jcreate)
                0x00002634                sensors_flags
 COMMON         0x00002636        0x8 contiki-jcreate.a(ds2411.o)
                0x00002636                ds2411_id
 COMMON         0x0000263e        0x1 contiki-jcreate.a(sensors.o)
                0x0000263e                sensors_event
 *fill*         0x0000263f        0x1 00
 COMMON         0x00002640       0x14 contiki-jcreate.a(cc2420.o)
                0x00002640                cc2420_last_rssi
                0x00002642                cc2420_packets_read
                0x00002644                cc2420_packets_seen
                0x00002646                cc2420_sfd_start_time
                0x00002648                cc2420_time_of_departure
                0x0000264a                cc2420_time_of_arrival
                0x0000264c                cc2420_last_correlation
                0x0000264e                cc2420_authority_level_of_sender
                0x00002650                cc2420_sfd_counter
                0x00002652                cc2420_sfd_end_time
 COMMON         0x00002654        0x2 contiki-jcreate.a(msp430.o)
                0x00002654                msp430_dco_required
                0x00002656                PROVIDE (__bss_end, .)
                0x00002656                _end = .
                0x00001486                PROVIDE (__bss_size, SIZEOF (.bss))

.noinit         0x00002656        0x0
                0x00002656                PROVIDE (__noinit_start, .)
 *(.noinit)
 *(.noinit.*)
 *(COMMON)
                0x00002656                PROVIDE (__noinit_end, .)
                0x00002656                _end = .

.vectors        0x0000ffe0       0x20
                0x0000ffe0                PROVIDE (__vectors_start, .)
 *(.vectors*)
 .vectors       0x0000ffe0       0x20 /usr/lib/gcc-lib/msp430/3.2.3/../../../../msp430/lib/crt430x1611.o
                0x0000ffe0                InterruptVectors
 *(.vectors*)
                0x00010000                _vectors_end = .

.profiler
 *(.profiler)

.stab           0x00000000    0x24ffc
 *(.stab)
 .stab          0x00000000       0xf0 /usr/lib/gcc-lib/msp430/3.2.3/../../../../msp430/lib/crt430x1611.o
 .stab          0x000000f0     0x1be4 announce-blink.co
                               0x1bfc (size before relaxing)
 .stab          0x00001cd4     0x1f8c obj_jcreate/contiki-sky-main.o
                               0x23c4 (size before relaxing)
 .stab          0x00003c60      0x330 contiki-jcreate.a(rimeaddr.o)
                                0x6e4 (size before relaxing)
 .stab          0x00003f90      0x738 contiki-jcreate.a(rime.o)
                               0x10ec (size before relaxing)
 .stab          0x000046c8      0x144 contiki-jcreate.a(rimestats.o)
                                0x168 (size before relaxing)
 .stab          0x0000480c      0x660 contiki-jcreate.a(announcement.o)
                                0xa74 (size before relaxing)
 .stab          0x00004e6c      0x984 contiki-jcreate.a(broadcast-annou)
                               0x13a4 (size before relaxing)
 .stab          0x000057f0      0x774 contiki-jcreate.a(broadcast.o)
                               0x14a0 (size before relaxing)
 .stab          0x00005f64      0x6cc contiki-jcreate.a(abc.o)
                               0x13f8 (size before relaxing)
 .stab          0x00006630      0x630 contiki-jcreate.a(chameleon.o)
                                0xf78 (size before relaxing)
 .stab          0x00006c60      0x5f4 contiki-jcreate.a(channel.o)
                                0xf60 (size before relaxing)
 .stab          0x00007254      0xf30 contiki-jcreate.a(chameleon-bitop)
                               0x189c (size before relaxing)
 .stab          0x00008184     0x16c8 contiki-jcreate.a(xmac.o)
                               0x1fa4 (size before relaxing)
 .stab          0x0000984c      0x228 contiki-jcreate.a(mac.o)
                                0x630 (size before relaxing)
 .stab          0x00009a74      0x7e0 contiki-jcreate.a(framer-802154.o)
                                0xc00 (size before relaxing)
 .stab          0x0000a254      0xa98 contiki-jcreate.a(csma.o)
                               0x10a4 (size before relaxing)
 .stab          0x0000acec     0x171c contiki-jcreate.a(contikimac.o)
                               0x2148 (size before relaxing)
 .stab          0x0000c408      0x8e8 contiki-jcreate.a(phase.o)
                                0xf18 (size before relaxing)
 .stab          0x0000ccf0      0xb34 contiki-jcreate.a(process.o)
                                0xfa8 (size before relaxing)
 .stab          0x0000d824      0x2e8 contiki-jcreate.a(autostart.o)
                                0x72c (size before relaxing)
 .stab          0x0000db0c      0x4ec contiki-jcreate.a(compower.o)
                                0x990 (size before relaxing)
 .stab          0x0000dff8      0x588 contiki-jcreate.a(serial-line.o)
                                0xad4 (size before relaxing)
 .stab          0x0000e580      0x4e0 contiki-jcreate.a(memb.o)
                                0xa38 (size before relaxing)
 .stab          0x0000ea60      0x360 contiki-jcreate.a(timer.o)
                                0x738 (size before relaxing)
 .stab          0x0000edc0      0x7c8 contiki-jcreate.a(list.o)
                                0x7ec (size before relaxing)
 .stab          0x0000f588      0x984 contiki-jcreate.a(etimer.o)
                                0xdf8 (size before relaxing)
 .stab          0x0000ff0c      0x828 contiki-jcreate.a(ctimer.o)
                                0xd80 (size before relaxing)
 .stab          0x00010734      0x450 contiki-jcreate.a(energest.o)
                                0x87c (size before relaxing)
 .stab          0x00010b84      0x42c contiki-jcreate.a(rtimer.o)
                                0x96c (size before relaxing)
 .stab          0x00010fb0      0x270 contiki-jcreate.a(random.o)
                                0x648 (size before relaxing)
 .stab          0x00011220      0x3d8 contiki-jcreate.a(ringbuf.o)
                                0x7a4 (size before relaxing)
 .stab          0x000115f8      0xf18 contiki-jcreate.a(packetbuf.o)
                               0x1a28 (size before relaxing)
 .stab          0x00012510      0x984 contiki-jcreate.a(queuebuf.o)
                               0x16b0 (size before relaxing)
 .stab          0x00012e94      0x300 contiki-jcreate.a(contiki-jcreate)
                                0x840 (size before relaxing)
 .stab          0x00013194      0xe70 contiki-jcreate.a(battery-sensor.)
                               0x1548 (size before relaxing)
 .stab          0x00014004      0xf48 contiki-jcreate.a(acc-sensor.o)
                               0x162c (size before relaxing)
 .stab          0x00014f4c     0x1284 contiki-jcreate.a(ds2411.o)
                               0x1944 (size before relaxing)
 .stab          0x000161d0     0x15b4 contiki-jcreate.a(xmem.o)
                               0x1cd4 (size before relaxing)
 .stab          0x00017784      0x2e8 contiki-jcreate.a(node-id.o)
                                0x6b4 (size before relaxing)
 .stab          0x00017a6c      0x624 contiki-jcreate.a(sensors.o)
                                0xb7c (size before relaxing)
 .stab          0x00018090     0x2160 contiki-jcreate.a(cc2420.o)
                               0x29c4 (size before relaxing)
 .stab          0x0001a1f0     0x1098 contiki-jcreate.a(sky-sensors.o)
                               0x1764 (size before relaxing)
 .stab          0x0001b288     0x1134 contiki-jcreate.a(uart1.o)
                               0x1878 (size before relaxing)
 .stab          0x0001c3bc      0x2e8 contiki-jcreate.a(uart1-putchar.o)
                                0x870 (size before relaxing)
 .stab          0x0001c6a4     0x16c8 contiki-jcreate.a(msp430.o)
                               0x1ddc (size before relaxing)
 .stab          0x0001dd6c     0x1224 contiki-jcreate.a(clock.o)
                               0x18f0 (size before relaxing)
 .stab          0x0001ef90      0x588 contiki-jcreate.a(leds.o)
                                0x9cc (size before relaxing)
 .stab          0x0001f518      0xd50 contiki-jcreate.a(leds-arch.o)
                               0x1284 (size before relaxing)
 .stab          0x00020268      0xf30 contiki-jcreate.a(watchdog.o)
                               0x15fc (size before relaxing)
 .stab          0x00021198      0xf18 contiki-jcreate.a(rtimer-arch.o)
                               0x15e4 (size before relaxing)
 .stab          0x000220b0      0x7c8 contiki-jcreate.a(frame802154.o)
                                0xbdc (size before relaxing)
 .stab          0x00022878      0xce4 contiki-jcreate.a(spi.o)
                               0x120c (size before relaxing)
 .stab          0x0002355c      0x474 /usr/lib/gcc-lib/msp430/3.2.3/../../../../msp430/lib/msp2/libc.a(printf.o)
                                0x480 (size before relaxing)
 .stab          0x000239d0      0xc78 /usr/lib/gcc-lib/msp430/3.2.3/../../../../msp430/lib/msp2/libc.a(vuprintf.o)
                                0xedc (size before relaxing)
 .stab          0x00024648      0x228 /usr/lib/gcc-lib/msp430/3.2.3/../../../../msp430/lib/msp2/libc.a(puts.o)
                                0x498 (size before relaxing)
 .stab          0x00024870      0x300 /usr/lib/gcc-lib/msp430/3.2.3/../../../../msp430/lib/msp2/libc.a(rand.o)
                                0x540 (size before relaxing)
 .stab          0x00024b70      0x264 /usr/lib/gcc-lib/msp430/3.2.3/../../../../msp430/lib/msp2/libc.a(memchr.o)
                                0x4b0 (size before relaxing)
 .stab          0x00024dd4      0x228 /usr/lib/gcc-lib/msp430/3.2.3/../../../../msp430/lib/msp2/libc.a(strncmp.o)
                                0x474 (size before relaxing)

.stabstr        0x00000000    0x171ef
 *(.stabstr)
 .stabstr       0x00000000    0x171ef /usr/lib/gcc-lib/msp430/3.2.3/../../../../msp430/lib/crt430x1611.o

.stab.excl
 *(.stab.excl)

.stab.exclstr
 *(.stab.exclstr)

.stab.index
 *(.stab.index)

.stab.indexstr
 *(.stab.indexstr)

.comment
 *(.comment)

.debug
 *(.debug)

.line
 *(.line)

.debug_srcinfo
 *(.debug_srcinfo)

.debug_sfnames
 *(.debug_sfnames)

.debug_aranges
 *(.debug_aranges)

.debug_pubnames
 *(.debug_pubnames)

.debug_info
 *(.debug_info)
 *(.gnu.linkonce.wi.*)

.debug_abbrev
 *(.debug_abbrev)

.debug_line
 *(.debug_line)

.debug_frame
 *(.debug_frame)

.debug_str
 *(.debug_str)

.debug_loc
 *(.debug_loc)

.debug_macinfo
 *(.debug_macinfo)

.debug_pubtypes
 *(.debug_pubtypes)

.debug_ranges
 *(.debug_ranges)
                0x00003900                PROVIDE (__stack, 0x3900)
                0x00009940                PROVIDE (__data_start_rom, _etext)
                0x00009a10                PROVIDE (__data_end_rom, (_etext + SIZEOF (.data)))
                0x00009a10                PROVIDE (__noinit_start_rom, (_etext + SIZEOF (.data)))
                0x00009a10                PROVIDE (__noinit_end_rom, ((_etext + SIZEOF (.data)) + SIZEOF (.noinit)))
                0x00000000                PROVIDE (__subdevice_has_heap, 0x0)
OUTPUT(announce-blink.jcreate elf32-msp430)
