Archive member included because of file (symbol)

contiki-smartRF.a(rimeaddr.o)
                              obj_smartRF/contiki-smartRF-main.o (rimeaddr_copy)
contiki-smartRF.a(rime.o)     obj_smartRF/contiki-smartRF-main.o (rime_driver)
contiki-smartRF.a(rimestats.o)
                              contiki-smartRF.a(rime.o) (rimestats)
contiki-smartRF.a(announcement.o)
                              contiki-smartRF.a(rime.o) (announcement_init)
contiki-smartRF.a(broadcast-annou)
                              contiki-smartRF.a(rime.o) (broadcast_announcement_init)
contiki-smartRF.a(broadcast.o)
                              contiki-smartRF.a(broadcast-annou) (broadcast_open)
contiki-smartRF.a(abc.o)      contiki-smartRF.a(broadcast.o) (abc_open)
contiki-smartRF.a(chameleon.o)
                              contiki-smartRF.a(rime.o) (chameleon_init)
contiki-smartRF.a(channel.o)  contiki-smartRF.a(chameleon.o) (channel_init)
contiki-smartRF.a(chameleon-bitop)
                              contiki-smartRF.a(chameleon.o) (chameleon_bitopt)
contiki-smartRF.a(csma.o)     obj_smartRF/contiki-smartRF-main.o (csma_driver)
contiki-smartRF.a(contikimac.o)
                              obj_smartRF/contiki-smartRF-main.o (contikimac_driver)
contiki-smartRF.a(phase.o)    contiki-smartRF.a(contikimac.o) (phase_remove)
contiki-smartRF.a(process.o)  obj_smartRF/contiki-smartRF-main.o (process_init)
contiki-smartRF.a(autostart.o)
                              obj_smartRF/contiki-smartRF-main.o (autostart_start)
contiki-smartRF.a(compower.o)
                              contiki-smartRF.a(contikimac.o) (compower_idle_activity)
contiki-smartRF.a(serial-line.o)
                              obj_smartRF/contiki-smartRF-main.o (serial_line_input_byte)
contiki-smartRF.a(memb.o)     contiki-smartRF.a(csma.o) (memb_init)
contiki-smartRF.a(timer.o)    obj_smartRF/contiki-smartRF-main.o (timer_set)
contiki-smartRF.a(list.o)     contiki-smartRF.a(announcement.o) (list_init)
contiki-smartRF.a(etimer.o)   obj_smartRF/contiki-smartRF-main.o (etimer_process)
contiki-smartRF.a(ctimer.o)   contiki-smartRF.a(broadcast-annou) (ctimer_set)
contiki-smartRF.a(energest.o)
                              obj_smartRF/contiki-smartRF-main.o (energest_type_set)
contiki-smartRF.a(rtimer.o)   contiki-smartRF.a(contikimac.o) (rtimer_set)
contiki-smartRF.a(random.o)   obj_smartRF/contiki-smartRF-main.o (random_init)
contiki-smartRF.a(ringbuf.o)  contiki-smartRF.a(serial-line.o) (ringbuf_init)
contiki-smartRF.a(packetbuf.o)
                              contiki-smartRF.a(contikimac.o) (packetbuf_hdr_remove)
contiki-smartRF.a(queuebuf.o)
                              contiki-smartRF.a(rime.o) (queuebuf_init)
contiki-smartRF.a(contiki-smartRF)
                              obj_smartRF/contiki-smartRF-main.o (init_platform)
contiki-smartRF.a(msp430.o)   contiki-smartRF.a(broadcast-annou) (w_memcpy)
contiki-smartRF.a(leds.o)     obj_smartRF/contiki-smartRF-main.o (leds_init)
contiki-smartRF.a(watchdog.o)
                              obj_smartRF/contiki-smartRF-main.o (watchdog_start)
contiki-smartRF.a(xmem.o)     obj_smartRF/contiki-smartRF-main.o (xmem_init)
contiki-smartRF.a(node-id.o)  obj_smartRF/contiki-smartRF-main.o (node_id_restore)
contiki-smartRF.a(sensors.o)  contiki-smartRF.a(contiki-smartRF) (sensors_process)
contiki-smartRF.a(cc2420.o)   obj_smartRF/contiki-smartRF-main.o (cc2420_set_channel)
contiki-smartRF.a(uart1-arch.o)
                              obj_smartRF/contiki-smartRF-main.o (uart1_active)
contiki-smartRF.a(clock.o)    obj_smartRF/contiki-smartRF-main.o (clock_time)
contiki-smartRF.a(leds-arch.o)
                              contiki-smartRF.a(leds.o) (leds_arch_init)
contiki-smartRF.a(rtimer-arch.o)
                              contiki-smartRF.a(rtimer.o) (rtimer_arch_init)
contiki-smartRF.a(mac.o)      contiki-smartRF.a(csma.o) (mac_call_sent_callback)
contiki-smartRF.a(framer-802154.o)
                              contiki-smartRF.a(contikimac.o) (framer_802154)
contiki-smartRF.a(frame802154.o)
                              contiki-smartRF.a(framer-802154.o) (frame802154_hdrlen)
c:/mspgcc/bin/../lib/gcc/msp430/4.5.3/mcpu-430x/mmpy-16\libgcc.a(_mulsi3.o)
                              contiki-smartRF.a(csma.o) (__mulsi3)
c:/mspgcc/bin/../lib/gcc/msp430/4.5.3/mcpu-430x/mmpy-16\libgcc.a(_udivmodsi4.o)
                              obj_smartRF/contiki-smartRF-main.o (__udivmodsi4)
c:/mspgcc/bin/../lib/gcc/msp430/4.5.3/../../../../msp430/lib/mcpu-430x/mmpy-16\libc.a(strncmp.o)
                              contiki-smartRF.a(sensors.o) (strncmp)
c:/mspgcc/bin/../lib/gcc/msp430/4.5.3/../../../../msp430/lib/mcpu-430x/mmpy-16\libc.a(printf.o)
                              obj_smartRF/contiki-smartRF-main.o (printf)
c:/mspgcc/bin/../lib/gcc/msp430/4.5.3/../../../../msp430/lib/mcpu-430x/mmpy-16\libc.a(vuprintf.o)
[...]
Memory Configuration

Name             Origin             Length             Attributes
sfr              0x00000000         0x00000010
peripheral_8bit  0x00000010         0x000000f0
peripheral_16bit 0x00000100         0x00000100
infomem          0x00001000         0x00000100
infod            0x00001000         0x00000040
infoc            0x00001040         0x00000040
infob            0x00001080         0x00000040
infoa            0x000010c0         0x00000040
ram              0x00001100         0x00002000         xw
rom              0x00003100         0x0000cebe         xr
vectors          0x0000ffc0         0x00000040
far_rom          0x00010000         0x00010000
bsl              0x00000000         0x00000000
*default*        0x00000000         0xffffffff

Linker script and memory map

LOAD c:/mspgcc/bin/../lib/gcc/msp430/4.5.3/mcpu-430x/mmpy-16/crt0ivtbl32.o
LOAD blink.co
LOAD obj_smartRF/contiki-smartRF-main.o
LOAD contiki-smartRF.a
LOAD c:/mspgcc/bin/../lib/gcc/msp430/4.5.3/mcpu-430x/mmpy-16\libgcc.a
LOAD c:/mspgcc/bin/../lib/gcc/msp430/4.5.3/../../../../msp430/lib/mcpu-430x/mmpy-16\libc.a
LOAD c:/mspgcc/bin/../lib/gcc/msp430/4.5.3/mcpu-430x/mmpy-16\libgcc.a
LOAD c:/mspgcc/bin/../lib/gcc/msp430/4.5.3/mcpu-430x/mmpy-16\libcrt0.a
                0x00000000                __IE1 = 0x0
                0x00000002                __IFG1 = 0x2
                0x00000001                __IE2 = 0x1
                0x00000003                __IFG2 = 0x3
                0x00000006                __UC1IE = 0x6
                0x00000007                __UC1IFG = 0x7
                0x000001a0                __ADC12CTL0 = 0x1a0
                0x000001a2                __ADC12CTL1 = 0x1a2
                0x000001a4                __ADC12IFG = 0x1a4
                0x000001a6                __ADC12IE = 0x1a6
                0x000001a8                __ADC12IV = 0x1a8
                0x00000140                __ADC12MEM0 = 0x140
                0x00000142                __ADC12MEM1 = 0x142
                0x00000144                __ADC12MEM2 = 0x144
                0x00000146                __ADC12MEM3 = 0x146
                0x00000148                __ADC12MEM4 = 0x148
                0x0000014a                __ADC12MEM5 = 0x14a
                0x0000014c                __ADC12MEM6 = 0x14c
                0x0000014e                __ADC12MEM7 = 0x14e
                0x00000150                __ADC12MEM8 = 0x150
                0x00000152                __ADC12MEM9 = 0x152
                0x00000154                __ADC12MEM10 = 0x154
                0x00000156                __ADC12MEM11 = 0x156
                0x00000158                __ADC12MEM12 = 0x158
                0x0000015a                __ADC12MEM13 = 0x15a
                0x0000015c                __ADC12MEM14 = 0x15c
                0x0000015e                __ADC12MEM15 = 0x15e
                0x00000080                __ADC12MCTL0 = 0x80
                0x00000081                __ADC12MCTL1 = 0x81
                0x00000082                __ADC12MCTL2 = 0x82
                0x00000083                __ADC12MCTL3 = 0x83
                0x00000084                __ADC12MCTL4 = 0x84
                0x00000085                __ADC12MCTL5 = 0x85
                0x00000086                __ADC12MCTL6 = 0x86
                0x00000087                __ADC12MCTL7 = 0x87
                0x00000088                __ADC12MCTL8 = 0x88
                0x00000089                __ADC12MCTL9 = 0x89
                0x0000008a                __ADC12MCTL10 = 0x8a
                0x0000008b                __ADC12MCTL11 = 0x8b
                0x0000008c                __ADC12MCTL12 = 0x8c
                0x0000008d                __ADC12MCTL13 = 0x8d
                0x0000008e                __ADC12MCTL14 = 0x8e
                0x0000008f                __ADC12MCTL15 = 0x8f
                0x00000056                __DCOCTL = 0x56
                0x00000057                __BCSCTL1 = 0x57
                0x00000058                __BCSCTL2 = 0x58
                0x00000053                __BCSCTL3 = 0x53
                0x00000059                __CACTL1 = 0x59
                0x0000005a                __CACTL2 = 0x5a
                0x0000005b                __CAPD = 0x5b
                0x000001c0                __DAC12_0CTL = 0x1c0
                0x000001c2                __DAC12_1CTL = 0x1c2
                0x000001c8                __DAC12_0DAT = 0x1c8
                0x000001ca                __DAC12_1DAT = 0x1ca
                0x00000122                __DMACTL0 = 0x122
                0x00000124                __DMACTL1 = 0x124
                0x00000126                __DMAIV = 0x126
                0x000001d0                __DMA0CTL = 0x1d0
                0x000001dc                __DMA1CTL = 0x1dc
                0x000001e8                __DMA2CTL = 0x1e8
                0x000001d2                __DMA0SA = 0x1d2
                0x000001d2                __DMA0SAL = 0x1d2
                0x000001d6                __DMA0DA = 0x1d6
                0x000001d6                __DMA0DAL = 0x1d6
                0x000001da                __DMA0SZ = 0x1da
                0x000001de                __DMA1SA = 0x1de
                0x000001de                __DMA1SAL = 0x1de
                0x000001e2                __DMA1DA = 0x1e2
                0x000001e2                __DMA1DAL = 0x1e2
                0x000001e6                __DMA1SZ = 0x1e6
                0x000001ea                __DMA2SA = 0x1ea
                0x000001ea                __DMA2SAL = 0x1ea
                0x000001ee                __DMA2DA = 0x1ee
                0x000001ee                __DMA2DAL = 0x1ee
                0x000001f2                __DMA2SZ = 0x1f2
                0x00000128                __FCTL1 = 0x128
                0x0000012a                __FCTL2 = 0x12a
                0x0000012c                __FCTL3 = 0x12c
                0x000001be                __FCTL4 = 0x1be
                0x00000130                __MPY = 0x130
                0x00000132                __MPYS = 0x132
                0x00000134                __MAC = 0x134
                0x00000136                __MACS = 0x136
                0x00000138                __OP2 = 0x138
                0x0000013a                __RESLO = 0x13a
                0x0000013c                __RESHI = 0x13c
                0x0000013e                __SUMEXT = 0x13e
                0x00000020                __P1IN = 0x20
                0x00000021                __P1OUT = 0x21
                0x00000022                __P1DIR = 0x22
                0x00000023                __P1IFG = 0x23
                0x00000024                __P1IES = 0x24
                0x00000025                __P1IE = 0x25
                0x00000026                __P1SEL = 0x26
                0x00000027                __P1REN = 0x27
                0x00000028                __P2IN = 0x28
                0x00000029                __P2OUT = 0x29
                0x0000002a                __P2DIR = 0x2a
                0x0000002b                __P2IFG = 0x2b
                0x0000002c                __P2IES = 0x2c
                0x0000002d                __P2IE = 0x2d
                0x0000002e                __P2SEL = 0x2e
                0x0000002f                __P2REN = 0x2f
                0x00000018                __P3IN = 0x18
                0x00000019                __P3OUT = 0x19
                0x0000001a                __P3DIR = 0x1a
                0x0000001b                __P3SEL = 0x1b
                0x00000010                __P3REN = 0x10
                0x0000001c                __P4IN = 0x1c
                0x0000001d                __P4OUT = 0x1d
                0x0000001e                __P4DIR = 0x1e
                0x0000001f                __P4SEL = 0x1f
                0x00000011                __P4REN = 0x11
                0x00000030                __P5IN = 0x30
                0x00000031                __P5OUT = 0x31
                0x00000032                __P5DIR = 0x32
                0x00000033                __P5SEL = 0x33
                0x00000012                __P5REN = 0x12
                0x00000034                __P6IN = 0x34
                0x00000035                __P6OUT = 0x35
                0x00000036                __P6DIR = 0x36
                0x00000037                __P6SEL = 0x37
                0x00000013                __P6REN = 0x13
                0x00000038                __P7IN = 0x38
                0x0000003a                __P7OUT = 0x3a
                0x0000003c                __P7DIR = 0x3c
                0x0000003e                __P7SEL = 0x3e
                0x00000014                __P7REN = 0x14
                0x00000039                __P8IN = 0x39
                0x0000003b                __P8OUT = 0x3b
                0x0000003d                __P8DIR = 0x3d
                0x0000003f                __P8SEL = 0x3f
                0x00000015                __P8REN = 0x15
                0x00000038                __PAIN = 0x38
                0x0000003a                __PAOUT = 0x3a
                0x0000003c                __PADIR = 0x3c
                0x0000003e                __PASEL = 0x3e
                0x00000014                __PAREN = 0x14
                0x00000055                __SVSCTL = 0x55
                0x0000012e                __TAIV = 0x12e
                0x00000160                __TACTL = 0x160
                0x00000162                __TACCTL0 = 0x162
                0x00000164                __TACCTL1 = 0x164
                0x00000166                __TACCTL2 = 0x166
                0x00000170                __TAR = 0x170
                0x00000172                __TACCR0 = 0x172
                0x00000174                __TACCR1 = 0x174
                0x00000176                __TACCR2 = 0x176
                0x0000011e                __TBIV = 0x11e
                0x00000180                __TBCTL = 0x180
                0x00000182                __TBCCTL0 = 0x182
                0x00000184                __TBCCTL1 = 0x184
                0x00000186                __TBCCTL2 = 0x186
                0x00000188                __TBCCTL3 = 0x188
                0x0000018a                __TBCCTL4 = 0x18a
                0x0000018c                __TBCCTL5 = 0x18c
                0x0000018e                __TBCCTL6 = 0x18e
                0x00000190                __TBR = 0x190
                0x00000192                __TBCCR0 = 0x192
                0x00000194                __TBCCR1 = 0x194
                0x00000196                __TBCCR2 = 0x196
                0x00000198                __TBCCR3 = 0x198
                0x0000019a                __TBCCR4 = 0x19a
                0x0000019c                __TBCCR5 = 0x19c
                0x0000019e                __TBCCR6 = 0x19e
                0x00000060                __UCA0CTL0 = 0x60
                0x00000061                __UCA0CTL1 = 0x61
                0x00000062                __UCA0BR0 = 0x62
                0x00000063                __UCA0BR1 = 0x63
                0x00000064                __UCA0MCTL = 0x64
                0x00000065                __UCA0STAT = 0x65
                0x00000066                __UCA0RXBUF = 0x66
                0x00000067                __UCA0TXBUF = 0x67
                0x0000005d                __UCA0ABCTL = 0x5d
                0x0000005e                __UCA0IRTCTL = 0x5e
                0x0000005f                __UCA0IRRCTL = 0x5f
                0x00000068                __UCB0CTL0 = 0x68
                0x00000069                __UCB0CTL1 = 0x69
                0x0000006a                __UCB0BR0 = 0x6a
                0x0000006b                __UCB0BR1 = 0x6b
                0x0000006c                __UCB0I2CIE = 0x6c
                0x0000006d                __UCB0STAT = 0x6d
                0x0000006e                __UCB0RXBUF = 0x6e
                0x0000006f                __UCB0TXBUF = 0x6f
                0x00000118                __UCB0I2COA = 0x118
                0x0000011a                __UCB0I2CSA = 0x11a
                0x000000d0                __UCA1CTL0 = 0xd0
                0x000000d1                __UCA1CTL1 = 0xd1
                0x000000d2                __UCA1BR0 = 0xd2
                0x000000d3                __UCA1BR1 = 0xd3
                0x000000d4                __UCA1MCTL = 0xd4
                0x000000d5                __UCA1STAT = 0xd5
                0x000000d6                __UCA1RXBUF = 0xd6
                0x000000d7                __UCA1TXBUF = 0xd7
                0x000000cd                __UCA1ABCTL = 0xcd
                0x000000ce                __UCA1IRTCTL = 0xce
                0x000000cf                __UCA1IRRCTL = 0xcf
                0x000000d8                __UCB1CTL0 = 0xd8
                0x000000d9                __UCB1CTL1 = 0xd9
                0x000000da                __UCB1BR0 = 0xda
                0x000000db                __UCB1BR1 = 0xdb
                0x000000dc                __UCB1I2CIE = 0xdc
                0x000000dd                __UCB1STAT = 0xdd
                0x000000de                __UCB1RXBUF = 0xde
                0x000000df                __UCB1TXBUF = 0xdf
                0x0000017c                __UCB1I2COA = 0x17c
                0x0000017e                __UCB1I2CSA = 0x17e
                0x00000120                __WDTCTL = 0x120
                0x000010c0                __TLV_CHECKSUM = 0x10c0
                0x000010f6                __TLV_DCO_30_TAG = 0x10f6
                0x000010f7                __TLV_DCO_30_LEN = 0x10f7
                0x000010da                __TLV_ADC12_1_TAG = 0x10da
                0x000010db                __TLV_ADC12_1_LEN = 0x10db
                0x000010f8                __CALDCO_16MHZ = 0x10f8
                0x000010f9                __CALBC1_16MHZ = 0x10f9
                0x000010fa                __CALDCO_12MHZ = 0x10fa
                0x000010fb                __CALBC1_12MHZ = 0x10fb
                0x000010fc                __CALDCO_8MHZ = 0x10fc
                0x000010fd                __CALBC1_8MHZ = 0x10fd
                0x000010fe                __CALDCO_1MHZ = 0x10fe
                0x000010ff                __CALBC1_1MHZ = 0x10ff

.hash
 *(.hash)

.dynsym
 *(.dynsym)

.dynstr
 *(.dynstr)

.gnu.version
 *(.gnu.version)

.gnu.version_d
 *(.gnu.version_d)

.gnu.version_r
 *(.gnu.version_r)

.rel.init
 *(.rel.init)

.rela.init
 *(.rela.init)

.rel.text
 *(.rel.text)
 *(.rel.text.*)
 *(.rel.gnu.linkonce.t*)

.rela.text
 *(.rela.text)
 *(.rela.text.*)
 *(.rela.gnu.linkonce.t*)

.rel.fini
 *(.rel.fini)

.rela.fini
 *(.rela.fini)

.rel.rodata
 *(.rel.rodata)
 *(.rel.rodata.*)
 *(.rel.gnu.linkonce.r*)

.rela.rodata
 *(.rela.rodata)
 *(.rela.rodata.*)
 *(.rela.gnu.linkonce.r*)

.rel.data
 *(.rel.data)
 *(.rel.data.*)
 *(.rel.gnu.linkonce.d*)

.rela.data
 *(.rela.data)
 *(.rela.data.*)
 *(.rela.gnu.linkonce.d*)

.rel.ctors
 *(.rel.ctors)

.rela.ctors
 *(.rela.ctors)

.rel.dtors
 *(.rel.dtors)

.rela.dtors
 *(.rela.dtors)

.rel.got
 *(.rel.got)

.rela.got
 *(.rela.got)

.rel.bss
 *(.rel.bss)

.rela.bss
 *(.rela.bss)

.rel.plt
 *(.rel.plt)

.rela.plt
 *(.rela.plt)

.text           0x00003100     0x3b2e
                0x00003100                . = ALIGN (0x2)
 *(.init)
 *(.init0)
 .init0         0x00003100        0x0 c:/mspgcc/bin/../lib/gcc/msp430/4.5.3/mcpu-430x/mmpy-16\libcrt0.a(_reset_vector__.o)
                0x00003100                _reset_vector__
 *(.init1)
 *(.init2)
 .init2         0x00003100        0x4 c:/mspgcc/bin/../lib/gcc/msp430/4.5.3/mcpu-430x/mmpy-16\libcrt0.a(__init_stack.o)
                0x00003100                __init_stack
 *(.init3)
 .init3         0x00003104        0xa c:/mspgcc/bin/../lib/gcc/msp430/4.5.3/mcpu-430x/mmpy-16\libcrt0.a(__low_level_init.o)
                0x00003104                __low_level_init
 *(.init4)
 .init4         0x0000310e       0x16 c:/mspgcc/bin/../lib/gcc/msp430/4.5.3/mcpu-430x/mmpy-16\libcrt0.a(_copy_data.o)
                0x0000310e                __do_copy_data
 .init4         0x00003124       0x14 c:/mspgcc/bin/../lib/gcc/msp430/4.5.3/mcpu-430x/mmpy-16\libcrt0.a(_clear_bss.o)
                0x00003124                __do_clear_bss
 *(.init5)
 *(.init6)
 *(.init7)
 *(.init8)
 *(.init9)
 .init9         0x00003138      0x2aa obj_smartRF/contiki-smartRF-main.o
                0x00003138                main
 *(.fini9)
 .fini9         0x000033e2        0x0 c:/mspgcc/bin/../lib/gcc/msp430/4.5.3/mcpu-430x/mmpy-16\libcrt0.a(__stop_progExec__.o)
                0x000033e2                __stop_progExec__
 *(.fini8)
 *(.fini7)
 *(.fini6)
 *(.fini5)
 *(.fini4)
 *(.fini3)
 *(.fini2)
 *(.fini1)
 *(.fini0)
 .fini0         0x000033e2        0x6 c:/mspgcc/bin/../lib/gcc/msp430/4.5.3/mcpu-430x/mmpy-16\libcrt0.a(_endless_loop__.o)
                0x000033e2                _endless_loop__
 *(.fini)
                0x000033e8                . = ALIGN (0x2)
                0x000033e8                __ctors_start = .
 *(.ctors)
                0x000033e8                __ctors_end = .
                0x000033e8                __dtors_start = .
 *(.dtors)
                0x000033e8                __dtors_end = .
                0x000033e8                . = ALIGN (0x2)
 *(.text)
 .text          0x000033e8        0x4 c:/mspgcc/bin/../lib/gcc/msp430/4.5.3/mcpu-430x/mmpy-16/crt0ivtbl32.o
                0x000033e8                __isr_14
                0x000033e8                __isr_4
                0x000033e8                __isr_19
                0x000033e8                __isr_29
                0x000033e8                __isr_23
                0x000033e8                __isr_11
                0x000033e8                __isr_16
                0x000033e8                __isr_5
                0x000033e8                __isr_2
                0x000033e8                __isr_10
                0x000033e8                __isr_7
                0x000033e8                __isr_0
                0x000033e8                __isr_28
                0x000033e8                __isr_8
                0x000033e8                __isr_20
                0x000033e8                __isr_3
                0x000033e8                __isr_18
                0x000033e8                __isr_12
                0x000033e8                __isr_13
                0x000033e8                __isr_27
                0x000033e8                __isr_9
                0x000033e8                __isr_30
                0x000033e8                __isr_6
                0x000033e8                __isr_22
                0x000033e8                __isr_1
                0x000033e8                __isr_15
                0x000033e8                __isr_17
                0x000033e8                __isr_21
 .text          0x000033ec        0xa blink.co
                0x000033f2                autostart_processes
 .text          0x000033f6       0xfe obj_smartRF/contiki-smartRF-main.o
 .text          0x000034f4        0x2 contiki-smartRF.a(rimeaddr.o)
                0x000034f4                rimeaddr_null
 .text          0x000034f6        0xc contiki-smartRF.a(rime.o)
                0x000034fc                rime_driver
 .text          0x00003502       0x22 contiki-smartRF.a(broadcast-annou)
 .text          0x00003524        0x8 contiki-smartRF.a(broadcast.o)
 .text          0x0000352c        0x2 contiki-smartRF.a(abc.o)
 .text          0x0000352e       0x10 contiki-smartRF.a(chameleon-bitop)
                0x0000352e                chameleon_bitopt
 .text          0x0000353e       0x14 contiki-smartRF.a(csma.o)
                0x00003544                csma_driver
 .text          0x00003552       0x44 contiki-smartRF.a(contikimac.o)
                0x00003588                contikimac_driver
 .text          0x00003596        0xe contiki-smartRF.a(serial-line.o)
 .text          0x000035a4        0xc contiki-smartRF.a(etimer.o)
 .text          0x000035b0        0xf contiki-smartRF.a(ctimer.o)
 .text          0x000035bf        0x8 contiki-smartRF.a(sensors.o)
 *fill*         0x000035c7        0x1 00
 .text          0x000035c8       0x22 contiki-smartRF.a(cc2420.o)
                0x000035d6                cc2420_driver
 .text          0x000035ea        0xa contiki-smartRF.a(uart1-arch.o)
 .text          0x000035f4        0x4 contiki-smartRF.a(framer-802154.o)
                0x000035f4                framer_802154
 .text          0x000035f8        0x2 contiki-smartRF.a(frame802154.o)
 .text          0x000035fa       0x20 c:/mspgcc/bin/../lib/gcc/msp430/4.5.3/../../../../msp430/lib/mcpu-430x/mmpy-16\libc.a(printf.o)
                0x000035fa                printf
                0x0000360c                vprintf
 .text          0x0000361a      0x5c8 c:/mspgcc/bin/../lib/gcc/msp430/4.5.3/../../../../msp430/lib/mcpu-430x/mmpy-16\libc.a(vuprintf.o)
                0x00003788                vuprintf
 .text          0x00003be2       0x2c c:/mspgcc/bin/../lib/gcc/msp430/4.5.3/../../../../msp430/lib/mcpu-430x/mmpy-16\libc.a(puts.o)
                0x00003be2                puts
 .text          0x00003c0e      0x134 c:/mspgcc/bin/../lib/gcc/msp430/4.5.3/../../../../msp430/lib/mcpu-430x/mmpy-16\libc.a(rand.o)
                0x00003c0e                rand_r
                0x00003ca2                rand
                0x00003d38                srand
                0x00003d42                . = ALIGN (0x2)
 *(.text.*)
 .text.process_thread_blink_process
                0x00003d42       0x8a blink.co
 .text.rimeaddr_copy
                0x00003dcc        0xc contiki-smartRF.a(rimeaddr.o)
                0x00003dcc                rimeaddr_copy
 .text.rimeaddr_cmp
                0x00003dd8       0x1a contiki-smartRF.a(rimeaddr.o)
                0x00003dd8                rimeaddr_cmp
 .text.rimeaddr_set_node_addr
                0x00003df2       0x10 contiki-smartRF.a(rimeaddr.o)
                0x00003df2                rimeaddr_set_node_addr
 .text.input    0x00003e02       0x42 contiki-smartRF.a(rime.o)
 .text.init     0x00003e44       0x34 contiki-smartRF.a(rime.o)
 .text.packet_sent
                0x00003e78       0x44 contiki-smartRF.a(rime.o)
 .text.rime_output
                0x00003ebc       0x28 contiki-smartRF.a(rime.o)
                0x00003ebc                rime_output
 .text.announcement_init
                0x00003ee4        0xa contiki-smartRF.a(announcement.o)
                0x00003ee4                announcement_init
 .text.announcement_register_observer_callback
                0x00003eee        0x6 contiki-smartRF.a(announcement.o)
                0x00003eee                announcement_register_observer_callback
 .text.announcement_list
                0x00003ef4        0xa contiki-smartRF.a(announcement.o)
                0x00003ef4                announcement_list
 .text.announcement_heard
                0x00003efe       0x42 contiki-smartRF.a(announcement.o)
                0x00003efe                announcement_heard
 .text.adv_packet_sent
                0x00003f40        0x2 contiki-smartRF.a(broadcast-annou)
 .text.adv_packet_received
                0x00003f42       0x8e contiki-smartRF.a(broadcast-annou)
 .text.set_timers
                0x00003fd0       0x60 contiki-smartRF.a(broadcast-annou)
 .text.new_announcement
                0x00004030       0x18 contiki-smartRF.a(broadcast-annou)
 .text.send_timer
                0x00004048       0x38 contiki-smartRF.a(broadcast-annou)
 .text.send_adv
                0x00004080       0x66 contiki-smartRF.a(broadcast-annou)
 .text.broadcast_announcement_init
                0x000040e6       0x48 contiki-smartRF.a(broadcast-annou)
                0x000040e6                broadcast_announcement_init
 .text.sent_by_abc
                0x0000412e       0x10 contiki-smartRF.a(broadcast.o)
 .text.recv_from_abc
                0x0000413e       0x20 contiki-smartRF.a(broadcast.o)
 .text.broadcast_open
                0x0000415e       0x2a contiki-smartRF.a(broadcast.o)
                0x0000415e                broadcast_open
 .text.broadcast_send
                0x00004188       0x1a contiki-smartRF.a(broadcast.o)
                0x00004188                broadcast_send
 .text.abc_open
                0x000041a2       0x26 contiki-smartRF.a(abc.o)
                0x000041a2                abc_open
 .text.abc_send
                0x000041c8        0x6 contiki-smartRF.a(abc.o)
                0x000041c8                abc_send
 .text.abc_input
                0x000041ce        0x8 contiki-smartRF.a(abc.o)
                0x000041ce                abc_input
 .text.abc_sent
                0x000041d6       0x10 contiki-smartRF.a(abc.o)
                0x000041d6                abc_sent
 .text.chameleon_init
                0x000041e6        0x6 contiki-smartRF.a(chameleon.o)
                0x000041e6                chameleon_init
 .text.chameleon_parse
                0x000041ec       0x10 contiki-smartRF.a(chameleon.o)
                0x000041ec                chameleon_parse
 .text.chameleon_create
                0x000041fc       0x1c contiki-smartRF.a(chameleon.o)
                0x000041fc                chameleon_create
 .text.chameleon_hdrsize
                0x00004218        0x6 contiki-smartRF.a(chameleon.o)
                0x00004218                chameleon_hdrsize
 .text.channel_init
                0x0000421e        0xa contiki-smartRF.a(channel.o)
                0x0000421e                channel_init
 .text.channel_open
                0x00004228       0x10 contiki-smartRF.a(channel.o)
                0x00004228                channel_open
 .text.channel_lookup
                0x00004238       0x20 contiki-smartRF.a(channel.o)
                0x00004238                channel_lookup
 .text.channel_set_attributes
                0x00004258       0x24 contiki-smartRF.a(channel.o)
                0x00004258                channel_set_attributes
 .text.header_size
                0x0000427c       0x16 contiki-smartRF.a(chameleon-bitop)
 .text.get_bits_in_byte
                0x00004292       0x30 contiki-smartRF.a(chameleon-bitop)
                0x00004292                get_bits_in_byte
 .text.get_bits
                0x000042c2       0xaa contiki-smartRF.a(chameleon-bitop)
                0x000042c2                get_bits
 .text.unpack_header
                0x0000436c       0xde contiki-smartRF.a(chameleon-bitop)
 .text.set_bits_in_byte
                0x0000444a       0x26 contiki-smartRF.a(chameleon-bitop)
                0x0000444a                set_bits_in_byte
 .text.set_bits
                0x00004470       0xb0 contiki-smartRF.a(chameleon-bitop)
                0x00004470                set_bits
 .text.pack_header
                0x00004520       0xb8 contiki-smartRF.a(chameleon-bitop)
 .text.input_packet
                0x000045d8        0x6 contiki-smartRF.a(csma.o)
 .text.on       0x000045de        0x6 contiki-smartRF.a(csma.o)
 .text.off      0x000045e4        0x6 contiki-smartRF.a(csma.o)
 .text.channel_check_interval
                0x000045ea        0xc contiki-smartRF.a(csma.o)
 .text.send_packet
                0x000045f6       0xd8 contiki-smartRF.a(csma.o)
 .text.transmit_queued_packet
                0x000046ce       0x30 contiki-smartRF.a(csma.o)
 .text.free_queued_packet
                0x000046fe       0x64 contiki-smartRF.a(csma.o)
 .text.packet_sent
                0x00004762       0xe8 contiki-smartRF.a(csma.o)
 .text.init     0x0000484a        0xe contiki-smartRF.a(csma.o)
 .text.on       0x00004858       0x16 contiki-smartRF.a(contikimac.o)
 .text.off      0x0000486e       0x1e contiki-smartRF.a(contikimac.o)
 .text.turn_off
                0x0000488c       0x20 contiki-smartRF.a(contikimac.o)
 .text.duty_cycle
                0x000048ac        0x6 contiki-smartRF.a(contikimac.o)
 .text.turn_on  0x000048b2       0x30 contiki-smartRF.a(contikimac.o)
 .text.schedule_powercycle_fixed
                0x000048e2       0x4c contiki-smartRF.a(contikimac.o)
 .text.powercycle_turn_radio_off
                0x0000492e       0x2c contiki-smartRF.a(contikimac.o)
 .text.powercycle
                0x0000495a      0x1e8 contiki-smartRF.a(contikimac.o)
 .text.input_packet
                0x00004b42       0xf2 contiki-smartRF.a(contikimac.o)
 .text.qsend_packet
                0x00004c34      0x2dc contiki-smartRF.a(contikimac.o)
 .text.init     0x00004f10       0x32 contiki-smartRF.a(contikimac.o)
 .text.send_packet
                0x00004f42       0x2e contiki-smartRF.a(phase.o)
 .text.find_neighbor
                0x00004f70       0x32 contiki-smartRF.a(phase.o)
                0x00004f70                find_neighbor
 .text.phase_remove
                0x00004fa2       0x2a contiki-smartRF.a(phase.o)
                0x00004fa2                phase_remove
 .text.phase_update
                0x00004fcc       0xb8 contiki-smartRF.a(phase.o)
                0x00004fcc                phase_update
 .text.phase_wait
                0x00005084       0xf2 contiki-smartRF.a(phase.o)
                0x00005084                phase_wait
 .text.phase_init
                0x00005176       0x20 contiki-smartRF.a(phase.o)
                0x00005176                phase_init
 .text.call_process
                0x00005196       0x4c contiki-smartRF.a(process.o)
 .text.exit_process
                0x000051e2       0x94 contiki-smartRF.a(process.o)
 .text.do_poll  0x00005276       0x30 contiki-smartRF.a(process.o)
 .text.process_alloc_event
                0x000052a6        0xe contiki-smartRF.a(process.o)
                0x000052a6                process_alloc_event
 .text.process_init
                0x000052b4       0x1c contiki-smartRF.a(process.o)
                0x000052b4                process_init
 .text.process_run
                0x000052d0       0x9c contiki-smartRF.a(process.o)
                0x000052d0                process_run
 .text.process_nevents
                0x0000536c        0xc contiki-smartRF.a(process.o)
                0x0000536c                process_nevents
 .text.process_post
                0x00005378       0x54 contiki-smartRF.a(process.o)
                0x00005378                process_post
 .text.process_post_synch
                0x000053cc       0x12 contiki-smartRF.a(process.o)
                0x000053cc                process_post_synch
 .text.process_start
                0x000053de       0x32 contiki-smartRF.a(process.o)
                0x000053de                process_start
 .text.process_poll
                0x00005410       0x1a contiki-smartRF.a(process.o)
                0x00005410                process_poll
 .text.autostart_start
                0x0000542a       0x18 contiki-smartRF.a(autostart.o)
                0x0000542a                autostart_start
 .text.compower_accumulate
                0x00005442       0x72 contiki-smartRF.a(compower.o)
                0x00005442                compower_accumulate
 .text.compower_clear
                0x000054b4       0x12 contiki-smartRF.a(compower.o)
                0x000054b4                compower_clear
 .text.compower_attrconv
                0x000054c6       0x10 contiki-smartRF.a(compower.o)
                0x000054c6                compower_attrconv
 .text.process_thread_serial_line_process
                0x000054d6       0xa6 contiki-smartRF.a(serial-line.o)
 .text.serial_line_input_byte
                0x0000557c       0x46 contiki-smartRF.a(serial-line.o)
                0x0000557c                serial_line_input_byte
 .text.serial_line_init
                0x000055c2       0x1c contiki-smartRF.a(serial-line.o)
                0x000055c2                serial_line_init
 .text.memb_init
                0x000055de       0x36 contiki-smartRF.a(memb.o)
                0x000055de                memb_init
 .text.memb_alloc
                0x00005614       0x3e contiki-smartRF.a(memb.o)
                0x00005614                memb_alloc
 .text.memb_free
                0x00005652       0x3a contiki-smartRF.a(memb.o)
                0x00005652                memb_free
 .text.memb_inmemb
                0x0000568c       0x2e contiki-smartRF.a(memb.o)
                0x0000568c                memb_inmemb
 .text.timer_set
                0x000056ba       0x1c contiki-smartRF.a(timer.o)
                0x000056ba                timer_set
 .text.timer_reset
                0x000056d6        0xe contiki-smartRF.a(timer.o)
                0x000056d6                timer_reset
 .text.timer_expired
                0x000056e4       0x2e contiki-smartRF.a(timer.o)
                0x000056e4                timer_expired
 .text.list_init
                0x00005712        0x6 contiki-smartRF.a(list.o)
                0x00005712                list_init
 .text.list_head
                0x00005718        0x4 contiki-smartRF.a(list.o)
                0x00005718                list_head
 .text.list_tail
                0x0000571c       0x14 contiki-smartRF.a(list.o)
                0x0000571c                list_tail
 .text.list_chop
                0x00005730       0x2a contiki-smartRF.a(list.o)
                0x00005730                list_chop
 .text.list_remove
                0x0000575a       0x2e contiki-smartRF.a(list.o)
                0x0000575a                list_remove
 .text.list_push
                0x00005788       0x1a contiki-smartRF.a(list.o)
                0x00005788                list_push
 .text.list_add
                0x000057a2       0x2a contiki-smartRF.a(list.o)
                0x000057a2                list_add
 .text.list_length
                0x000057cc       0x10 contiki-smartRF.a(list.o)
                0x000057cc                list_length
 .text.list_item_next
                0x000057dc        0x8 contiki-smartRF.a(list.o)
                0x000057dc                list_item_next
 .text.update_time
                0x000057e4       0x78 contiki-smartRF.a(etimer.o)
 .text.etimer_request_poll
                0x0000585c        0xa contiki-smartRF.a(etimer.o)
                0x0000585c                etimer_request_poll
 .text.process_thread_etimer_process
                0x00005866       0xce contiki-smartRF.a(etimer.o)
 .text.add_timer
                0x00005934       0x38 contiki-smartRF.a(etimer.o)
 .text.etimer_set
                0x0000596c       0x12 contiki-smartRF.a(etimer.o)
                0x0000596c                etimer_set
 .text.etimer_expired
                0x0000597e        0xe contiki-smartRF.a(etimer.o)
                0x0000597e                etimer_expired
 .text.etimer_pending
                0x0000598c        0xe contiki-smartRF.a(etimer.o)
                0x0000598c                etimer_pending
 .text.etimer_next_expiration_time
                0x0000599a       0x16 contiki-smartRF.a(etimer.o)
                0x0000599a                etimer_next_expiration_time
 .text.process_thread_ctimer_process
                0x000059b0       0xa4 contiki-smartRF.a(ctimer.o)
 .text.ctimer_set
                0x00005a54       0x5a contiki-smartRF.a(ctimer.o)
                0x00005a54                ctimer_set
 .text.ctimer_expired
                0x00005aae       0x32 contiki-smartRF.a(ctimer.o)
                0x00005aae                ctimer_expired
 .text.energest_type_set
                0x00005ae0        0x2 contiki-smartRF.a(energest.o)
                0x00005ae0                energest_type_set
 .text.energest_init
                0x00005ae2        0x2 contiki-smartRF.a(energest.o)
                0x00005ae2                energest_init
 .text.energest_type_time
                0x00005ae4        0x6 contiki-smartRF.a(energest.o)
                0x00005ae4                energest_type_time
 .text.energest_flush
                0x00005aea        0x2 contiki-smartRF.a(energest.o)
                0x00005aea                energest_flush
 .text.rtimer_set
                0x00005aec       0x24 contiki-smartRF.a(rtimer.o)
                0x00005aec                rtimer_set
 .text.rtimer_run_next
                0x00005b10       0x26 contiki-smartRF.a(rtimer.o)
                0x00005b10                rtimer_run_next
 .text.random_init
                0x00005b36        0x6 contiki-smartRF.a(random.o)
                0x00005b36                random_init
 .text.random_rand
                0x00005b3c        0x6 contiki-smartRF.a(random.o)
                0x00005b3c                random_rand
 .text.ringbuf_init
                0x00005b42       0x14 contiki-smartRF.a(ringbuf.o)
                0x00005b42                ringbuf_init
 .text.ringbuf_put
                0x00005b56       0x3c contiki-smartRF.a(ringbuf.o)
                0x00005b56                ringbuf_put
 .text.ringbuf_get
                0x00005b92       0x32 contiki-smartRF.a(ringbuf.o)
                0x00005b92                ringbuf_get
 .text.packetbuf_copyto_hdr
                0x00005bc4       0x22 contiki-smartRF.a(packetbuf.o)
                0x00005bc4                packetbuf_copyto_hdr
 .text.packetbuf_copyto
                0x00005be6       0x5c contiki-smartRF.a(packetbuf.o)
                0x00005be6                packetbuf_copyto
 .text.packetbuf_hdr_remove
                0x00005c42        0x6 contiki-smartRF.a(packetbuf.o)
                0x00005c42                packetbuf_hdr_remove
 .text.packetbuf_hdrreduce
                0x00005c48       0x1a contiki-smartRF.a(packetbuf.o)
                0x00005c48                packetbuf_hdrreduce
 .text.packetbuf_set_datalen
                0x00005c62        0x6 contiki-smartRF.a(packetbuf.o)
                0x00005c62                packetbuf_set_datalen
 .text.packetbuf_dataptr
                0x00005c68        0xa contiki-smartRF.a(packetbuf.o)
                0x00005c68                packetbuf_dataptr
 .text.packetbuf_hdrptr
                0x00005c72        0xa contiki-smartRF.a(packetbuf.o)
                0x00005c72                packetbuf_hdrptr
 .text.packetbuf_is_reference
                0x00005c7c        0xe contiki-smartRF.a(packetbuf.o)
                0x00005c7c                packetbuf_is_reference
 .text.packetbuf_compact
                0x00005c8a       0x48 contiki-smartRF.a(packetbuf.o)
                0x00005c8a                packetbuf_compact
 .text.packetbuf_reference_ptr
                0x00005cd2        0x6 contiki-smartRF.a(packetbuf.o)
                0x00005cd2                packetbuf_reference_ptr
 .text.packetbuf_datalen
                0x00005cd8        0x6 contiki-smartRF.a(packetbuf.o)
                0x00005cd8                packetbuf_datalen
 .text.packetbuf_totlen
                0x00005cde       0x10 contiki-smartRF.a(packetbuf.o)
                0x00005cde                packetbuf_totlen
 .text.packetbuf_hdralloc
                0x00005cee       0x2e contiki-smartRF.a(packetbuf.o)
                0x00005cee                packetbuf_hdralloc
 .text.packetbuf_attr_clear
                0x00005d1c       0x2e contiki-smartRF.a(packetbuf.o)
                0x00005d1c                packetbuf_attr_clear
 .text.packetbuf_clear
                0x00005d4a       0x20 contiki-smartRF.a(packetbuf.o)
                0x00005d4a                packetbuf_clear
 .text.packetbuf_copyfrom
                0x00005d6a       0x2e contiki-smartRF.a(packetbuf.o)
                0x00005d6a                packetbuf_copyfrom
 .text.packetbuf_attr_copyto
                0x00005d98       0x20 contiki-smartRF.a(packetbuf.o)
                0x00005d98                packetbuf_attr_copyto
 .text.packetbuf_attr_copyfrom
                0x00005db8       0x22 contiki-smartRF.a(packetbuf.o)
                0x00005db8                packetbuf_attr_copyfrom
 .text.queuebuf_init
                0x00005dda       0x12 contiki-smartRF.a(queuebuf.o)
                0x00005dda                queuebuf_init
 .text.queuebuf_new_from_packetbuf
                0x00005dec       0x6a contiki-smartRF.a(queuebuf.o)
                0x00005dec                queuebuf_new_from_packetbuf
 .text.queuebuf_update_attr_from_packetbuf
                0x00005e56       0x10 contiki-smartRF.a(queuebuf.o)
                0x00005e56                queuebuf_update_attr_from_packetbuf
 .text.queuebuf_free
                0x00005e66       0x3c contiki-smartRF.a(queuebuf.o)
                0x00005e66                queuebuf_free
 .text.queuebuf_to_packetbuf
                0x00005ea2       0x6e contiki-smartRF.a(queuebuf.o)
                0x00005ea2                queuebuf_to_packetbuf
 .text.init_platform
                0x00005f10        0xc contiki-smartRF.a(contiki-smartRF)
                0x00005f10                init_platform
 .text.w_memcpy
                0x00005f1c       0x22 contiki-smartRF.a(msp430.o)
                0x00005f1c                w_memcpy
 .text.w_memset
                0x00005f3e       0x12 contiki-smartRF.a(msp430.o)
                0x00005f3e                w_memset
 .text.msp430_init_dco
                0x00005f50       0x74 contiki-smartRF.a(msp430.o)
                0x00005f50                msp430_init_dco
 .text.msp430_cpu_init
                0x00005fc4       0x2a contiki-smartRF.a(msp430.o)
                0x00005fc4                msp430_cpu_init
 .text.splhigh_
                0x00005fee        0x8 contiki-smartRF.a(msp430.o)
                0x00005fee                splhigh_
 .text.msp430_sync_dco
                0x00005ff6       0x60 contiki-smartRF.a(msp430.o)
                0x00005ff6                msp430_sync_dco
 .text.show_leds.clone.0
                0x00006056        0xe contiki-smartRF.a(leds.o)
 .text.leds_init
                0x00006064        0xe contiki-smartRF.a(leds.o)
                0x00006064                leds_init
 .text.leds_on  0x00006072        0xa contiki-smartRF.a(leds.o)
                0x00006072                leds_on
 .text.leds_off
                0x0000607c        0xa contiki-smartRF.a(leds.o)
                0x0000607c                leds_off
 .text.watchdog_interrupt
                0x00006086        0x6 contiki-smartRF.a(watchdog.o)
                0x00006086                watchdog_interrupt
                0x00006086                __isr_26
 .text.watchdog_start
                0x0000608c       0x14 contiki-smartRF.a(watchdog.o)
                0x0000608c                watchdog_start
 .text.watchdog_periodic
                0x000060a0       0x12 contiki-smartRF.a(watchdog.o)
                0x000060a0                watchdog_periodic
 .text.watchdog_stop
                0x000060b2       0x16 contiki-smartRF.a(watchdog.o)
                0x000060b2                watchdog_stop
 .text.watchdog_init
                0x000060c8       0x14 contiki-smartRF.a(watchdog.o)
                0x000060c8                watchdog_init
 .text.xmem_init
                0x000060dc        0x2 contiki-smartRF.a(xmem.o)
                0x000060dc                xmem_init
 .text.xmem_pread
                0x000060de        0x4 contiki-smartRF.a(xmem.o)
                0x000060de                xmem_pread
 .text.node_id_restore
                0x000060e2       0x38 contiki-smartRF.a(node-id.o)
                0x000060e2                node_id_restore
 .text.process_thread_sensors_process
                0x0000611a       0xc2 contiki-smartRF.a(sensors.o)
 .text.RELEASE_LOCK
                0x000061dc       0x2c contiki-smartRF.a(cc2420.o)
 .text.cc2420_prepare
                0x00006208       0x14 contiki-smartRF.a(cc2420.o)
 .text.cc2420_off
                0x0000621c       0x22 contiki-smartRF.a(cc2420.o)
                0x0000621c                cc2420_off
 .text.cc2420_on
                0x0000623e       0x22 contiki-smartRF.a(cc2420.o)
                0x0000623e                cc2420_on
 .text.cc2420_cca
                0x00006260       0x58 contiki-smartRF.a(cc2420.o)
 .text.cc2420_receiving_packet
                0x000062b8       0x10 contiki-smartRF.a(cc2420.o)
 .text.pending_packet
                0x000062c8        0x8 contiki-smartRF.a(cc2420.o)
 .text.cc2420_read
                0x000062d0       0x24 contiki-smartRF.a(cc2420.o)
 .text.process_thread_cc2420_process
                0x000062f4       0x50 contiki-smartRF.a(cc2420.o)
 .text.cc2420_set_channel
                0x00006344       0x10 contiki-smartRF.a(cc2420.o)
                0x00006344                cc2420_set_channel
 .text.cc2420_init
                0x00006354       0x1e contiki-smartRF.a(cc2420.o)
                0x00006354                cc2420_init
 .text.cc2420_set_pan_addr
                0x00006372        0xa contiki-smartRF.a(cc2420.o)
                0x00006372                cc2420_set_pan_addr
 .text.cc2420_get_txpower
                0x0000637c        0xc contiki-smartRF.a(cc2420.o)
                0x0000637c                cc2420_get_txpower
 .text.cc2420_transmit
                0x00006388       0x36 contiki-smartRF.a(cc2420.o)
 .text.cc2420_send
                0x000063be       0x12 contiki-smartRF.a(cc2420.o)
 .text.uart1_active
                0x000063d0        0xa contiki-smartRF.a(uart1-arch.o)
                0x000063d0                uart1_active
 .text.uart1_set_input
                0x000063da        0x2 contiki-smartRF.a(uart1-arch.o)
                0x000063da                uart1_set_input
 .text.uart1_writeb
                0x000063dc       0x18 contiki-smartRF.a(uart1-arch.o)
                0x000063dc                uart1_writeb
 .text.putchar  0x000063f4       0x1c contiki-smartRF.a(uart1-arch.o)
                0x000063f4                putchar
 .text.halUartInit
                0x00006410       0x86 contiki-smartRF.a(uart1-arch.o)
                0x00006410                halUartInit
 .text.timera1  0x00006496      0x106 contiki-smartRF.a(clock.o)
                0x00006496                timera1
                0x00006496                __isr_24
 .text.clock_time
                0x0000659c       0x1a contiki-smartRF.a(clock.o)
                0x0000659c                clock_time
 .text.clock_init
                0x000065b6       0x30 contiki-smartRF.a(clock.o)
                0x000065b6                clock_init
 .text.leds_arch_init
                0x000065e6       0x12 contiki-smartRF.a(leds-arch.o)
                0x000065e6                leds_arch_init
 .text.leds_arch_set
                0x000065f8        0x6 contiki-smartRF.a(leds-arch.o)
                0x000065f8                leds_arch_set
 .text.timera0  0x000065fe       0x2c contiki-smartRF.a(rtimer-arch.o)
                0x000065fe                timera0
                0x000065fe                __isr_25
 .text.rtimer_arch_now
                0x0000662a        0xe contiki-smartRF.a(rtimer-arch.o)
                0x0000662a                rtimer_arch_now
 .text.rtimer_arch_schedule
                0x00006638        0x6 contiki-smartRF.a(rtimer-arch.o)
                0x00006638                rtimer_arch_schedule
 .text.mac_call_sent_callback
                0x0000663e       0x14 contiki-smartRF.a(mac.o)
                0x0000663e                mac_call_sent_callback
 .text.parse    0x00006652       0xa8 contiki-smartRF.a(framer-802154.o)
 .text.create   0x000066fa      0x10e contiki-smartRF.a(framer-802154.o)
 .text.field_len
                0x00006808       0x98 contiki-smartRF.a(frame802154.o)
 .text.frame802154_hdrlen
                0x000068a0       0x26 contiki-smartRF.a(frame802154.o)
                0x000068a0                frame802154_hdrlen
 .text.frame802154_create
                0x000068c6      0x16c contiki-smartRF.a(frame802154.o)
                0x000068c6                frame802154_create
 .text.frame802154_parse
                0x00006a32      0x1b0 contiki-smartRF.a(frame802154.o)
                0x00006a32                frame802154_parse
 .text.libgcc   0x00006be2       0x20 c:/mspgcc/bin/../lib/gcc/msp430/4.5.3/mcpu-430x/mmpy-16\libgcc.a(_mulsi3.o)
                0x00006be2                __mulsi3
 .text.libgcc   0x00006c02       0x2a c:/mspgcc/bin/../lib/gcc/msp430/4.5.3/mcpu-430x/mmpy-16\libgcc.a(_udivmodsi4.o)
                0x00006c02                __udivmodsi4
 .text.crt0     0x00006c2c        0x2 c:/mspgcc/bin/../lib/gcc/msp430/4.5.3/mcpu-430x/mmpy-16\libcrt0.a(_unexpected_.o)
                0x00006c2c                _unexpected_

.rodata         0x00006c2e        0x0
                0x00006c2e                . = ALIGN (0x2)
 *(.rodata .rodata.* .gnu.linkonce.r.*)
                0x00006c2e                . = ALIGN (0x2)
                0x00006c2e                _etext = .

.data           0x00001100       0x72 load address 0x00006c2e
                0x00001100                . = ALIGN (0x2)
                0x00001100                PROVIDE (__data_start, .)
 *(.data)
 .data          0x00001100        0xa blink.co
                0x00001100                blink_process
 .data          0x0000110a        0x8 contiki-smartRF.a(csma.o)
 .data          0x00001112        0xe contiki-smartRF.a(contikimac.o)
                0x00001112                phase_list
 .data          0x00001120        0x8 contiki-smartRF.a(phase.o)
 .data          0x00001128        0xa contiki-smartRF.a(serial-line.o)
                0x00001128                serial_line_process
 .data          0x00001132        0xa contiki-smartRF.a(etimer.o)
                0x00001132                etimer_process
 .data          0x0000113c        0xa contiki-smartRF.a(ctimer.o)
                0x0000113c                ctimer_process
 .data          0x00001146       0x10 contiki-smartRF.a(queuebuf.o)
 .data          0x00001156        0x2 contiki-smartRF.a(msp430.o)
 .data          0x00001158        0xa contiki-smartRF.a(sensors.o)
                0x00001158                sensors_process
 .data          0x00001162        0xa contiki-smartRF.a(cc2420.o)
                0x00001162                cc2420_process
 .data          0x0000116c        0x2 contiki-smartRF.a(clock.o)
 .data          0x0000116e        0x4 c:/mspgcc/bin/../lib/gcc/msp430/4.5.3/../../../../msp430/lib/mcpu-430x/mmpy-16\libc.a(rand.o)
 *(SORT(.data.*))
                0x00001172                . = ALIGN (0x2)
 *(.gnu.linkonce.d*)
                0x00001172                . = ALIGN (0x2)
                0x00001172                _edata = .
                0x00006c2e                PROVIDE (__data_load_start, LOADADDR (.data))
                0x00000072                PROVIDE (__data_size, SIZEOF (.data))

.bss            0x00001172     0x1316 load address 0x00006ca0
                0x00001172                PROVIDE (__bss_start, .)
 *(.bss)
 .bss           0x00001172        0xc blink.co
 .bss           0x0000117e        0xc obj_smartRF/contiki-smartRF-main.o
 .bss           0x0000118a        0x2 contiki-smartRF.a(rime.o)
 .bss           0x0000118c        0x6 contiki-smartRF.a(announcement.o)
 .bss           0x00001192       0x46 contiki-smartRF.a(broadcast-annou)
 .bss           0x000011d8        0x2 contiki-smartRF.a(channel.o)
 .bss           0x000011da       0x68 contiki-smartRF.a(csma.o)
 .bss           0x00001242      0x264 contiki-smartRF.a(contikimac.o)
 .bss           0x000014a6       0xd8 contiki-smartRF.a(phase.o)
 .bss           0x0000157e       0x42 contiki-smartRF.a(process.o)
                0x0000157e                process_list
                0x00001580                process_current
 .bss           0x000015c0        0x8 contiki-smartRF.a(compower.o)
 .bss           0x000015c8      0x10a contiki-smartRF.a(serial-line.o)
 .bss           0x000016d2        0x6 contiki-smartRF.a(etimer.o)
 .bss           0x000016d8        0x4 contiki-smartRF.a(ctimer.o)
 .bss           0x000016dc        0x2 contiki-smartRF.a(rtimer.o)
 .bss           0x000016de       0xba contiki-smartRF.a(packetbuf.o)
 .bss           0x00001798      0xc1e contiki-smartRF.a(queuebuf.o)
 .bss           0x000023b6        0x4 contiki-smartRF.a(contiki-smartRF)
                0x000023b6                sensors
 .bss           0x000023ba        0x2 contiki-smartRF.a(leds.o)
 .bss           0x000023bc        0x2 contiki-smartRF.a(watchdog.o)
 .bss           0x000023be        0x2 contiki-smartRF.a(node-id.o)
                0x000023be                node_id
 .bss           0x000023c0        0x6 contiki-smartRF.a(sensors.o)
 .bss           0x000023c6        0xa contiki-smartRF.a(cc2420.o)
 .bss           0x000023d0        0x2 contiki-smartRF.a(uart1-arch.o)
 .bss           0x000023d2        0xa contiki-smartRF.a(clock.o)
 .bss           0x000023dc        0x2 contiki-smartRF.a(framer-802154.o)
 *(SORT(.bss.*))
 *(COMMON)
 COMMON         0x000023de        0x2 contiki-smartRF.a(rimeaddr.o)
                0x000023de                rimeaddr_node_addr
 COMMON         0x000023e0        0x2 contiki-smartRF.a(rime.o)
                0x000023e0                rime_mac
 COMMON         0x000023e2       0x48 contiki-smartRF.a(rimestats.o)
                0x000023e2                rimestats
 COMMON         0x0000242a        0x1 contiki-smartRF.a(process.o)
                0x0000242a                process_maxevents
 *fill*         0x0000242b        0x1 00
 COMMON         0x0000242c        0x8 contiki-smartRF.a(compower.o)
                0x0000242c                compower_idle_activity
 COMMON         0x00002434        0x1 contiki-smartRF.a(serial-line.o)
                0x00002434                serial_line_event_message
 *fill*         0x00002435        0x1 00
 COMMON         0x00002436       0x38 contiki-smartRF.a(packetbuf.o)
                0x00002436                packetbuf_addrs
                0x0000243e                packetbuf_attrs
 COMMON         0x0000246e        0x2 contiki-smartRF.a(contiki-smartRF)
                0x0000246e                sensors_flags
 COMMON         0x00002470        0x2 contiki-smartRF.a(msp430.o)
                0x00002470                msp430_dco_required
 COMMON         0x00002472        0x1 contiki-smartRF.a(sensors.o)
                0x00002472                sensors_event
 *fill*         0x00002473        0x1 00
 COMMON         0x00002474       0x14 contiki-smartRF.a(cc2420.o)
                0x00002474                cc2420_last_rssi
                0x00002476                cc2420_packets_read
                0x00002478                cc2420_packets_seen
                0x0000247a                cc2420_sfd_start_time
                0x0000247c                cc2420_time_of_departure
                0x0000247e                cc2420_time_of_arrival
                0x00002480                cc2420_last_correlation
                0x00002482                cc2420_authority_level_of_sender
                0x00002484                cc2420_sfd_counter
                0x00002486                cc2420_sfd_end_time
                0x00002488                PROVIDE (__bss_end, .)
                0x00002488                _end = .
                0x00001316                PROVIDE (__bss_size, SIZEOF (.bss))

.noinit         0x00002488        0x0 load address 0x00006ca0
                0x00002488                PROVIDE (__noinit_start, .)
 *(.noinit)
 *(.noinit.*)
 *(COMMON)
                0x00002488                PROVIDE (__noinit_end, .)
                0x00002488                _end = .

.infomem        0x00001000        0x0
 *(.infomem)
                0x00001000                . = ALIGN (0x2)
 *(.infomem.*)

.infomemnobits  0x00001000        0x0
                0x00001000                . = ALIGN (0x2)
 *(.infomemnobits)
                0x00001000                . = ALIGN (0x2)
 *(.infomemnobits.*)

.vectors        0x0000ffc0       0x40
                0x0000ffc0                PROVIDE (__vectors_start, .)
 *(.vectors*)
 .vectors       0x0000ffc0       0x40 c:/mspgcc/bin/../lib/gcc/msp430/4.5.3/mcpu-430x/mmpy-16/crt0ivtbl32.o
                0x0000ffc0                __ivtbl_32
                0x00010000                _vectors_end = .

.fartext        0x00010000        0x0
                0x00010000                . = ALIGN (0x2)
 *(.fartext)
                0x00010000                . = ALIGN (0x2)
 *(.fartext.*)
                0x00010000                _efartext = .

.profiler
 *(.profiler)

.stab
 *(.stab)

.stabstr
 *(.stabstr)

.stab.excl
 *(.stab.excl)

.stab.exclstr
 *(.stab.exclstr)

.stab.index
 *(.stab.index)

.stab.indexstr
 *(.stab.indexstr)

.comment
 *(.comment)

.debug
 *(.debug)

.line
 *(.line)

.debug_srcinfo
 *(.debug_srcinfo)

.debug_sfnames
 *(.debug_sfnames)

.debug_aranges  0x00000000      0x84c
 *(.debug_aranges)
 .debug_aranges
                0x00000000       0x14 blink.co
 .debug_aranges
                0x00000014       0x18 obj_smartRF/contiki-smartRF-main.o
 .debug_aranges
                0x0000002c       0x1c contiki-smartRF.a(rimeaddr.o)
 .debug_aranges
                0x00000048       0x28 contiki-smartRF.a(rime.o)
 .debug_aranges
                0x00000070       0x3c contiki-smartRF.a(announcement.o)
 .debug_aranges
                0x000000ac       0x34 contiki-smartRF.a(broadcast-annou)
 .debug_aranges
                0x000000e0       0x24 contiki-smartRF.a(broadcast.o)
 .debug_aranges
                0x00000104       0x24 contiki-smartRF.a(abc.o)
 .debug_aranges
                0x00000128       0x20 contiki-smartRF.a(chameleon.o)
 .debug_aranges
                0x00000148       0x24 contiki-smartRF.a(channel.o)
 .debug_aranges
                0x0000016c       0x2c contiki-smartRF.a(chameleon-bitop)
 .debug_aranges
                0x00000198       0x34 contiki-smartRF.a(csma.o)
 .debug_aranges
                0x000001cc       0x40 contiki-smartRF.a(contikimac.o)
 .debug_aranges
                0x0000020c       0x28 contiki-smartRF.a(phase.o)
 .debug_aranges
                0x00000234       0x44 contiki-smartRF.a(process.o)
 .debug_aranges
                0x00000278       0x18 contiki-smartRF.a(autostart.o)
 .debug_aranges
                0x00000290       0x24 contiki-smartRF.a(compower.o)
 .debug_aranges
                0x000002b4       0x1c contiki-smartRF.a(serial-line.o)
 .debug_aranges
                0x000002d0       0x20 contiki-smartRF.a(memb.o)
 .debug_aranges
                0x000002f0       0x24 contiki-smartRF.a(timer.o)
 .debug_aranges
                0x00000314       0x40 contiki-smartRF.a(list.o)
 .debug_aranges
                0x00000354       0x48 contiki-smartRF.a(etimer.o)
 .debug_aranges
                0x0000039c       0x2c contiki-smartRF.a(ctimer.o)
 .debug_aranges
                0x000003c8       0x20 contiki-smartRF.a(energest.o)
 .debug_aranges
                0x000003e8       0x1c contiki-smartRF.a(rtimer.o)
 .debug_aranges
                0x00000404       0x18 contiki-smartRF.a(random.o)
 .debug_aranges
                0x0000041c       0x24 contiki-smartRF.a(ringbuf.o)
 .debug_aranges
                0x00000440       0x64 contiki-smartRF.a(packetbuf.o)
 .debug_aranges
                0x000004a4       0x38 contiki-smartRF.a(queuebuf.o)
 .debug_aranges
                0x000004dc       0x14 contiki-smartRF.a(contiki-smartRF)
 .debug_aranges
                0x000004f0       0x38 contiki-smartRF.a(msp430.o)
 .debug_aranges
                0x00000528       0x40 contiki-smartRF.a(leds.o)
 .debug_aranges
                0x00000568       0x28 contiki-smartRF.a(watchdog.o)
 .debug_aranges
                0x00000590       0x20 contiki-smartRF.a(xmem.o)
 .debug_aranges
                0x000005b0       0x18 contiki-smartRF.a(node-id.o)
 .debug_aranges
                0x000005c8       0x28 contiki-smartRF.a(sensors.o)
 .debug_aranges
                0x000005f0       0x64 contiki-smartRF.a(cc2420.o)
 .debug_aranges
                0x00000654       0x28 contiki-smartRF.a(uart1-arch.o)
 .debug_aranges
                0x0000067c       0x44 contiki-smartRF.a(clock.o)
 .debug_aranges
                0x000006c0       0x1c contiki-smartRF.a(leds-arch.o)
 .debug_aranges
                0x000006dc       0x20 contiki-smartRF.a(rtimer-arch.o)
 .debug_aranges
                0x000006fc       0x14 contiki-smartRF.a(mac.o)
 .debug_aranges
                0x00000710       0x18 contiki-smartRF.a(framer-802154.o)
 .debug_aranges
                0x00000728       0x20 contiki-smartRF.a(frame802154.o)
 .debug_aranges
                0x00000748       0x14 c:/mspgcc/bin/../lib/gcc/msp430/4.5.3/mcpu-430x/mmpy-16\libgcc.a(_mulsi3.o)
 .debug_aranges
                0x0000075c       0x14 c:/mspgcc/bin/../lib/gcc/msp430/4.5.3/mcpu-430x/mmpy-16\libgcc.a(_udivmodsi4.o)
 .debug_aranges
                0x00000770       0x14 c:/mspgcc/bin/../lib/gcc/msp430/4.5.3/../../../../msp430/lib/mcpu-430x/mmpy-16\libc.a(strncmp.o)
 .debug_aranges
                0x00000784       0x14 c:/mspgcc/bin/../lib/gcc/msp430/4.5.3/../../../../msp430/lib/mcpu-430x/mmpy-16\libc.a(printf.o)
 .debug_aranges
                0x00000798       0x14 c:/mspgcc/bin/../lib/gcc/msp430/4.5.3/../../../../msp430/lib/mcpu-430x/mmpy-16\libc.a(vuprintf.o)
 .debug_aranges
                0x000007ac       0x14 c:/mspgcc/bin/../lib/gcc/msp430/4.5.3/../../../../msp430/lib/mcpu-430x/mmpy-16\libc.a(puts.o)
 .debug_aranges
                0x000007c0       0x14 c:/mspgcc/bin/../lib/gcc/msp430/4.5.3/../../../../msp430/lib/mcpu-430x/mmpy-16\libc.a(rand.o)
 .debug_aranges
                0x000007d4       0x14 c:/mspgcc/bin/../lib/gcc/msp430/4.5.3/mcpu-430x/mmpy-16\libcrt0.a(__init_stack.o)
 .debug_aranges
                0x000007e8       0x14 c:/mspgcc/bin/../lib/gcc/msp430/4.5.3/mcpu-430x/mmpy-16\libcrt0.a(__low_level_init.o)
 .debug_aranges
                0x000007fc       0x14 c:/mspgcc/bin/../lib/gcc/msp430/4.5.3/mcpu-430x/mmpy-16\libcrt0.a(_copy_data.o)
 .debug_aranges
                0x00000810       0x14 c:/mspgcc/bin/../lib/gcc/msp430/4.5.3/mcpu-430x/mmpy-16\libcrt0.a(_clear_bss.o)
 .debug_aranges
                0x00000824       0x14 c:/mspgcc/bin/../lib/gcc/msp430/4.5.3/mcpu-430x/mmpy-16\libcrt0.a(_endless_loop__.o)
 .debug_aranges
                0x00000838       0x14 c:/mspgcc/bin/../lib/gcc/msp430/4.5.3/mcpu-430x/mmpy-16\libcrt0.a(_unexpected_.o)

.debug_pubnames
                0x00000000     0x18bd
 *(.debug_pubnames)
 .debug_pubnames
                0x00000000       0x3c blink.co
 .debug_pubnames
                0x0000003c       0x27 obj_smartRF/contiki-smartRF-main.o
 .debug_pubnames
                0x00000063       0x79 contiki-smartRF.a(rimeaddr.o)
 .debug_pubnames
                0x000000dc       0x6c contiki-smartRF.a(rime.o)
 .debug_pubnames
                0x00000148       0x20 contiki-smartRF.a(rimestats.o)
 .debug_pubnames
                0x00000168      0x144 contiki-smartRF.a(announcement.o)
 .debug_pubnames
                0x000002ac       0x7d contiki-smartRF.a(broadcast-annou)
 .debug_pubnames
                0x00000329       0x4c contiki-smartRF.a(broadcast.o)
 .debug_pubnames
                0x00000375       0x55 contiki-smartRF.a(abc.o)
 .debug_pubnames
                0x000003ca       0x64 contiki-smartRF.a(chameleon.o)
 .debug_pubnames
                0x0000042e       0x74 contiki-smartRF.a(channel.o)
 .debug_pubnames
                0x000004a2       0x6b contiki-smartRF.a(chameleon-bitop)
 .debug_pubnames
                0x0000050d       0x22 contiki-smartRF.a(csma.o)
 .debug_pubnames
                0x0000052f       0x52 contiki-smartRF.a(contikimac.o)
 .debug_pubnames
                0x00000581       0x64 contiki-smartRF.a(phase.o)
 .debug_pubnames
                0x000005e5      0x10d contiki-smartRF.a(process.o)
 .debug_pubnames
                0x000006f2       0x39 contiki-smartRF.a(autostart.o)
 .debug_pubnames
                0x0000072b       0x9e contiki-smartRF.a(compower.o)
 .debug_pubnames
                0x000007c9       0x78 contiki-smartRF.a(serial-line.o)
 .debug_pubnames
                0x00000841       0x4d contiki-smartRF.a(memb.o)
 .debug_pubnames
                0x0000088e       0x68 contiki-smartRF.a(timer.o)
 .debug_pubnames
                0x000008f6       0xc3 contiki-smartRF.a(list.o)
 .debug_pubnames
                0x000009b9      0x109 contiki-smartRF.a(etimer.o)
 .debug_pubnames
                0x00000ac2       0x8b contiki-smartRF.a(ctimer.o)
 .debug_pubnames
                0x00000b4d       0x64 contiki-smartRF.a(energest.o)
 .debug_pubnames
                0x00000bb1       0x45 contiki-smartRF.a(rtimer.o)
 .debug_pubnames
                0x00000bf6       0x32 contiki-smartRF.a(random.o)
 .debug_pubnames
                0x00000c28       0x69 contiki-smartRF.a(ringbuf.o)
 .debug_pubnames
                0x00000c91      0x22c contiki-smartRF.a(packetbuf.o)
 .debug_pubnames
                0x00000ebd       0xff contiki-smartRF.a(queuebuf.o)
 .debug_pubnames
                0x00000fbc       0x42 contiki-smartRF.a(contiki-smartRF)
 .debug_pubnames
                0x00000ffe       0xd1 contiki-smartRF.a(msp430.o)
 .debug_pubnames
                0x000010cf       0xb1 contiki-smartRF.a(leds.o)
 .debug_pubnames
                0x00001180       0x8a contiki-smartRF.a(watchdog.o)
 .debug_pubnames
                0x0000120a       0x4e contiki-smartRF.a(xmem.o)
 .debug_pubnames
                0x00001258       0x43 contiki-smartRF.a(node-id.o)
 .debug_pubnames
                0x0000129b       0x80 contiki-smartRF.a(sensors.o)
 .debug_pubnames
                0x0000131b      0x236 contiki-smartRF.a(cc2420.o)
 .debug_pubnames
                0x00001551       0x7c contiki-smartRF.a(uart1-arch.o)
 .debug_pubnames
                0x000015cd       0xef contiki-smartRF.a(clock.o)
 .debug_pubnames
                0x000016bc       0x49 contiki-smartRF.a(leds-arch.o)
 .debug_pubnames
                0x00001705       0x60 contiki-smartRF.a(rtimer-arch.o)
 .debug_pubnames
                0x00001765       0x2d contiki-smartRF.a(mac.o)
 .debug_pubnames
                0x00001792       0x24 contiki-smartRF.a(framer-802154.o)
 .debug_pubnames
                0x000017b6       0x56 contiki-smartRF.a(frame802154.o)
 .debug_pubnames
                0x0000180c       0x1e c:/mspgcc/bin/../lib/gcc/msp430/4.5.3/../../../../msp430/lib/mcpu-430x/mmpy-16\libc.a(strncmp.o)
 .debug_pubnames
                0x0000182a       0x29 c:/mspgcc/bin/../lib/gcc/msp430/4.5.3/../../../../msp430/lib/mcpu-430x/mmpy-16\libc.a(printf.o)
 .debug_pubnames
                0x00001853       0x1f c:/mspgcc/bin/../lib/gcc/msp430/4.5.3/../../../../msp430/lib/mcpu-430x/mmpy-16\libc.a(vuprintf.o)
 .debug_pubnames
                0x00001872       0x1b c:/mspgcc/bin/../lib/gcc/msp430/4.5.3/../../../../msp430/lib/mcpu-430x/mmpy-16\libc.a(puts.o)
 .debug_pubnames
                0x0000188d       0x30 c:/mspgcc/bin/../lib/gcc/msp430/4.5.3/../../../../msp430/lib/mcpu-430x/mmpy-16\libc.a(rand.o)

.debug_info     0x00000000     0xc4ea
 *(.debug_info)
 .debug_info    0x00000000      0x26e blink.co
 .debug_info    0x0000026e      0x69f obj_smartRF/contiki-smartRF-main.o
 .debug_info    0x0000090d      0x1d2 contiki-smartRF.a(rimeaddr.o)
 .debug_info    0x00000adf      0x616 contiki-smartRF.a(rime.o)
 .debug_info    0x000010f5      0x140 contiki-smartRF.a(rimestats.o)
 .debug_info    0x00001235      0x3b0 contiki-smartRF.a(announcement.o)
 .debug_info    0x000015e5      0x825 contiki-smartRF.a(broadcast-annou)
 .debug_info    0x00001e0a      0x56b contiki-smartRF.a(broadcast.o)
 .debug_info    0x00002375      0x43a contiki-smartRF.a(abc.o)
 .debug_info    0x000027af      0x409 contiki-smartRF.a(chameleon.o)
 .debug_info    0x00002bb8      0x2d7 contiki-smartRF.a(channel.o)
 .debug_info    0x00002e8f      0x785 contiki-smartRF.a(chameleon-bitop)
 .debug_info    0x00003614      0xa10 contiki-smartRF.a(csma.o)
 .debug_info    0x00004024      0xf1e contiki-smartRF.a(contikimac.o)
 .debug_info    0x00004f42      0x80a contiki-smartRF.a(phase.o)
 .debug_info    0x0000574c      0x51f contiki-smartRF.a(process.o)
 .debug_info    0x00005c6b      0x1b1 contiki-smartRF.a(autostart.o)
 .debug_info    0x00005e1c      0x42a contiki-smartRF.a(compower.o)
 .debug_info    0x00006246      0x300 contiki-smartRF.a(serial-line.o)
 .debug_info    0x00006546      0x198 contiki-smartRF.a(memb.o)
 .debug_info    0x000066de      0x174 contiki-smartRF.a(timer.o)
 .debug_info    0x00006852      0x2f3 contiki-smartRF.a(list.o)
 .debug_info    0x00006b45      0x498 contiki-smartRF.a(etimer.o)
 .debug_info    0x00006fdd      0x44c contiki-smartRF.a(ctimer.o)
 .debug_info    0x00007429       0xe6 contiki-smartRF.a(energest.o)
 .debug_info    0x0000750f      0x1ac contiki-smartRF.a(rtimer.o)
 .debug_info    0x000076bb       0xa4 contiki-smartRF.a(random.o)
 .debug_info    0x0000775f      0x1b4 contiki-smartRF.a(ringbuf.o)
 .debug_info    0x00007913      0x5a4 contiki-smartRF.a(packetbuf.o)
 .debug_info    0x00007eb7      0x55c contiki-smartRF.a(queuebuf.o)
 .debug_info    0x00008413      0x244 contiki-smartRF.a(contiki-smartRF)
 .debug_info    0x00008657      0x4a2 contiki-smartRF.a(msp430.o)
 .debug_info    0x00008af9      0x20c contiki-smartRF.a(leds.o)
 .debug_info    0x00008d05      0x163 contiki-smartRF.a(watchdog.o)
 .debug_info    0x00008e68      0x1b1 contiki-smartRF.a(xmem.o)
 .debug_info    0x00009019       0xef contiki-smartRF.a(node-id.o)
 .debug_info    0x00009108      0x3b0 contiki-smartRF.a(sensors.o)
 .debug_info    0x000094b8      0xfb0 contiki-smartRF.a(cc2420.o)
 .debug_info    0x0000a468      0x2e5 contiki-smartRF.a(uart1-arch.o)
 .debug_info    0x0000a74d      0x383 contiki-smartRF.a(clock.o)
 .debug_info    0x0000aad0       0xff contiki-smartRF.a(leds-arch.o)
 .debug_info    0x0000abcf      0x15a contiki-smartRF.a(rtimer-arch.o)
 .debug_info    0x0000ad29      0x110 contiki-smartRF.a(mac.o)
 .debug_info    0x0000ae39      0x640 contiki-smartRF.a(framer-802154.o)
 .debug_info    0x0000b479      0x497 contiki-smartRF.a(frame802154.o)
 .debug_info    0x0000b910       0xa5 c:/mspgcc/bin/../lib/gcc/msp430/4.5.3/mcpu-430x/mmpy-16\libgcc.a(_mulsi3.o)
 .debug_info    0x0000b9b5       0xa5 c:/mspgcc/bin/../lib/gcc/msp430/4.5.3/mcpu-430x/mmpy-16\libgcc.a(_udivmodsi4.o)
 .debug_info    0x0000ba5a       0xbd c:/mspgcc/bin/../lib/gcc/msp430/4.5.3/../../../../msp430/lib/mcpu-430x/mmpy-16\libc.a(strncmp.o)
 .debug_info    0x0000bb17      0x103 c:/mspgcc/bin/../lib/gcc/msp430/4.5.3/../../../../msp430/lib/mcpu-430x/mmpy-16\libc.a(printf.o)
 .debug_info    0x0000bc1a      0x44b c:/mspgcc/bin/../lib/gcc/msp430/4.5.3/../../../../msp430/lib/mcpu-430x/mmpy-16\libc.a(vuprintf.o)
 .debug_info    0x0000c065       0x96 c:/mspgcc/bin/../lib/gcc/msp430/4.5.3/../../../../msp430/lib/mcpu-430x/mmpy-16\libc.a(puts.o)
 .debug_info    0x0000c0fb      0x137 c:/mspgcc/bin/../lib/gcc/msp430/4.5.3/../../../../msp430/lib/mcpu-430x/mmpy-16\libc.a(rand.o)
 .debug_info    0x0000c232       0x74 c:/mspgcc/bin/../lib/gcc/msp430/4.5.3/mcpu-430x/mmpy-16\libcrt0.a(__init_stack.o)
 .debug_info    0x0000c2a6       0x74 c:/mspgcc/bin/../lib/gcc/msp430/4.5.3/mcpu-430x/mmpy-16\libcrt0.a(__low_level_init.o)
 .debug_info    0x0000c31a       0x74 c:/mspgcc/bin/../lib/gcc/msp430/4.5.3/mcpu-430x/mmpy-16\libcrt0.a(_copy_data.o)
 .debug_info    0x0000c38e       0x74 c:/mspgcc/bin/../lib/gcc/msp430/4.5.3/mcpu-430x/mmpy-16\libcrt0.a(_clear_bss.o)
 .debug_info    0x0000c402       0x74 c:/mspgcc/bin/../lib/gcc/msp430/4.5.3/mcpu-430x/mmpy-16\libcrt0.a(_endless_loop__.o)
 .debug_info    0x0000c476       0x74 c:/mspgcc/bin/../lib/gcc/msp430/4.5.3/mcpu-430x/mmpy-16\libcrt0.a(_unexpected_.o)
 *(.gnu.linkonce.wi.*)

.debug_abbrev   0x00000000     0x4e46
 *(.debug_abbrev)
 .debug_abbrev  0x00000000      0x16f blink.co
 .debug_abbrev  0x0000016f      0x25e obj_smartRF/contiki-smartRF-main.o
 .debug_abbrev  0x000003cd      0x176 contiki-smartRF.a(rimeaddr.o)
 .debug_abbrev  0x00000543      0x1f0 contiki-smartRF.a(rime.o)
 .debug_abbrev  0x00000733       0x5d contiki-smartRF.a(rimestats.o)
 .debug_abbrev  0x00000790      0x183 contiki-smartRF.a(announcement.o)
 .debug_abbrev  0x00000913      0x24c contiki-smartRF.a(broadcast-annou)
 .debug_abbrev  0x00000b5f      0x215 contiki-smartRF.a(broadcast.o)
 .debug_abbrev  0x00000d74      0x19b contiki-smartRF.a(abc.o)
 .debug_abbrev  0x00000f0f      0x1e7 contiki-smartRF.a(chameleon.o)
 .debug_abbrev  0x000010f6      0x182 contiki-smartRF.a(channel.o)
 .debug_abbrev  0x00001278      0x28e contiki-smartRF.a(chameleon-bitop)
 .debug_abbrev  0x00001506      0x335 contiki-smartRF.a(csma.o)
 .debug_abbrev  0x0000183b      0x3fa contiki-smartRF.a(contikimac.o)
 .debug_abbrev  0x00001c35      0x20b contiki-smartRF.a(phase.o)
 .debug_abbrev  0x00001e40      0x2f8 contiki-smartRF.a(process.o)
 .debug_abbrev  0x00002138       0xf7 contiki-smartRF.a(autostart.o)
 .debug_abbrev  0x0000222f      0x211 contiki-smartRF.a(compower.o)
 .debug_abbrev  0x00002440      0x1bf contiki-smartRF.a(serial-line.o)
 .debug_abbrev  0x000025ff       0xec contiki-smartRF.a(memb.o)
 .debug_abbrev  0x000026eb       0xfa contiki-smartRF.a(timer.o)
 .debug_abbrev  0x000027e5      0x153 contiki-smartRF.a(list.o)
 .debug_abbrev  0x00002938      0x22b contiki-smartRF.a(etimer.o)
 .debug_abbrev  0x00002b63      0x1c6 contiki-smartRF.a(ctimer.o)
 .debug_abbrev  0x00002d29       0x8f contiki-smartRF.a(energest.o)
 .debug_abbrev  0x00002db8      0x12c contiki-smartRF.a(rtimer.o)
 .debug_abbrev  0x00002ee4       0x69 contiki-smartRF.a(random.o)
 .debug_abbrev  0x00002f4d      0x10b contiki-smartRF.a(ringbuf.o)
 .debug_abbrev  0x00003058      0x24e contiki-smartRF.a(packetbuf.o)
 .debug_abbrev  0x000032a6      0x1c8 contiki-smartRF.a(queuebuf.o)
 .debug_abbrev  0x0000346e      0x114 contiki-smartRF.a(contiki-smartRF)
 .debug_abbrev  0x00003582      0x1b6 contiki-smartRF.a(msp430.o)
 .debug_abbrev  0x00003738       0xeb contiki-smartRF.a(leds.o)
 .debug_abbrev  0x00003823       0xd7 contiki-smartRF.a(watchdog.o)
 .debug_abbrev  0x000038fa       0xd4 contiki-smartRF.a(xmem.o)
 .debug_abbrev  0x000039ce       0x95 contiki-smartRF.a(node-id.o)
 .debug_abbrev  0x00003a63      0x1d5 contiki-smartRF.a(sensors.o)
 .debug_abbrev  0x00003c38      0x3eb contiki-smartRF.a(cc2420.o)
 .debug_abbrev  0x00004023      0x194 contiki-smartRF.a(uart1-arch.o)
 .debug_abbrev  0x000041b7      0x1d4 contiki-smartRF.a(clock.o)
 .debug_abbrev  0x0000438b       0x99 contiki-smartRF.a(leds-arch.o)
 .debug_abbrev  0x00004424       0xe0 contiki-smartRF.a(rtimer-arch.o)
 .debug_abbrev  0x00004504       0xa2 contiki-smartRF.a(mac.o)
 .debug_abbrev  0x000045a6      0x222 contiki-smartRF.a(framer-802154.o)
 .debug_abbrev  0x000047c8      0x191 contiki-smartRF.a(frame802154.o)
 .debug_abbrev  0x00004959       0x14 c:/mspgcc/bin/../lib/gcc/msp430/4.5.3/mcpu-430x/mmpy-16\libgcc.a(_mulsi3.o)
 .debug_abbrev  0x0000496d       0x14 c:/mspgcc/bin/../lib/gcc/msp430/4.5.3/mcpu-430x/mmpy-16\libgcc.a(_udivmodsi4.o)
 .debug_abbrev  0x00004981       0x6d c:/mspgcc/bin/../lib/gcc/msp430/4.5.3/../../../../msp430/lib/mcpu-430x/mmpy-16\libc.a(strncmp.o)
 .debug_abbrev  0x000049ee       0xce c:/mspgcc/bin/../lib/gcc/msp430/4.5.3/../../../../msp430/lib/mcpu-430x/mmpy-16\libc.a(printf.o)
 .debug_abbrev  0x00004abc      0x1d6 c:/mspgcc/bin/../lib/gcc/msp430/4.5.3/../../../../msp430/lib/mcpu-430x/mmpy-16\libc.a(vuprintf.o)
 .debug_abbrev  0x00004c92       0x60 c:/mspgcc/bin/../lib/gcc/msp430/4.5.3/../../../../msp430/lib/mcpu-430x/mmpy-16\libc.a(puts.o)
 .debug_abbrev  0x00004cf2       0xdc c:/mspgcc/bin/../lib/gcc/msp430/4.5.3/../../../../msp430/lib/mcpu-430x/mmpy-16\libc.a(rand.o)
 .debug_abbrev  0x00004dce       0x14 c:/mspgcc/bin/../lib/gcc/msp430/4.5.3/mcpu-430x/mmpy-16\libcrt0.a(__init_stack.o)
 .debug_abbrev  0x00004de2       0x14 c:/mspgcc/bin/../lib/gcc/msp430/4.5.3/mcpu-430x/mmpy-16\libcrt0.a(__low_level_init.o)
 .debug_abbrev  0x00004df6       0x14 c:/mspgcc/bin/../lib/gcc/msp430/4.5.3/mcpu-430x/mmpy-16\libcrt0.a(_copy_data.o)
 .debug_abbrev  0x00004e0a       0x14 c:/mspgcc/bin/../lib/gcc/msp430/4.5.3/mcpu-430x/mmpy-16\libcrt0.a(_clear_bss.o)
 .debug_abbrev  0x00004e1e       0x14 c:/mspgcc/bin/../lib/gcc/msp430/4.5.3/mcpu-430x/mmpy-16\libcrt0.a(_endless_loop__.o)
 .debug_abbrev  0x00004e32       0x14 c:/mspgcc/bin/../lib/gcc/msp430/4.5.3/mcpu-430x/mmpy-16\libcrt0.a(_unexpected_.o)

.debug_line     0x00000000     0x489b
 *(.debug_line)
 .debug_line    0x00000000       0xe7 blink.co
 .debug_line    0x000000e7      0x265 obj_smartRF/contiki-smartRF-main.o
 .debug_line    0x0000034c      0x106 contiki-smartRF.a(rimeaddr.o)
 .debug_line    0x00000452      0x1b2 contiki-smartRF.a(rime.o)
 .debug_line    0x00000604       0x65 contiki-smartRF.a(rimestats.o)
 .debug_line    0x00000669      0x1a9 contiki-smartRF.a(announcement.o)
 .debug_line    0x00000812      0x28a contiki-smartRF.a(broadcast-annou)
 .debug_line    0x00000a9c      0x154 contiki-smartRF.a(broadcast.o)
 .debug_line    0x00000bf0      0x133 contiki-smartRF.a(abc.o)
 .debug_line    0x00000d23      0x145 contiki-smartRF.a(chameleon.o)
 .debug_line    0x00000e68      0x152 contiki-smartRF.a(channel.o)
 .debug_line    0x00000fba      0x26b contiki-smartRF.a(chameleon-bitop)
 .debug_line    0x00001225      0x2a7 contiki-smartRF.a(csma.o)
 .debug_line    0x000014cc      0x469 contiki-smartRF.a(contikimac.o)
 .debug_line    0x00001935      0x26a contiki-smartRF.a(phase.o)
 .debug_line    0x00001b9f      0x1d3 contiki-smartRF.a(process.o)
 .debug_line    0x00001d72       0xa3 contiki-smartRF.a(autostart.o)
 .debug_line    0x00001e15      0x16a contiki-smartRF.a(compower.o)
 .debug_line    0x00001f7f      0x161 contiki-smartRF.a(serial-line.o)
 .debug_line    0x000020e0       0xc5 contiki-smartRF.a(memb.o)
 .debug_line    0x000021a5       0xd3 contiki-smartRF.a(timer.o)
 .debug_line    0x00002278      0x15e contiki-smartRF.a(list.o)
 .debug_line    0x000023d6      0x20d contiki-smartRF.a(etimer.o)
 .debug_line    0x000025e3      0x1a2 contiki-smartRF.a(ctimer.o)
 .debug_line    0x00002785       0x76 contiki-smartRF.a(energest.o)
 .debug_line    0x000027fb       0x8d contiki-smartRF.a(rtimer.o)
 .debug_line    0x00002888       0x56 contiki-smartRF.a(random.o)
 .debug_line    0x000028de      0x103 contiki-smartRF.a(ringbuf.o)
 .debug_line    0x000029e1      0x276 contiki-smartRF.a(packetbuf.o)
 .debug_line    0x00002c57      0x1a2 contiki-smartRF.a(queuebuf.o)
 .debug_line    0x00002df9       0xb6 contiki-smartRF.a(contiki-smartRF)
 .debug_line    0x00002eaf      0x1d6 contiki-smartRF.a(msp430.o)
 .debug_line    0x00003085      0x127 contiki-smartRF.a(leds.o)
 .debug_line    0x000031ac       0xfa contiki-smartRF.a(watchdog.o)
 .debug_line    0x000032a6       0x84 contiki-smartRF.a(xmem.o)
 .debug_line    0x0000332a       0x7e contiki-smartRF.a(node-id.o)
 .debug_line    0x000033a8      0x13e contiki-smartRF.a(sensors.o)
 .debug_line    0x000034e6      0x387 contiki-smartRF.a(cc2420.o)
 .debug_line    0x0000386d      0x16f contiki-smartRF.a(uart1-arch.o)
 .debug_line    0x000039dc      0x230 contiki-smartRF.a(clock.o)
 .debug_line    0x00003c0c       0xee contiki-smartRF.a(leds-arch.o)
 .debug_line    0x00003cfa      0x104 contiki-smartRF.a(rtimer-arch.o)
 .debug_line    0x00003dfe       0x69 contiki-smartRF.a(mac.o)
 .debug_line    0x00003e67      0x18a contiki-smartRF.a(framer-802154.o)
 .debug_line    0x00003ff1      0x1d9 contiki-smartRF.a(frame802154.o)
 .debug_line    0x000041ca       0x7e c:/mspgcc/bin/../lib/gcc/msp430/4.5.3/mcpu-430x/mmpy-16\libgcc.a(_mulsi3.o)
 .debug_line    0x00004248       0x82 c:/mspgcc/bin/../lib/gcc/msp430/4.5.3/mcpu-430x/mmpy-16\libgcc.a(_udivmodsi4.o)
 .debug_line    0x000042ca       0x83 c:/mspgcc/bin/../lib/gcc/msp430/4.5.3/../../../../msp430/lib/mcpu-430x/mmpy-16\libc.a(strncmp.o)
 .debug_line    0x0000434d       0x7f c:/mspgcc/bin/../lib/gcc/msp430/4.5.3/../../../../msp430/lib/mcpu-430x/mmpy-16\libc.a(printf.o)
 .debug_line    0x000043cc      0x205 c:/mspgcc/bin/../lib/gcc/msp430/4.5.3/../../../../msp430/lib/mcpu-430x/mmpy-16\libc.a(vuprintf.o)
 .debug_line    0x000045d1       0x4d c:/mspgcc/bin/../lib/gcc/msp430/4.5.3/../../../../msp430/lib/mcpu-430x/mmpy-16\libc.a(puts.o)
 .debug_line    0x0000461e       0x52 c:/mspgcc/bin/../lib/gcc/msp430/4.5.3/../../../../msp430/lib/mcpu-430x/mmpy-16\libc.a(rand.o)
 .debug_line    0x00004670       0x5a c:/mspgcc/bin/../lib/gcc/msp430/4.5.3/mcpu-430x/mmpy-16\libcrt0.a(__init_stack.o)
 .debug_line    0x000046ca       0x5c c:/mspgcc/bin/../lib/gcc/msp430/4.5.3/mcpu-430x/mmpy-16\libcrt0.a(__low_level_init.o)
 .debug_line    0x00004726       0x60 c:/mspgcc/bin/../lib/gcc/msp430/4.5.3/mcpu-430x/mmpy-16\libcrt0.a(_copy_data.o)
 .debug_line    0x00004786       0x60 c:/mspgcc/bin/../lib/gcc/msp430/4.5.3/mcpu-430x/mmpy-16\libcrt0.a(_clear_bss.o)
 .debug_line    0x000047e6       0x5b c:/mspgcc/bin/../lib/gcc/msp430/4.5.3/mcpu-430x/mmpy-16\libcrt0.a(_endless_loop__.o)
 .debug_line    0x00004841       0x5a c:/mspgcc/bin/../lib/gcc/msp430/4.5.3/mcpu-430x/mmpy-16\libcrt0.a(_unexpected_.o)

.debug_frame    0x00000000     0x18dc
 *(.debug_frame)
 .debug_frame   0x00000000       0x24 blink.co
 .debug_frame   0x00000024       0xe4 obj_smartRF/contiki-smartRF-main.o
 .debug_frame   0x00000108       0x36 contiki-smartRF.a(rimeaddr.o)
 .debug_frame   0x0000013e       0x8a contiki-smartRF.a(rime.o)
 .debug_frame   0x000001c8       0xe8 contiki-smartRF.a(announcement.o)
 .debug_frame   0x000002b0       0xf4 contiki-smartRF.a(broadcast-annou)
 .debug_frame   0x000003a4       0x6c contiki-smartRF.a(broadcast.o)
 .debug_frame   0x00000410       0x5e contiki-smartRF.a(abc.o)
 .debug_frame   0x0000046e       0x48 contiki-smartRF.a(chameleon.o)
 .debug_frame   0x000004b6       0x5e contiki-smartRF.a(channel.o)
 .debug_frame   0x00000514       0xea contiki-smartRF.a(chameleon-bitop)
 .debug_frame   0x000005fe       0xf2 contiki-smartRF.a(csma.o)
 .debug_frame   0x000006f0      0x134 contiki-smartRF.a(contikimac.o)
 .debug_frame   0x00000824       0xc0 contiki-smartRF.a(phase.o)
 .debug_frame   0x000008e4       0xe8 contiki-smartRF.a(process.o)
 .debug_frame   0x000009cc       0x36 contiki-smartRF.a(autostart.o)
 .debug_frame   0x00000a02       0x5e contiki-smartRF.a(compower.o)
 .debug_frame   0x00000a60       0x40 contiki-smartRF.a(serial-line.o)
 .debug_frame   0x00000aa0       0x60 contiki-smartRF.a(memb.o)
 .debug_frame   0x00000b00       0x6a contiki-smartRF.a(timer.o)
 .debug_frame   0x00000b6a       0xb6 contiki-smartRF.a(list.o)
 .debug_frame   0x00000c20       0xf8 contiki-smartRF.a(etimer.o)
 .debug_frame   0x00000d18       0xaa contiki-smartRF.a(ctimer.o)
 .debug_frame   0x00000dc2       0x42 contiki-smartRF.a(energest.o)
 .debug_frame   0x00000e04       0x36 contiki-smartRF.a(rtimer.o)
 .debug_frame   0x00000e3a       0x2a contiki-smartRF.a(random.o)
 .debug_frame   0x00000e64       0x62 contiki-smartRF.a(ringbuf.o)
 .debug_frame   0x00000ec6      0x14e contiki-smartRF.a(packetbuf.o)
 .debug_frame   0x00001014       0xb2 contiki-smartRF.a(queuebuf.o)
 .debug_frame   0x000010c6       0x1e contiki-smartRF.a(contiki-smartRF)
 .debug_frame   0x000010e4       0xa4 contiki-smartRF.a(msp430.o)
 .debug_frame   0x00001188       0xa8 contiki-smartRF.a(leds.o)
 .debug_frame   0x00001230       0x5a contiki-smartRF.a(watchdog.o)
 .debug_frame   0x0000128a       0x42 contiki-smartRF.a(xmem.o)
 .debug_frame   0x000012cc       0x32 contiki-smartRF.a(node-id.o)
 .debug_frame   0x000012fe       0x84 contiki-smartRF.a(sensors.o)
 .debug_frame   0x00001382      0x124 contiki-smartRF.a(cc2420.o)
 .debug_frame   0x000014a6       0x66 contiki-smartRF.a(uart1-arch.o)
 .debug_frame   0x0000150c       0xf2 contiki-smartRF.a(clock.o)
 .debug_frame   0x000015fe       0x36 contiki-smartRF.a(leds-arch.o)
 .debug_frame   0x00001634       0x56 contiki-smartRF.a(rtimer-arch.o)
 .debug_frame   0x0000168a       0x24 contiki-smartRF.a(mac.o)
 .debug_frame   0x000016ae       0x40 contiki-smartRF.a(framer-802154.o)
 .debug_frame   0x000016ee       0x94 contiki-smartRF.a(frame802154.o)
 .debug_frame   0x00001782       0x24 c:/mspgcc/bin/../lib/gcc/msp430/4.5.3/../../../../msp430/lib/mcpu-430x/mmpy-16\libc.a(strncmp.o)
 .debug_frame   0x000017a6       0x2a c:/mspgcc/bin/../lib/gcc/msp430/4.5.3/../../../../msp430/lib/mcpu-430x/mmpy-16\libc.a(printf.o)
 .debug_frame   0x000017d0       0x98 c:/mspgcc/bin/../lib/gcc/msp430/4.5.3/../../../../msp430/lib/mcpu-430x/mmpy-16\libc.a(vuprintf.o)
 .debug_frame   0x00001868       0x24 c:/mspgcc/bin/../lib/gcc/msp430/4.5.3/../../../../msp430/lib/mcpu-430x/mmpy-16\libc.a(puts.o)
 .debug_frame   0x0000188c       0x50 c:/mspgcc/bin/../lib/gcc/msp430/4.5.3/../../../../msp430/lib/mcpu-430x/mmpy-16\libc.a(rand.o)

.debug_str      0x00000000     0x32a6
 *(.debug_str)
 .debug_str     0x00000000      0x14d blink.co
                                0x1cb (size before relaxing)
 .debug_str     0x0000014d      0x2c4 obj_smartRF/contiki-smartRF-main.o
                                0x44f (size before relaxing)
 .debug_str     0x00000411       0x75 contiki-smartRF.a(rimeaddr.o)
                                0x16a (size before relaxing)
 .debug_str     0x00000486      0x19e contiki-smartRF.a(rime.o)
                                0x38c (size before relaxing)
 .debug_str     0x00000624       0x20 contiki-smartRF.a(rimestats.o)
                                0x115 (size before relaxing)
 .debug_str     0x00000644      0x19f contiki-smartRF.a(announcement.o)
                                0x2f0 (size before relaxing)
 .debug_str     0x000007e3      0x1cd contiki-smartRF.a(broadcast-annou)
                                0x443 (size before relaxing)
 .debug_str     0x000009b0      0x347 contiki-smartRF.a(broadcast.o)
                                0x547 (size before relaxing)
 .debug_str     0x00000cf7       0x49 contiki-smartRF.a(abc.o)
                                0x4d8 (size before relaxing)
 .debug_str     0x00000d40       0x97 contiki-smartRF.a(chameleon.o)
                                0x4ef (size before relaxing)
 .debug_str     0x00000dd7       0x8b contiki-smartRF.a(channel.o)
                                0x211 (size before relaxing)
 .debug_str     0x00000e62       0xc4 contiki-smartRF.a(chameleon-bitop)
                                0x586 (size before relaxing)
 .debug_str     0x00000f26      0x164 contiki-smartRF.a(csma.o)
                                0x75c (size before relaxing)
 .debug_str     0x0000108a      0x406 contiki-smartRF.a(contikimac.o)
                                0xa32 (size before relaxing)
 .debug_str     0x00001490       0xfc contiki-smartRF.a(phase.o)
                                0x421 (size before relaxing)
 .debug_str     0x0000158c      0x16f contiki-smartRF.a(process.o)
                                0x2a8 (size before relaxing)
 .debug_str     0x000016fb       0x3a contiki-smartRF.a(autostart.o)
                                0x160 (size before relaxing)
 .debug_str     0x00001735       0x91 contiki-smartRF.a(compower.o)
                                0x61d (size before relaxing)
 .debug_str     0x000017c6       0xb4 contiki-smartRF.a(serial-line.o)
                                0x21f (size before relaxing)
 .debug_str     0x0000187a       0x46 contiki-smartRF.a(memb.o)
                                0x125 (size before relaxing)
 .debug_str     0x000018c0       0x27 contiki-smartRF.a(timer.o)
                                0x14f (size before relaxing)
 .debug_str     0x000018e7       0xa8 contiki-smartRF.a(list.o)
                                0x113 (size before relaxing)
 .debug_str     0x0000198f      0x133 contiki-smartRF.a(etimer.o)
                                0x2b5 (size before relaxing)
 .debug_str     0x00001ac2       0xb9 contiki-smartRF.a(ctimer.o)
                                0x249 (size before relaxing)
 .debug_str     0x00001b7b       0x5c contiki-smartRF.a(energest.o)
                                0x130 (size before relaxing)
 .debug_str     0x00001bd7       0x54 contiki-smartRF.a(rtimer.o)
                                0x1a2 (size before relaxing)
 .debug_str     0x00001c2b       0x35 contiki-smartRF.a(random.o)
                                0x104 (size before relaxing)
 .debug_str     0x00001c60       0x5c contiki-smartRF.a(ringbuf.o)
                                0x162 (size before relaxing)
 .debug_str     0x00001cbc      0x1df contiki-smartRF.a(packetbuf.o)
                                0x626 (size before relaxing)
 .debug_str     0x00001e9b      0x123 contiki-smartRF.a(queuebuf.o)
                                0x58d (size before relaxing)
 .debug_str     0x00001fbe       0x69 contiki-smartRF.a(contiki-smartRF)
                                0x1af (size before relaxing)
 .debug_str     0x00002027      0x167 contiki-smartRF.a(msp430.o)
                                0x2b6 (size before relaxing)
 .debug_str     0x0000218e       0x98 contiki-smartRF.a(leds.o)
                                0x17b (size before relaxing)
 .debug_str     0x00002226       0x97 contiki-smartRF.a(watchdog.o)
                                0x17a (size before relaxing)
 .debug_str     0x000022bd       0x64 contiki-smartRF.a(xmem.o)
                                0x13d (size before relaxing)
 .debug_str     0x00002321       0x40 contiki-smartRF.a(node-id.o)
                                0x117 (size before relaxing)
 .debug_str     0x00002361       0x9b contiki-smartRF.a(sensors.o)
                                0x234 (size before relaxing)
 .debug_str     0x000023fc      0x6d4 contiki-smartRF.a(cc2420.o)
                                0xd1c (size before relaxing)
 .debug_str     0x00002ad0      0x121 contiki-smartRF.a(uart1-arch.o)
                                0x24c (size before relaxing)
 .debug_str     0x00002bf1       0xff contiki-smartRF.a(clock.o)
                                0x245 (size before relaxing)
 .debug_str     0x00002cf0       0x5c contiki-smartRF.a(leds-arch.o)
                                0x13c (size before relaxing)
 .debug_str     0x00002d4c       0x74 contiki-smartRF.a(rtimer-arch.o)
                                0x168 (size before relaxing)
 .debug_str     0x00002dc0       0x30 contiki-smartRF.a(mac.o)
                                0x175 (size before relaxing)
 .debug_str     0x00002df0      0x193 contiki-smartRF.a(framer-802154.o)
                                0x63a (size before relaxing)
 .debug_str     0x00002f83       0xca contiki-smartRF.a(frame802154.o)
                                0x323 (size before relaxing)
 .debug_str     0x0000304d       0x41 c:/mspgcc/bin/../lib/gcc/msp430/4.5.3/../../../../msp430/lib/mcpu-430x/mmpy-16\libc.a(strncmp.o)
                                 0xd3 (size before relaxing)
 .debug_str     0x0000308e       0x40 c:/mspgcc/bin/../lib/gcc/msp430/4.5.3/../../../../msp430/lib/mcpu-430x/mmpy-16\libc.a(printf.o)
                                0x100 (size before relaxing)
 .debug_str     0x000030ce      0x19e c:/mspgcc/bin/../lib/gcc/msp430/4.5.3/../../../../msp430/lib/mcpu-430x/mmpy-16\libc.a(vuprintf.o)
                                0x2cd (size before relaxing)
 .debug_str     0x0000326c       0x15 c:/mspgcc/bin/../lib/gcc/msp430/4.5.3/../../../../msp430/lib/mcpu-430x/mmpy-16\libc.a(puts.o)
                                 0xc6 (size before relaxing)
 .debug_str     0x00003281       0x25 c:/mspgcc/bin/../lib/gcc/msp430/4.5.3/../../../../msp430/lib/mcpu-430x/mmpy-16\libc.a(rand.o)
                                 0xe5 (size before relaxing)

.debug_loc      0x00000000     0x3937
 *(.debug_loc)
 .debug_loc     0x00000000       0x9a blink.co
 .debug_loc     0x0000009a      0x1e3 obj_smartRF/contiki-smartRF-main.o
 .debug_loc     0x0000027d       0x66 contiki-smartRF.a(rimeaddr.o)
 .debug_loc     0x000002e3      0x142 contiki-smartRF.a(rime.o)
 .debug_loc     0x00000425      0x1ae contiki-smartRF.a(announcement.o)
 .debug_loc     0x000005d3      0x1cc contiki-smartRF.a(broadcast-annou)
 .debug_loc     0x0000079f       0xf0 contiki-smartRF.a(broadcast.o)
 .debug_loc     0x0000088f       0xb2 contiki-smartRF.a(abc.o)
 .debug_loc     0x00000941       0x7a contiki-smartRF.a(chameleon.o)
 .debug_loc     0x000009bb       0xc2 contiki-smartRF.a(channel.o)
 .debug_loc     0x00000a7d      0x431 contiki-smartRF.a(chameleon-bitop)
 .debug_loc     0x00000eae      0x23f contiki-smartRF.a(csma.o)
 .debug_loc     0x000010ed      0x4e0 contiki-smartRF.a(contikimac.o)
 .debug_loc     0x000015cd      0x2d5 contiki-smartRF.a(phase.o)
 .debug_loc     0x000018a2      0x224 contiki-smartRF.a(process.o)
 .debug_loc     0x00001ac6       0x56 contiki-smartRF.a(autostart.o)
 .debug_loc     0x00001b1c       0x58 contiki-smartRF.a(compower.o)
 .debug_loc     0x00001b74       0xbf contiki-smartRF.a(serial-line.o)
 .debug_loc     0x00001c33      0x12f contiki-smartRF.a(memb.o)
 .debug_loc     0x00001d62       0xb9 contiki-smartRF.a(timer.o)
 .debug_loc     0x00001e1b      0x1c3 contiki-smartRF.a(list.o)
 .debug_loc     0x00001fde      0x285 contiki-smartRF.a(etimer.o)
 .debug_loc     0x00002263      0x21a contiki-smartRF.a(ctimer.o)
 .debug_loc     0x0000247d       0x5b contiki-smartRF.a(rtimer.o)
 .debug_loc     0x000024d8        0xb contiki-smartRF.a(random.o)
 .debug_loc     0x000024e3       0xab contiki-smartRF.a(ringbuf.o)